Archive member included to satisfy reference by file (symbol)

c:/st/stm32cubeide_1.5.1/stm32cubeide/plugins/com.st.stm32cube.ide.mcu.externaltools.gnu-tools-for-stm32.7-2018-q2-update.win32_1.5.0.202011040924/tools/bin/../lib/gcc/arm-none-eabi/7.3.1/../../../../arm-none-eabi/lib/thumb/v6-m\libc_nano.a(lib_a-exit.o)
                              c:/st/stm32cubeide_1.5.1/stm32cubeide/plugins/com.st.stm32cube.ide.mcu.externaltools.gnu-tools-for-stm32.7-2018-q2-update.win32_1.5.0.202011040924/tools/bin/../lib/gcc/arm-none-eabi/7.3.1/../../../../arm-none-eabi/lib/thumb/v6-m/crt0.o (exit)
c:/st/stm32cubeide_1.5.1/stm32cubeide/plugins/com.st.stm32cube.ide.mcu.externaltools.gnu-tools-for-stm32.7-2018-q2-update.win32_1.5.0.202011040924/tools/bin/../lib/gcc/arm-none-eabi/7.3.1/../../../../arm-none-eabi/lib/thumb/v6-m\libc_nano.a(lib_a-impure.o)
                              c:/st/stm32cubeide_1.5.1/stm32cubeide/plugins/com.st.stm32cube.ide.mcu.externaltools.gnu-tools-for-stm32.7-2018-q2-update.win32_1.5.0.202011040924/tools/bin/../lib/gcc/arm-none-eabi/7.3.1/../../../../arm-none-eabi/lib/thumb/v6-m\libc_nano.a(lib_a-exit.o) (_global_impure_ptr)
c:/st/stm32cubeide_1.5.1/stm32cubeide/plugins/com.st.stm32cube.ide.mcu.externaltools.gnu-tools-for-stm32.7-2018-q2-update.win32_1.5.0.202011040924/tools/bin/../lib/gcc/arm-none-eabi/7.3.1/../../../../arm-none-eabi/lib/thumb/v6-m\libc_nano.a(lib_a-init.o)
                              c:/st/stm32cubeide_1.5.1/stm32cubeide/plugins/com.st.stm32cube.ide.mcu.externaltools.gnu-tools-for-stm32.7-2018-q2-update.win32_1.5.0.202011040924/tools/bin/../lib/gcc/arm-none-eabi/7.3.1/../../../../arm-none-eabi/lib/thumb/v6-m/crt0.o (__libc_init_array)
c:/st/stm32cubeide_1.5.1/stm32cubeide/plugins/com.st.stm32cube.ide.mcu.externaltools.gnu-tools-for-stm32.7-2018-q2-update.win32_1.5.0.202011040924/tools/bin/../lib/gcc/arm-none-eabi/7.3.1/../../../../arm-none-eabi/lib/thumb/v6-m\libc_nano.a(lib_a-memcpy-stub.o)
                              src/default.o (memcpy)
c:/st/stm32cubeide_1.5.1/stm32cubeide/plugins/com.st.stm32cube.ide.mcu.externaltools.gnu-tools-for-stm32.7-2018-q2-update.win32_1.5.0.202011040924/tools/bin/../lib/gcc/arm-none-eabi/7.3.1/../../../../arm-none-eabi/lib/thumb/v6-m\libc_nano.a(lib_a-memmove.o)
                              src/default.o (memmove)
c:/st/stm32cubeide_1.5.1/stm32cubeide/plugins/com.st.stm32cube.ide.mcu.externaltools.gnu-tools-for-stm32.7-2018-q2-update.win32_1.5.0.202011040924/tools/bin/../lib/gcc/arm-none-eabi/7.3.1/../../../../arm-none-eabi/lib/thumb/v6-m\libc_nano.a(lib_a-memset.o)
                              c:/st/stm32cubeide_1.5.1/stm32cubeide/plugins/com.st.stm32cube.ide.mcu.externaltools.gnu-tools-for-stm32.7-2018-q2-update.win32_1.5.0.202011040924/tools/bin/../lib/gcc/arm-none-eabi/7.3.1/../../../../arm-none-eabi/lib/thumb/v6-m/crt0.o (memset)
c:/st/stm32cubeide_1.5.1/stm32cubeide/plugins/com.st.stm32cube.ide.mcu.externaltools.gnu-tools-for-stm32.7-2018-q2-update.win32_1.5.0.202011040924/tools/bin/../lib/gcc/arm-none-eabi/7.3.1/thumb/v6-m\libgcc.a(_udivsi3.o)
                              src/dig.o (__aeabi_uidiv)
c:/st/stm32cubeide_1.5.1/stm32cubeide/plugins/com.st.stm32cube.ide.mcu.externaltools.gnu-tools-for-stm32.7-2018-q2-update.win32_1.5.0.202011040924/tools/bin/../lib/gcc/arm-none-eabi/7.3.1/thumb/v6-m\libgcc.a(_divsi3.o)
                              src/analog.o (__aeabi_idiv)
c:/st/stm32cubeide_1.5.1/stm32cubeide/plugins/com.st.stm32cube.ide.mcu.externaltools.gnu-tools-for-stm32.7-2018-q2-update.win32_1.5.0.202011040924/tools/bin/../lib/gcc/arm-none-eabi/7.3.1/thumb/v6-m\libgcc.a(_dvmd_tls.o)
                              c:/st/stm32cubeide_1.5.1/stm32cubeide/plugins/com.st.stm32cube.ide.mcu.externaltools.gnu-tools-for-stm32.7-2018-q2-update.win32_1.5.0.202011040924/tools/bin/../lib/gcc/arm-none-eabi/7.3.1/thumb/v6-m\libgcc.a(_udivsi3.o) (__aeabi_idiv0)
c:/st/stm32cubeide_1.5.1/stm32cubeide/plugins/com.st.stm32cube.ide.mcu.externaltools.gnu-tools-for-stm32.7-2018-q2-update.win32_1.5.0.202011040924/tools/bin/../lib/gcc/arm-none-eabi/7.3.1/thumb/v6-m\libgcc.a(_aeabi_ldivmod.o)
                              src/indexes.o (__aeabi_ldivmod)
c:/st/stm32cubeide_1.5.1/stm32cubeide/plugins/com.st.stm32cube.ide.mcu.externaltools.gnu-tools-for-stm32.7-2018-q2-update.win32_1.5.0.202011040924/tools/bin/../lib/gcc/arm-none-eabi/7.3.1/thumb/v6-m\libgcc.a(_muldi3.o)
                              src/analog.o (__aeabi_lmul)
c:/st/stm32cubeide_1.5.1/stm32cubeide/plugins/com.st.stm32cube.ide.mcu.externaltools.gnu-tools-for-stm32.7-2018-q2-update.win32_1.5.0.202011040924/tools/bin/../lib/gcc/arm-none-eabi/7.3.1/thumb/v6-m\libgcc.a(bpabi.o)
                              c:/st/stm32cubeide_1.5.1/stm32cubeide/plugins/com.st.stm32cube.ide.mcu.externaltools.gnu-tools-for-stm32.7-2018-q2-update.win32_1.5.0.202011040924/tools/bin/../lib/gcc/arm-none-eabi/7.3.1/thumb/v6-m\libgcc.a(_aeabi_ldivmod.o) (__gnu_ldivmod_helper)
[...]
Memory Configuration

Name             Origin             Length             Attributes
RAM              0x0000000020000000 0x0000000000004000 xrw
ROM              0x0000000008000000 0x000000000001b800 xr
REFLASH_ROM      0x000000000801b800 0x0000000000000800 xr
*default*        0x0000000000000000 0xffffffffffffffff

Linker script and memory map

LOAD c:/st/stm32cubeide_1.5.1/stm32cubeide/plugins/com.st.stm32cube.ide.mcu.externaltools.gnu-tools-for-stm32.7-2018-q2-update.win32_1.5.0.202011040924/tools/bin/../lib/gcc/arm-none-eabi/7.3.1/thumb/v6-m/crti.o
LOAD c:/st/stm32cubeide_1.5.1/stm32cubeide/plugins/com.st.stm32cube.ide.mcu.externaltools.gnu-tools-for-stm32.7-2018-q2-update.win32_1.5.0.202011040924/tools/bin/../lib/gcc/arm-none-eabi/7.3.1/thumb/v6-m/crtbegin.o
LOAD c:/st/stm32cubeide_1.5.1/stm32cubeide/plugins/com.st.stm32cube.ide.mcu.externaltools.gnu-tools-for-stm32.7-2018-q2-update.win32_1.5.0.202011040924/tools/bin/../lib/gcc/arm-none-eabi/7.3.1/../../../../arm-none-eabi/lib/thumb/v6-m/crt0.o
LOAD src/accel.o
LOAD src/adc.o
LOAD src/analog.o
LOAD src/can.o
LOAD src/crc16.o
LOAD src/crc8.o
LOAD src/default.o
LOAD src/dig.o
LOAD src/dma.o
LOAD src/error_handler.o
LOAD src/errorcondition.o
LOAD src/execution.o
LOAD src/freqin.o
LOAD src/freqout.o
LOAD src/fuzzy.o
LOAD src/global.o
LOAD src/gpio.o
LOAD src/hardware.o
LOAD src/i2c.o
LOAD src/indexes.o
LOAD src/initsystem.o
LOAD src/interrupts.o
LOAD src/logevent.o
LOAD src/main.o
LOAD src/math64.o
LOAD src/mcp3421.o
LOAD src/pwm.o
LOAD src/reflash.o
LOAD src/reflash_page.o
LOAD src/serial.o
LOAD src/testinput.o
LOAD src/throttle.o
LOAD src/ticks.o
LOAD src/timer.o
LOAD src/usart.o
LOAD src/verify.o
LOAD src/watchdog.o
LOAD startup/startup_stm32.o
START GROUP
LOAD c:/st/stm32cubeide_1.5.1/stm32cubeide/plugins/com.st.stm32cube.ide.mcu.externaltools.gnu-tools-for-stm32.7-2018-q2-update.win32_1.5.0.202011040924/tools/bin/../lib/gcc/arm-none-eabi/7.3.1/../../../../arm-none-eabi/lib/thumb/v6-m\libc_nano.a
LOAD c:/st/stm32cubeide_1.5.1/stm32cubeide/plugins/com.st.stm32cube.ide.mcu.externaltools.gnu-tools-for-stm32.7-2018-q2-update.win32_1.5.0.202011040924/tools/bin/../lib/gcc/arm-none-eabi/7.3.1/../../../../arm-none-eabi/lib/thumb/v6-m\libm.a
END GROUP
START GROUP
LOAD c:/st/stm32cubeide_1.5.1/stm32cubeide/plugins/com.st.stm32cube.ide.mcu.externaltools.gnu-tools-for-stm32.7-2018-q2-update.win32_1.5.0.202011040924/tools/bin/../lib/gcc/arm-none-eabi/7.3.1/thumb/v6-m\libgcc.a
LOAD c:/st/stm32cubeide_1.5.1/stm32cubeide/plugins/com.st.stm32cube.ide.mcu.externaltools.gnu-tools-for-stm32.7-2018-q2-update.win32_1.5.0.202011040924/tools/bin/../lib/gcc/arm-none-eabi/7.3.1/../../../../arm-none-eabi/lib/thumb/v6-m\libc_nano.a
END GROUP
START GROUP
LOAD c:/st/stm32cubeide_1.5.1/stm32cubeide/plugins/com.st.stm32cube.ide.mcu.externaltools.gnu-tools-for-stm32.7-2018-q2-update.win32_1.5.0.202011040924/tools/bin/../lib/gcc/arm-none-eabi/7.3.1/thumb/v6-m\libgcc.a
LOAD c:/st/stm32cubeide_1.5.1/stm32cubeide/plugins/com.st.stm32cube.ide.mcu.externaltools.gnu-tools-for-stm32.7-2018-q2-update.win32_1.5.0.202011040924/tools/bin/../lib/gcc/arm-none-eabi/7.3.1/../../../../arm-none-eabi/lib/thumb/v6-m\libc_nano.a
LOAD c:/st/stm32cubeide_1.5.1/stm32cubeide/plugins/com.st.stm32cube.ide.mcu.externaltools.gnu-tools-for-stm32.7-2018-q2-update.win32_1.5.0.202011040924/tools/bin/../lib/gcc/arm-none-eabi/7.3.1/../../../../arm-none-eabi/lib/thumb/v6-m\libnosys.a
END GROUP
START GROUP
LOAD c:/st/stm32cubeide_1.5.1/stm32cubeide/plugins/com.st.stm32cube.ide.mcu.externaltools.gnu-tools-for-stm32.7-2018-q2-update.win32_1.5.0.202011040924/tools/bin/../lib/gcc/arm-none-eabi/7.3.1/thumb/v6-m\libgcc.a
LOAD c:/st/stm32cubeide_1.5.1/stm32cubeide/plugins/com.st.stm32cube.ide.mcu.externaltools.gnu-tools-for-stm32.7-2018-q2-update.win32_1.5.0.202011040924/tools/bin/../lib/gcc/arm-none-eabi/7.3.1/../../../../arm-none-eabi/lib/thumb/v6-m\libc_nano.a
LOAD c:/st/stm32cubeide_1.5.1/stm32cubeide/plugins/com.st.stm32cube.ide.mcu.externaltools.gnu-tools-for-stm32.7-2018-q2-update.win32_1.5.0.202011040924/tools/bin/../lib/gcc/arm-none-eabi/7.3.1/../../../../arm-none-eabi/lib/thumb/v6-m\libnosys.a
END GROUP
LOAD c:/st/stm32cubeide_1.5.1/stm32cubeide/plugins/com.st.stm32cube.ide.mcu.externaltools.gnu-tools-for-stm32.7-2018-q2-update.win32_1.5.0.202011040924/tools/bin/../lib/gcc/arm-none-eabi/7.3.1/thumb/v6-m/crtend.o
LOAD c:/st/stm32cubeide_1.5.1/stm32cubeide/plugins/com.st.stm32cube.ide.mcu.externaltools.gnu-tools-for-stm32.7-2018-q2-update.win32_1.5.0.202011040924/tools/bin/../lib/gcc/arm-none-eabi/7.3.1/thumb/v6-m/crtn.o
                0x0000000020004000                _estack = 0x20004000
                0x0000000000000000                _Min_Heap_Size = 0x0
                0x0000000000000400                _Min_Stack_Size = 0x400

.isr_vector     0x0000000008000000      0x188
                0x0000000008000000                . = ALIGN (0x4)
 *(.isr_vector)
 .isr_vector    0x0000000008000000      0x188 startup/startup_stm32.o
                0x0000000008000000                g_pfnVectors
                0x0000000008000188                . = ALIGN (0x4)

.text           0x0000000008000188     0xc5d4
                0x0000000008000188                . = ALIGN (0x4)
 *(.text)
 .text          0x0000000008000188       0x48 c:/st/stm32cubeide_1.5.1/stm32cubeide/plugins/com.st.stm32cube.ide.mcu.externaltools.gnu-tools-for-stm32.7-2018-q2-update.win32_1.5.0.202011040924/tools/bin/../lib/gcc/arm-none-eabi/7.3.1/thumb/v6-m/crtbegin.o
 .text          0x00000000080001d0      0x114 c:/st/stm32cubeide_1.5.1/stm32cubeide/plugins/com.st.stm32cube.ide.mcu.externaltools.gnu-tools-for-stm32.7-2018-q2-update.win32_1.5.0.202011040924/tools/bin/../lib/gcc/arm-none-eabi/7.3.1/thumb/v6-m\libgcc.a(_udivsi3.o)
                0x00000000080001d0                __aeabi_uidiv
                0x00000000080001d0                __udivsi3
                0x00000000080002dc                __aeabi_uidivmod
 .text          0x00000000080002e4      0x1d4 c:/st/stm32cubeide_1.5.1/stm32cubeide/plugins/com.st.stm32cube.ide.mcu.externaltools.gnu-tools-for-stm32.7-2018-q2-update.win32_1.5.0.202011040924/tools/bin/../lib/gcc/arm-none-eabi/7.3.1/thumb/v6-m\libgcc.a(_divsi3.o)
                0x00000000080002e4                __divsi3
                0x00000000080002e4                __aeabi_idiv
                0x00000000080004b0                __aeabi_idivmod
 .text          0x00000000080004b8        0x4 c:/st/stm32cubeide_1.5.1/stm32cubeide/plugins/com.st.stm32cube.ide.mcu.externaltools.gnu-tools-for-stm32.7-2018-q2-update.win32_1.5.0.202011040924/tools/bin/../lib/gcc/arm-none-eabi/7.3.1/thumb/v6-m\libgcc.a(_dvmd_tls.o)
                0x00000000080004b8                __aeabi_idiv0
                0x00000000080004b8                __aeabi_ldiv0
 .text          0x00000000080004bc       0x48 c:/st/stm32cubeide_1.5.1/stm32cubeide/plugins/com.st.stm32cube.ide.mcu.externaltools.gnu-tools-for-stm32.7-2018-q2-update.win32_1.5.0.202011040924/tools/bin/../lib/gcc/arm-none-eabi/7.3.1/thumb/v6-m\libgcc.a(_aeabi_ldivmod.o)
                0x00000000080004bc                __aeabi_ldivmod
 .text          0x0000000008000504       0x54 c:/st/stm32cubeide_1.5.1/stm32cubeide/plugins/com.st.stm32cube.ide.mcu.externaltools.gnu-tools-for-stm32.7-2018-q2-update.win32_1.5.0.202011040924/tools/bin/../lib/gcc/arm-none-eabi/7.3.1/thumb/v6-m\libgcc.a(_muldi3.o)
                0x0000000008000504                __muldi3
                0x0000000008000504                __aeabi_lmul
 .text          0x0000000008000558       0x38 c:/st/stm32cubeide_1.5.1/stm32cubeide/plugins/com.st.stm32cube.ide.mcu.externaltools.gnu-tools-for-stm32.7-2018-q2-update.win32_1.5.0.202011040924/tools/bin/../lib/gcc/arm-none-eabi/7.3.1/thumb/v6-m\libgcc.a(bpabi.o)
                0x0000000008000558                __gnu_ldivmod_helper
 .text          0x0000000008000590      0x1b0 c:/st/stm32cubeide_1.5.1/stm32cubeide/plugins/com.st.stm32cube.ide.mcu.externaltools.gnu-tools-for-stm32.7-2018-q2-update.win32_1.5.0.202011040924/tools/bin/../lib/gcc/arm-none-eabi/7.3.1/thumb/v6-m\libgcc.a(_divdi3.o)
                0x0000000008000590                __divdi3
 .text          0x0000000008000740       0x18 c:/st/stm32cubeide_1.5.1/stm32cubeide/plugins/com.st.stm32cube.ide.mcu.externaltools.gnu-tools-for-stm32.7-2018-q2-update.win32_1.5.0.202011040924/tools/bin/../lib/gcc/arm-none-eabi/7.3.1/thumb/v6-m\libgcc.a(_clzdi2.o)
                0x0000000008000740                __clzdi2
 .text          0x0000000008000758       0x3c c:/st/stm32cubeide_1.5.1/stm32cubeide/plugins/com.st.stm32cube.ide.mcu.externaltools.gnu-tools-for-stm32.7-2018-q2-update.win32_1.5.0.202011040924/tools/bin/../lib/gcc/arm-none-eabi/7.3.1/thumb/v6-m\libgcc.a(_clzsi2.o)
                0x0000000008000758                __clzsi2
 *(.text*)
 .text.InitializeAccel
                0x0000000008000794       0x40 src/accel.o
                0x0000000008000794                InitializeAccel
 .text.ProcessAccelerometer
                0x00000000080007d4      0x280 src/accel.o
                0x00000000080007d4                ProcessAccelerometer
 .text.Start_DMA
                0x0000000008000a54       0xf2 src/adc.o
 *fill*         0x0000000008000b46        0x2 
 .text.ProcessReadAdc
                0x0000000008000b48      0x160 src/adc.o
                0x0000000008000b48                ProcessReadAdc
 .text.DigitalFilter
                0x0000000008000ca8      0x108 src/analog.o
 .text.ProcessAdcFilter
                0x0000000008000db0      0x1f8 src/analog.o
                0x0000000008000db0                ProcessAdcFilter
 .text.ProcessAnalogReadings
                0x0000000008000fa8      0x40c src/analog.o
                0x0000000008000fa8                ProcessAnalogReadings
 .text.HAL_CAN_MspInit
                0x00000000080013b4       0x68 src/can.o
                0x00000000080013b4                HAL_CAN_MspInit
 .text.STM32_CAN_AddTxMessage
                0x000000000800141c      0x184 src/can.o
                0x000000000800141c                STM32_CAN_AddTxMessage
 .text.STM32_CAN_ConfigFilter
                0x00000000080015a0      0x1f4 src/can.o
                0x00000000080015a0                STM32_CAN_ConfigFilter
 .text.CAN_Filter_Init
                0x0000000008001794      0x120 src/can.o
                0x0000000008001794                CAN_Filter_Init
 .text.CAN_ID_to_PGN
                0x00000000080018b4       0x3c src/can.o
                0x00000000080018b4                CAN_ID_to_PGN
 .text.CAN_MessageTx
                0x00000000080018f0      0x138 src/can.o
                0x00000000080018f0                CAN_MessageTx
 .text.Can_TxMultipacket
                0x0000000008001a28      0x158 src/can.o
                0x0000000008001a28                Can_TxMultipacket
 .text.CAN_Tx   0x0000000008001b80      0x4a8 src/can.o
                0x0000000008001b80                CAN_Tx
 .text.VerifyCanRxTimes
                0x0000000008002028      0x108 src/can.o
                0x0000000008002028                VerifyCanRxTimes
 .text.VerifyCanRx
                0x0000000008002130      0x17c src/can.o
                0x0000000008002130                VerifyCanRx
 .text.CAN_Rx   0x00000000080022ac      0x270 src/can.o
                0x00000000080022ac                CAN_Rx
 .text.GetCanTxStatus
                0x000000000800251c       0x98 src/can.o
                0x000000000800251c                GetCanTxStatus
 .text.ProcessCan
                0x00000000080025b4      0x2a8 src/can.o
                0x00000000080025b4                ProcessCan
 .text.STM32_CAN_Init
                0x000000000800285c      0x186 src/can.o
                0x000000000800285c                STM32_CAN_Init
 *fill*         0x00000000080029e2        0x2 
 .text.MX_CAN_Init
                0x00000000080029e4       0xe0 src/can.o
                0x00000000080029e4                MX_CAN_Init
 .text.CalcCrc16
                0x0000000008002ac4       0x58 src/crc16.o
                0x0000000008002ac4                CalcCrc16
 .text.CalcCrc16Array
                0x0000000008002b1c       0x68 src/crc16.o
                0x0000000008002b1c                CalcCrc16Array
 .text.CalcCrc8
                0x0000000008002b84       0x6c src/crc8.o
                0x0000000008002b84                CalcCrc8
 .text.ProcessLogDefaultProfile
                0x0000000008002bf0      0x180 src/default.o
                0x0000000008002bf0                ProcessLogDefaultProfile
 .text.ProcessDefaultProfile
                0x0000000008002d70      0x7bc src/default.o
                0x0000000008002d70                ProcessDefaultProfile
 .text.DIG_Init
                0x000000000800352c      0x8ac src/dig.o
                0x000000000800352c                DIG_Init
 .text.DIG_SetFrequency
                0x0000000008003dd8      0x130 src/dig.o
                0x0000000008003dd8                DIG_SetFrequency
 .text.DIG_SetPin
                0x0000000008003f08       0x44 src/dig.o
                0x0000000008003f08                DIG_SetPin
 .text.DIG_ResetPin
                0x0000000008003f4c       0x44 src/dig.o
                0x0000000008003f4c                DIG_ResetPin
 .text.DIG_ReadPin
                0x0000000008003f90       0x44 src/dig.o
                0x0000000008003f90                DIG_ReadPin
 .text.GetDigIo
                0x0000000008003fd4       0xb8 src/dig.o
                0x0000000008003fd4                GetDigIo
 .text.InitializeDigitalIO
                0x000000000800408c      0x224 src/dig.o
                0x000000000800408c                InitializeDigitalIO
 .text.STM32_DMA_Init
                0x00000000080042b0       0x88 src/dma.o
                0x00000000080042b0                STM32_DMA_Init
 .text.STM32_DMA_IRQHandler
                0x0000000008004338       0x9a src/dma.o
                0x0000000008004338                STM32_DMA_IRQHandler
 *fill*         0x00000000080043d2        0x2 
 .text.Error_Handler
                0x00000000080043d4       0x50 src/error_handler.o
                0x00000000080043d4                Error_Handler
 .text.ProcessErrorCondition
                0x0000000008004424      0x1c8 src/errorcondition.o
                0x0000000008004424                ProcessErrorCondition
 .text.InitializeExecutionTimers
                0x00000000080045ec       0x20 src/execution.o
                0x00000000080045ec                InitializeExecutionTimers
 .text.ExecutionStart
                0x000000000800460c       0x34 src/execution.o
                0x000000000800460c                ExecutionStart
 .text.ExecutionEnd
                0x0000000008004640       0xf0 src/execution.o
                0x0000000008004640                ExecutionEnd
 .text.ExecutionAverage
                0x0000000008004730      0x160 src/execution.o
                0x0000000008004730                ExecutionAverage
 .text.HAL_GPIO_EXTI_Callback
                0x0000000008004890      0x238 src/freqin.o
                0x0000000008004890                HAL_GPIO_EXTI_Callback
 .text.ProcessFrequencyOutputs
                0x0000000008004ac8       0xa4 src/freqout.o
                0x0000000008004ac8                ProcessFrequencyOutputs
 .text.ProcessMasterFrequencyOutput
                0x0000000008004b6c      0x15c src/freqout.o
                0x0000000008004b6c                ProcessMasterFrequencyOutput
 .text.Qual_1   0x0000000008004cc8       0x5c src/fuzzy.o
                0x0000000008004cc8                Qual_1
 .text.Min      0x0000000008004d24       0x20 src/fuzzy.o
                0x0000000008004d24                Min
 .text.Max      0x0000000008004d44       0x20 src/fuzzy.o
                0x0000000008004d44                Max
 .text.Fuzzy_Trimf
                0x0000000008004d64      0x104 src/fuzzy.o
                0x0000000008004d64                Fuzzy_Trimf
 .text.Fuzzy_Trapmf
                0x0000000008004e68       0xbc src/fuzzy.o
                0x0000000008004e68                Fuzzy_Trapmf
 .text.Fuzzy_Array_Operation
                0x0000000008004f24       0x90 src/fuzzy.o
                0x0000000008004f24                Fuzzy_Array_Operation
 .text.Fuzzy_MF_Out
                0x0000000008004fb4      0x204 src/fuzzy.o
                0x0000000008004fb4                Fuzzy_MF_Out
 .text.Fuzzy_Defuzz_Centroid
                0x00000000080051b8       0xe0 src/fuzzy.o
                0x00000000080051b8                Fuzzy_Defuzz_Centroid
 .text.Fuzzy_Evaluate
                0x0000000008005298      0x648 src/fuzzy.o
                0x0000000008005298                Fuzzy_Evaluate
 .text.STM32_GPIO_EXTI_IRQHandler
                0x00000000080058e0       0x2c src/gpio.o
                0x00000000080058e0                STM32_GPIO_EXTI_IRQHandler
 .text.STM32_GPIO_WritePin
                0x000000000800590c       0x2c src/gpio.o
                0x000000000800590c                STM32_GPIO_WritePin
 .text.STM32_GPIO_ReadPin
                0x0000000008005938       0x20 src/gpio.o
                0x0000000008005938                STM32_GPIO_ReadPin
 .text.CalcBitPosition
                0x0000000008005958       0x3e src/gpio.o
 *fill*         0x0000000008005996        0x2 
 .text.STM32_GPIO_Init
                0x0000000008005998      0x258 src/gpio.o
                0x0000000008005998                STM32_GPIO_Init
 .text.STM32_GPIO_DeInit
                0x0000000008005bf0      0x16c src/gpio.o
                0x0000000008005bf0                STM32_GPIO_DeInit
 .text.EnableInterrupts
                0x0000000008005d5c        0xc src/hardware.o
                0x0000000008005d5c                EnableInterrupts
 .text.DisableInterrupts
                0x0000000008005d68        0xc src/hardware.o
                0x0000000008005d68                DisableInterrupts
 .text.STM32_GetTick
                0x0000000008005d74       0x14 src/hardware.o
                0x0000000008005d74                STM32_GetTick
 .text.STM32_Delay
                0x0000000008005d88       0x30 src/hardware.o
                0x0000000008005d88                STM32_Delay
 .text.STM32_NVIC_SetPriority
                0x0000000008005db8       0xc4 src/hardware.o
                0x0000000008005db8                STM32_NVIC_SetPriority
 .text.STM32_NVIC_EnableIRQ
                0x0000000008005e7c       0x2c src/hardware.o
                0x0000000008005e7c                STM32_NVIC_EnableIRQ
 .text.STM32_NVIC_DisableIRQ
                0x0000000008005ea8       0x30 src/hardware.o
                0x0000000008005ea8                STM32_NVIC_DisableIRQ
 .text.ProcessI2C1
                0x0000000008005ed8      0x2ac src/i2c.o
                0x0000000008005ed8                ProcessI2C1
 .text.ProcessI2C2
                0x0000000008006184      0x4dc src/i2c.o
                0x0000000008006184                ProcessI2C2
 .text.ProcessResistanceOutputControl
                0x0000000008006660      0x1b4 src/indexes.o
 .text.ProcessVoltageOutputControl
                0x0000000008006814      0x148 src/indexes.o
 .text.ProcessMasterIndex
                0x000000000800695c      0x408 src/indexes.o
                0x000000000800695c                ProcessMasterIndex
 .text.STM32_ADC_ConfigChannel
                0x0000000008006d64       0x68 src/initsystem.o
 .text.InitializeSystem
                0x0000000008006dcc      0xb68 src/initsystem.o
                0x0000000008006dcc                InitializeSystem
 .text.NMI_Handler
                0x0000000008007934       0x12 src/interrupts.o
                0x0000000008007934                NMI_Handler
 .text.HardFault_Handler
                0x0000000008007946       0x12 src/interrupts.o
                0x0000000008007946                HardFault_Handler
 .text.SVC_Handler
                0x0000000008007958       0x12 src/interrupts.o
                0x0000000008007958                SVC_Handler
 .text.PendSV_Handler
                0x000000000800796a       0x12 src/interrupts.o
                0x000000000800796a                PendSV_Handler
 .text.EXTI0_1_IRQHandler
                0x000000000800797c       0x10 src/interrupts.o
                0x000000000800797c                EXTI0_1_IRQHandler
 .text.EXTI2_3_IRQHandler
                0x000000000800798c       0x10 src/interrupts.o
                0x000000000800798c                EXTI2_3_IRQHandler
 .text.EXTI4_15_IRQHandler
                0x000000000800799c       0x24 src/interrupts.o
                0x000000000800799c                EXTI4_15_IRQHandler
 .text.SysTick_Handler
                0x00000000080079c0       0x18 src/interrupts.o
                0x00000000080079c0                SysTick_Handler
 .text.USART1_IRQHandler
                0x00000000080079d8       0x18 src/interrupts.o
                0x00000000080079d8                USART1_IRQHandler
 .text.USART2_IRQHandler
                0x00000000080079f0       0x18 src/interrupts.o
                0x00000000080079f0                USART2_IRQHandler
 .text.USART3_4_IRQHandler
                0x0000000008007a08       0x18 src/interrupts.o
                0x0000000008007a08                USART3_4_IRQHandler
 .text.DMA1_Channel1_IRQHandler
                0x0000000008007a20       0x18 src/interrupts.o
                0x0000000008007a20                DMA1_Channel1_IRQHandler
 .text.DMA1_Channel2_3_IRQHandler
                0x0000000008007a38       0x24 src/interrupts.o
                0x0000000008007a38                DMA1_Channel2_3_IRQHandler
 .text.DMA1_Channel4_5_6_7_IRQHandler
                0x0000000008007a5c       0x24 src/interrupts.o
                0x0000000008007a5c                DMA1_Channel4_5_6_7_IRQHandler
 .text.InitializeEventLog
                0x0000000008007a80       0xc4 src/logevent.o
                0x0000000008007a80                InitializeEventLog
 .text.ProcessClearEventLog
                0x0000000008007b44      0x124 src/logevent.o
                0x0000000008007b44                ProcessClearEventLog
 .text.LogEvent
                0x0000000008007c68       0xd4 src/logevent.o
                0x0000000008007c68                LogEvent
 .text.ProcessEventMessageQueue
                0x0000000008007d3c      0x104 src/logevent.o
                0x0000000008007d3c                ProcessEventMessageQueue
 .text.main     0x0000000008007e40      0x13c src/main.o
                0x0000000008007e40                main
 .text.MultDivideWithRounding64
                0x0000000008007f7c      0x1fc src/math64.o
                0x0000000008007f7c                MultDivideWithRounding64
 .text.InitializeMcp3421
                0x0000000008008178       0x5c src/mcp3421.o
                0x0000000008008178                InitializeMcp3421
 .text.ProcessMcp3421
                0x00000000080081d4      0x1cc src/mcp3421.o
                0x00000000080081d4                ProcessMcp3421
 .text.PWM_Init
                0x00000000080083a0      0x158 src/pwm.o
 .text.PWM_SetDutyCycle
                0x00000000080084f8       0xc4 src/pwm.o
                0x00000000080084f8                PWM_SetDutyCycle
 .text.InitializePWM
                0x00000000080085bc       0x58 src/pwm.o
                0x00000000080085bc                InitializePWM
 .text.ProcessPwmOutput
                0x0000000008008614       0x70 src/pwm.o
                0x0000000008008614                ProcessPwmOutput
 .text.WaitForLastOperation
                0x0000000008008684       0x2c src/reflash_page.o
 .text.Flash_Program
                0x00000000080086b0       0x94 src/reflash_page.o
 .text.ReflashTuningParameters
                0x0000000008008744      0x100 src/reflash_page.o
                0x0000000008008744                ReflashTuningParameters
 .text.ProcessSerialData
                0x0000000008008844      0x2d0 src/serial.o
                0x0000000008008844                ProcessSerialData
 .text.ProcessRxSerial
                0x0000000008008b14      0x274 src/serial.o
                0x0000000008008b14                ProcessRxSerial
 .text.MicroDelay
                0x0000000008008d88       0x44 src/serial.o
                0x0000000008008d88                MicroDelay
 .text.SerialSend
                0x0000000008008dcc      0x190 src/serial.o
                0x0000000008008dcc                SerialSend
 .text.VerifyFlashData
                0x0000000008008f5c      0x98c src/serial.o
                0x0000000008008f5c                VerifyFlashData
 .text.VerifyFactoryData
                0x00000000080098e8      0x17c src/serial.o
                0x00000000080098e8                VerifyFactoryData
 .text.VerifyFuzzyData
                0x0000000008009a64       0x40 src/serial.o
                0x0000000008009a64                VerifyFuzzyData
 .text.ProcessSerialMessage
                0x0000000008009aa4      0x81c src/serial.o
                0x0000000008009aa4                ProcessSerialMessage
 .text.ProcessTestInput
                0x000000000800a2c0       0x5c src/testinput.o
                0x000000000800a2c0                ProcessTestInput
 .text.ThrottleStatus
                0x000000000800a31c      0x864 src/throttle.o
                0x000000000800a31c                ThrottleStatus
 .text.Noise    0x000000000800ab80      0x128 src/throttle.o
                0x000000000800ab80                Noise
 .text.ExpAverage
                0x000000000800aca8       0x36 src/throttle.o
                0x000000000800aca8                ExpAverage
 *fill*         0x000000000800acde        0x2 
 .text.ThrottleMisMatch
                0x000000000800ace0       0x3c src/throttle.o
                0x000000000800ace0                ThrottleMisMatch
 .text.AngularConversion
                0x000000000800ad1c      0x110 src/throttle.o
                0x000000000800ad1c                AngularConversion
 .text.ProcessThrottle
                0x000000000800ae2c       0x22 src/throttle.o
                0x000000000800ae2c                ProcessThrottle
 *fill*         0x000000000800ae4e        0x2 
 .text.ProcessTickCounters
                0x000000000800ae50      0x120 src/ticks.o
                0x000000000800ae50                ProcessTickCounters
 .text.STM32_TIM_Base_Init
                0x000000000800af70       0xe4 src/timer.o
                0x000000000800af70                STM32_TIM_Base_Init
 .text.STM32_TIM_OC1_SetConfig
                0x000000000800b054       0xf0 src/timer.o
 .text.STM32_TIM_OC2_SetConfig
                0x000000000800b144       0xf0 src/timer.o
 .text.STM32_TIM_PWM_ConfigChannel
                0x000000000800b234       0x9c src/timer.o
                0x000000000800b234                STM32_TIM_PWM_ConfigChannel
 .text.STM32_TIM_MspPostInit
                0x000000000800b2d0       0xe4 src/timer.o
                0x000000000800b2d0                STM32_TIM_MspPostInit
 .text.STM32_TIM_PWM_Start
                0x000000000800b3b4       0x88 src/timer.o
                0x000000000800b3b4                STM32_TIM_PWM_Start
 .text.STM32_TIM_Base_DeInit
                0x000000000800b43c       0x3c src/timer.o
                0x000000000800b43c                STM32_TIM_Base_DeInit
 .text.STM32_TIM_Base_Start
                0x000000000800b478       0x1c src/timer.o
                0x000000000800b478                STM32_TIM_Base_Start
 .text.MX_TIM2_Init
                0x000000000800b494       0x1a src/timer.o
                0x000000000800b494                MX_TIM2_Init
 *fill*         0x000000000800b4ae        0x2 
 .text.HAL_UART_TxCpltCallback
                0x000000000800b4b0       0x68 src/usart.o
                0x000000000800b4b0                HAL_UART_TxCpltCallback
 .text.UART_DMATransmitCplt
                0x000000000800b518       0x36 src/usart.o
 *fill*         0x000000000800b54e        0x2 
 .text.STM32_UART_Transmit_DMA
                0x000000000800b550       0xc4 src/usart.o
                0x000000000800b550                STM32_UART_Transmit_DMA
 .text.UART_EndTransmit_IT
                0x000000000800b614       0x28 src/usart.o
 .text.STM32_UART_IRQHandler
                0x000000000800b63c       0xd4 src/usart.o
                0x000000000800b63c                STM32_UART_IRQHandler
 .text.MX_USART1_UART_Init
                0x000000000800b710      0x128 src/usart.o
                0x000000000800b710                MX_USART1_UART_Init
 .text.MX_USART2_UART_Init
                0x000000000800b838      0x124 src/usart.o
                0x000000000800b838                MX_USART2_UART_Init
 .text.ProcessVerifyStack
                0x000000000800b95c       0x74 src/verify.o
                0x000000000800b95c                ProcessVerifyStack
 .text.SetGeneralError
                0x000000000800b9d0       0xa4 src/verify.o
 .text.ProcessSignalStatus
                0x000000000800ba74      0x91c src/verify.o
                0x000000000800ba74                ProcessSignalStatus
 .text.InitializeWatchDog
                0x000000000800c390       0x58 src/watchdog.o
                0x000000000800c390                InitializeWatchDog
 .text.IWDG_TriggerWatchdog
                0x000000000800c3e8      0x26c src/watchdog.o
                0x000000000800c3e8                IWDG_TriggerWatchdog
 .text.Reset_Handler
                0x000000000800c654       0x5c startup/startup_stm32.o
                0x000000000800c654                Reset_Handler
 .text.Default_Handler
                0x000000000800c6b0        0x2 startup/startup_stm32.o
                0x000000000800c6b0                DebugMon_Handler
                0x000000000800c6b0                TIM1_CC_IRQHandler
                0x000000000800c6b0                TSC_IRQHandler
                0x000000000800c6b0                ADC1_COMP_IRQHandler
                0x000000000800c6b0                I2C1_IRQHandler
                0x000000000800c6b0                RCC_CRS_IRQHandler
                0x000000000800c6b0                UsageFault_Handler
                0x000000000800c6b0                SPI1_IRQHandler
                0x000000000800c6b0                TIM6_DAC_IRQHandler
                0x000000000800c6b0                I2C2_IRQHandler
                0x000000000800c6b0                TIM17_IRQHandler
                0x000000000800c6b0                CEC_CAN_IRQHandler
                0x000000000800c6b0                RTC_IRQHandler
                0x000000000800c6b0                PVD_VDDIO2_IRQHandler
                0x000000000800c6b0                TIM16_IRQHandler
                0x000000000800c6b0                TIM3_IRQHandler
                0x000000000800c6b0                Default_Handler
                0x000000000800c6b0                TIM14_IRQHandler
                0x000000000800c6b0                TIM7_IRQHandler
                0x000000000800c6b0                TIM15_IRQHandler
                0x000000000800c6b0                USB_IRQHandler
                0x000000000800c6b0                SPI2_IRQHandler
                0x000000000800c6b0                MemManage_Handler
                0x000000000800c6b0                WWDG_IRQHandler
                0x000000000800c6b0                TIM2_IRQHandler
                0x000000000800c6b0                FLASH_IRQHandler
                0x000000000800c6b0                BusFault_Handler
                0x000000000800c6b0                TIM1_BRK_UP_TRG_COM_IRQHandler
 *fill*         0x000000000800c6b2        0x2 
 .text.__libc_init_array
                0x000000000800c6b4       0x48 c:/st/stm32cubeide_1.5.1/stm32cubeide/plugins/com.st.stm32cube.ide.mcu.externaltools.gnu-tools-for-stm32.7-2018-q2-update.win32_1.5.0.202011040924/tools/bin/../lib/gcc/arm-none-eabi/7.3.1/../../../../arm-none-eabi/lib/thumb/v6-m\libc_nano.a(lib_a-init.o)
                0x000000000800c6b4                __libc_init_array
 .text.memcpy   0x000000000800c6fc       0x12 c:/st/stm32cubeide_1.5.1/stm32cubeide/plugins/com.st.stm32cube.ide.mcu.externaltools.gnu-tools-for-stm32.7-2018-q2-update.win32_1.5.0.202011040924/tools/bin/../lib/gcc/arm-none-eabi/7.3.1/../../../../arm-none-eabi/lib/thumb/v6-m\libc_nano.a(lib_a-memcpy-stub.o)
                0x000000000800c6fc                memcpy
 .text.memmove  0x000000000800c70e       0x26 c:/st/stm32cubeide_1.5.1/stm32cubeide/plugins/com.st.stm32cube.ide.mcu.externaltools.gnu-tools-for-stm32.7-2018-q2-update.win32_1.5.0.202011040924/tools/bin/../lib/gcc/arm-none-eabi/7.3.1/../../../../arm-none-eabi/lib/thumb/v6-m\libc_nano.a(lib_a-memmove.o)
                0x000000000800c70e                memmove
 .text.memset   0x000000000800c734       0x10 c:/st/stm32cubeide_1.5.1/stm32cubeide/plugins/com.st.stm32cube.ide.mcu.externaltools.gnu-tools-for-stm32.7-2018-q2-update.win32_1.5.0.202011040924/tools/bin/../lib/gcc/arm-none-eabi/7.3.1/../../../../arm-none-eabi/lib/thumb/v6-m\libc_nano.a(lib_a-memset.o)
                0x000000000800c734                memset
 *(.glue_7)
 .glue_7        0x000000000800c744        0x0 linker stubs
 *(.glue_7t)
 .glue_7t       0x000000000800c744        0x0 linker stubs
 *(.eh_frame)
 .eh_frame      0x000000000800c744        0x0 c:/st/stm32cubeide_1.5.1/stm32cubeide/plugins/com.st.stm32cube.ide.mcu.externaltools.gnu-tools-for-stm32.7-2018-q2-update.win32_1.5.0.202011040924/tools/bin/../lib/gcc/arm-none-eabi/7.3.1/thumb/v6-m/crtbegin.o
 *(.init)
 .init          0x000000000800c744        0x4 c:/st/stm32cubeide_1.5.1/stm32cubeide/plugins/com.st.stm32cube.ide.mcu.externaltools.gnu-tools-for-stm32.7-2018-q2-update.win32_1.5.0.202011040924/tools/bin/../lib/gcc/arm-none-eabi/7.3.1/thumb/v6-m/crti.o
                0x000000000800c744                _init
 .init          0x000000000800c748        0x8 c:/st/stm32cubeide_1.5.1/stm32cubeide/plugins/com.st.stm32cube.ide.mcu.externaltools.gnu-tools-for-stm32.7-2018-q2-update.win32_1.5.0.202011040924/tools/bin/../lib/gcc/arm-none-eabi/7.3.1/thumb/v6-m/crtn.o
 *(.fini)
 .fini          0x000000000800c750        0x4 c:/st/stm32cubeide_1.5.1/stm32cubeide/plugins/com.st.stm32cube.ide.mcu.externaltools.gnu-tools-for-stm32.7-2018-q2-update.win32_1.5.0.202011040924/tools/bin/../lib/gcc/arm-none-eabi/7.3.1/thumb/v6-m/crti.o
                0x000000000800c750                _fini
 .fini          0x000000000800c754        0x8 c:/st/stm32cubeide_1.5.1/stm32cubeide/plugins/com.st.stm32cube.ide.mcu.externaltools.gnu-tools-for-stm32.7-2018-q2-update.win32_1.5.0.202011040924/tools/bin/../lib/gcc/arm-none-eabi/7.3.1/thumb/v6-m/crtn.o
                0x000000000800c75c                . = ALIGN (0x4)
                0x000000000800c75c                _etext = .

.vfp11_veneer   0x000000000800c75c        0x0
 .vfp11_veneer  0x000000000800c75c        0x0 linker stubs

.v4_bx          0x000000000800c75c        0x0
 .v4_bx         0x000000000800c75c        0x0 linker stubs

.iplt           0x000000000800c75c        0x0
 .iplt          0x000000000800c75c        0x0 c:/st/stm32cubeide_1.5.1/stm32cubeide/plugins/com.st.stm32cube.ide.mcu.externaltools.gnu-tools-for-stm32.7-2018-q2-update.win32_1.5.0.202011040924/tools/bin/../lib/gcc/arm-none-eabi/7.3.1/thumb/v6-m/crtbegin.o

.rodata         0x000000000800c75c      0x5ac
                0x000000000800c75c                . = ALIGN (0x4)
 *(.rodata)
 *(.rodata*)
 .rodata.ProcessAccelerometer
                0x000000000800c75c       0x14 src/accel.o
 .rodata.CAN_MessageTx
                0x000000000800c770       0x18 src/can.o
 .rodata.CrcTable
                0x000000000800c788      0x200 src/crc16.o
                0x000000000800c788                CrcTable
 .rodata.CANcrc8Table
                0x000000000800c988      0x100 src/crc8.o
 .rodata.DIG_Init
                0x000000000800ca88       0x54 src/dig.o
 .rodata.GetDigIo
                0x000000000800cadc       0x18 src/dig.o
 .rodata.InitializeDigitalIO
                0x000000000800caf4       0x2c src/dig.o
 .rodata.ProcessI2C1
                0x000000000800cb20       0x5c src/i2c.o
 .rodata.ProcessI2C2
                0x000000000800cb7c       0x68 src/i2c.o
 .rodata.ProcessMcp3421
                0x000000000800cbe4       0x18 src/mcp3421.o
 .rodata.ProcessSerialData
                0x000000000800cbfc       0xf4 src/serial.o
 .rodata.VerifyFlashData
                0x000000000800ccf0       0x18 src/serial.o
                0x000000000800cd08                . = ALIGN (0x4)

.ARM.extab      0x000000000800cd08        0x0
                0x000000000800cd08                . = ALIGN (0x4)
 *(.ARM.extab* .gnu.linkonce.armextab.*)
                0x000000000800cd08                . = ALIGN (0x4)

.ARM            0x000000000800cd08        0x8
                0x000000000800cd08                . = ALIGN (0x4)
                0x000000000800cd08                __exidx_start = .
 *(.ARM.exidx*)
 .ARM.exidx     0x000000000800cd08        0x8 c:/st/stm32cubeide_1.5.1/stm32cubeide/plugins/com.st.stm32cube.ide.mcu.externaltools.gnu-tools-for-stm32.7-2018-q2-update.win32_1.5.0.202011040924/tools/bin/../lib/gcc/arm-none-eabi/7.3.1/thumb/v6-m\libgcc.a(_divdi3.o)
                0x000000000800cd10                __exidx_end = .
                0x000000000800cd10                . = ALIGN (0x4)

.preinit_array  0x000000000800cd10        0x0
                0x000000000800cd10                . = ALIGN (0x4)
                0x000000000800cd10                PROVIDE (__preinit_array_start = .)
 *(.preinit_array*)
                0x000000000800cd10                PROVIDE (__preinit_array_end = .)
                0x000000000800cd10                . = ALIGN (0x4)

.init_array     0x000000000800cd10        0x4
                0x000000000800cd10                . = ALIGN (0x4)
                0x000000000800cd10                PROVIDE (__init_array_start = .)
 *(SORT_BY_NAME(.init_array.*))
 *(.init_array*)
 .init_array    0x000000000800cd10        0x4 c:/st/stm32cubeide_1.5.1/stm32cubeide/plugins/com.st.stm32cube.ide.mcu.externaltools.gnu-tools-for-stm32.7-2018-q2-update.win32_1.5.0.202011040924/tools/bin/../lib/gcc/arm-none-eabi/7.3.1/thumb/v6-m/crtbegin.o
                0x000000000800cd14                PROVIDE (__init_array_end = .)
                0x000000000800cd14                . = ALIGN (0x4)

.fini_array     0x000000000800cd14        0x4
                0x000000000800cd14                . = ALIGN (0x4)
                [!provide]                        PROVIDE (__fini_array_start = .)
 *(SORT_BY_NAME(.fini_array.*))
 *(.fini_array*)
 .fini_array    0x000000000800cd14        0x4 c:/st/stm32cubeide_1.5.1/stm32cubeide/plugins/com.st.stm32cube.ide.mcu.externaltools.gnu-tools-for-stm32.7-2018-q2-update.win32_1.5.0.202011040924/tools/bin/../lib/gcc/arm-none-eabi/7.3.1/thumb/v6-m/crtbegin.o
                [!provide]                        PROVIDE (__fini_array_end = .)
                0x000000000800cd18                . = ALIGN (0x4)

.reflash_text   0x000000000801b800      0x69c
                0x000000000801b800                . = ALIGN (0x4)
 *(.reflash_text)
 .reflash_text  0x000000000801b800      0x69c src/reflash.o
                0x000000000801b800                WaitForLastOperation
                0x000000000801b82c                CalculateCrcArray
                0x000000000801b880                ReflashSerialSend
                0x000000000801ba28                GetSerialMessage
                0x000000000801bc0c                reflash
                0x000000000801bdd8                Flash_Program
                0x000000000801be6c                MoveMem
 *(.reflash_text*)
                0x000000000801be9c                . = ALIGN (0x4)
                0x000000000800cd18                _sidata = LOADADDR (.data)

.rel.dyn        0x000000000801be9c        0x0
 .rel.iplt      0x000000000801be9c        0x0 c:/st/stm32cubeide_1.5.1/stm32cubeide/plugins/com.st.stm32cube.ide.mcu.externaltools.gnu-tools-for-stm32.7-2018-q2-update.win32_1.5.0.202011040924/tools/bin/../lib/gcc/arm-none-eabi/7.3.1/thumb/v6-m/crtbegin.o

.data           0x0000000020000000        0x8 load address 0x000000000800cd18
                0x0000000020000000                . = ALIGN (0x4)
                0x0000000020000000                _sdata = .
 *(.data)
 *(.data*)
 .data.fuzzy1_gMF
                0x0000000020000000        0x8 src/fuzzy.o
                0x0000000020000008                . = ALIGN (0x4)
                0x0000000020000008                _edata = .

.igot.plt       0x0000000020000008        0x0 load address 0x000000000800cd20
 .igot.plt      0x0000000020000008        0x0 c:/st/stm32cubeide_1.5.1/stm32cubeide/plugins/com.st.stm32cube.ide.mcu.externaltools.gnu-tools-for-stm32.7-2018-q2-update.win32_1.5.0.202011040924/tools/bin/../lib/gcc/arm-none-eabi/7.3.1/thumb/v6-m/crtbegin.o
                0x0000000020000008                . = ALIGN (0x4)

.bss            0x0000000020000008     0x37f4 load address 0x000000000800cd20
                0x0000000020000008                _sbss = .
                0x0000000020000008                __bss_start__ = _sbss
 *(.bss)
 .bss           0x0000000020000008       0x1c c:/st/stm32cubeide_1.5.1/stm32cubeide/plugins/com.st.stm32cube.ide.mcu.externaltools.gnu-tools-for-stm32.7-2018-q2-update.win32_1.5.0.202011040924/tools/bin/../lib/gcc/arm-none-eabi/7.3.1/thumb/v6-m/crtbegin.o
 *(.bss*)
 .bss.bInitializeAccel
                0x0000000020000024        0x1 src/accel.o
 .bss.State.6854
                0x0000000020000025        0x1 src/accel.o
 .bss.AccelDelayTimer.6855
                0x0000000020000026        0x1 src/accel.o
 *fill*         0x0000000020000027        0x1 
 .bss.TmpBuffer.6856
                0x0000000020000028        0x6 src/accel.o
 .bss.AdcCalibrationDelay.6856
                0x000000002000002e        0x2 src/adc.o
 .bss.State.6855
                0x0000000020000030        0x1 src/adc.o
 *fill*         0x0000000020000031        0x3 
 .bss.AdcCounts.6857
                0x0000000020000034        0xa src/adc.o
 *fill*         0x000000002000003e        0x2 
 .bss.FilterRVOutputVoltage
                0x0000000020000040       0x10 src/analog.o
 .bss.FilterPowerRail5VDC
                0x0000000020000050       0x10 src/analog.o
 .bss.FilterKmaVoltage
                0x0000000020000060       0x10 src/analog.o
 .bss.FilterPowerInputVoltage
                0x0000000020000070       0x10 src/analog.o
 .bss.FilterTemperatureSensorVoltage
                0x0000000020000080       0x10 src/analog.o
 .bss.FilterRVOutputCurrentVoltage
                0x0000000020000090       0x10 src/analog.o
 .bss.FilterInternalReferenceCounts
                0x00000000200000a0       0x10 src/analog.o
 .bss.FilterAccelX
                0x00000000200000b0       0x10 src/analog.o
 .bss.FilterAccelY
                0x00000000200000c0       0x10 src/analog.o
 .bss.FilterAccelZ
                0x00000000200000d0       0x10 src/analog.o
 .bss.Spn_Byte_Count
                0x00000000200000e0        0x1 src/can.o
 .bss.Pgn_Count
                0x00000000200000e1        0x1 src/can.o
 *fill*         0x00000000200000e2        0x2 
 .bss.CanMsgOutTmr
                0x00000000200000e4        0xc src/can.o
 .bss.MsgNotReceivedTmr
                0x00000000200000f0        0x8 src/can.o
 .bss.MissedMsgIn
                0x00000000200000f8        0x2 src/can.o
 *fill*         0x00000000200000fa        0x2 
 .bss.bMsgReceived
                0x00000000200000fc        0x2 src/can.o
 .bss.bDelayComplete
                0x00000000200000fe        0x1 src/can.o
 *fill*         0x00000000200000ff        0x1 
 .bss.CanStartupDelay
                0x0000000020000100        0x2 src/can.o
 .bss.TEC       0x0000000020000102        0x1 src/can.o
 .bss.PrevTEC   0x0000000020000103        0x1 src/can.o
 .bss.CanWaitTimer
                0x0000000020000104        0x2 src/can.o
 .bss.bCanReady
                0x0000000020000106        0x1 src/can.o
 .bss.tx0counter.6919
                0x0000000020000107        0x1 src/can.o
 .bss.tx1counter.6920
                0x0000000020000108        0x1 src/can.o
 .bss.tx2counter.6921
                0x0000000020000109        0x1 src/can.o
 *fill*         0x000000002000010a        0x2 
 .bss.TmpBuffer
                0x000000002000010c      0x900 src/default.o
 .bss.State.6851
                0x0000000020000a0c        0x1 src/default.o
 *fill*         0x0000000020000a0d        0x1 
 .bss.Idx.6853  0x0000000020000a0e        0x2 src/default.o
 .bss.i.6852    0x0000000020000a10        0x1 src/default.o
 .bss.SyncCount.6863
                0x0000000020000a11        0x1 src/default.o
 .bss.bRunningFlag.6851
                0x0000000020000a12        0x1 src/error_handler.o
 *fill*         0x0000000020000a13        0x1 
 .bss.fuzzy_inputs
                0x0000000020000a14        0xc src/fuzzy.o
 .bss.fuzzy_outputs
                0x0000000020000a20        0x4 src/fuzzy.o
 .bss.Timeout.6866
                0x0000000020000a24        0x4 src/i2c.o
 .bss.LastWrite.6865
                0x0000000020000a28        0x4 src/i2c.o
 .bss.DelayTimer.6856
                0x0000000020000a2c        0x4 src/indexes.o
 .bss.P.6854    0x0000000020000a30        0x4 src/indexes.o
 *fill*         0x0000000020000a34        0x4 
 .bss.I.6857    0x0000000020000a38        0x8 src/indexes.o
 .bss.UpdateDelayTimer.6852
                0x0000000020000a40        0x4 src/indexes.o
 .bss.OldFeedback.6853
                0x0000000020000a44        0x4 src/indexes.o
 .bss.D.6855    0x0000000020000a48        0x4 src/indexes.o
 .bss.FineTuneDelay.6862
                0x0000000020000a4c        0x1 src/indexes.o
 *fill*         0x0000000020000a4d        0x3 
 .bss.TmpBuffer
                0x0000000020000a50       0x80 src/logevent.o
 .bss.State.6861
                0x0000000020000ad0        0x1 src/logevent.o
 *fill*         0x0000000020000ad1        0x1 
 .bss.Index.6862
                0x0000000020000ad2        0x2 src/logevent.o
 .bss.State1.6876
                0x0000000020000ad4        0x1 src/logevent.o
 *fill*         0x0000000020000ad5        0x3 
 .bss.TmpBuf.6850
                0x0000000020000ad8        0x1 src/mcp3421.o
 .bss.State.6857
                0x0000000020000ad9        0x1 src/mcp3421.o
 *fill*         0x0000000020000ada        0x2 
 .bss.TmpBuffer.6858
                0x0000000020000adc        0x3 src/mcp3421.o
 *fill*         0x0000000020000adf        0x1 
 .bss.RS485Timer
                0x0000000020000ae0        0x4 src/serial.o
 .bss.FirmwareUpload
                0x0000000020000ae4        0x8 src/serial.o
 .bss.RS_Miss   0x0000000020000aec        0x1 src/serial.o
 *fill*         0x0000000020000aed        0x3 
 .bss.Tmp_Min   0x0000000020000af0        0x4 src/throttle.o
 .bss.Tmp_Max   0x0000000020000af4        0x4 src/throttle.o
 .bss.Avg_Noise
                0x0000000020000af8        0x4 src/throttle.o
 .bss.Noise_Counter
                0x0000000020000afc        0x1 src/throttle.o
 *fill*         0x0000000020000afd        0x3 
 .bss.OldTicks.6850
                0x0000000020000b00        0x4 src/ticks.o
 .bss.Old_RS485_Counter
                0x0000000020000b04        0x1 src/verify.o
 *fill*         0x0000000020000b05        0x1 
 .bss.PowerupDelay
                0x0000000020000b06        0x2 src/verify.o
 .bss.LastTicks
                0x0000000020000b08        0x4 src/watchdog.o
 .bss.AccumTicks
                0x0000000020000b0c        0x4 src/watchdog.o
 .bss.BadCounter.6857
                0x0000000020000b10        0x1 src/watchdog.o
 *(COMMON)
 *fill*         0x0000000020000b11        0x7 
 COMMON         0x0000000020000b18     0x2ce0 src/global.o
                0x0000000020000b18                CalculatedCrc
                0x0000000020000b20                MessageQueue
                0x0000000020000c20                Fuzzy1Configuration
                0x0000000020000c24                bUseDefaultFuzzy
                0x0000000020000c25                bUseDefaultFactory
                0x0000000020000c28                hdma_usart2_rx
                0x0000000020000c58                MessageIndexIn
                0x0000000020000c5a                Dummy
                0x0000000020000c5c                Ticks10ms
                0x0000000020000c60                uTicks
                0x0000000020000c64                Fuzzy2Configuration
                0x0000000020000c68                DefaultData
                0x0000000020001468                htim15
                0x0000000020001490                UniqueId
                0x00000000200014a0                MessageIndexOut
                0x00000000200014a4                CanBus
                0x000000002000155c                htim17
                0x0000000020001584                bGetDefaultProfile
                0x0000000020001585                SlaveCount
                0x0000000020001588                SerialUsart1
                0x00000000200018b4                SerialUsart2
                0x0000000020001be0                hcan
                0x0000000020001c24                I2C2Control
                0x0000000020001c34                PWM_HandleStruct
                0x0000000020001c54                bRVUpdate
                0x0000000020001c55                bClearEventLog
                0x0000000020001c58                I2C1Control
                0x0000000020001c68                htim3
                0x0000000020001c90                ExecutionTimeData
                0x0000000020001ed4                CanInbox
                0x0000000020001eec                FactoryConfiguration
                0x0000000020001ef0                hdma_usart1_tx
                0x0000000020001f20                ForeignSysVars
                0x000000002000205c                hdma_usart1_rx
                0x000000002000208c                hdma_usart2_tx
                0x00000000200020bc                bDefaultProfileLoaded
                0x00000000200020c0                SysVars
                0x00000000200021fc                DefaultFactory
                0x00000000200029fc                huart1
                0x0000000020002a08                Ticks1000ms
                0x0000000020002a0a                Ticks20ms
                0x0000000020002a0c                EventData
                0x0000000020002a14                HostData
                0x0000000020002a44                ExecutionTimeReport
                0x0000000020002c14                SignalStatus
                0x0000000020002cf4                bSendingMessage
                0x0000000020002cf5                bFuzzyPageValid
                0x0000000020002cf6                bFlashConfigurationValid
                0x0000000020002cf8                Ticks1ms
                0x0000000020002cfa                bUseDefaultFlash
                0x0000000020002cfc                htim1
                0x0000000020002d24                DIG_HandleStruct
                0x0000000020002f04                FlashConfiguration
                0x0000000020002f08                RS485
                0x0000000020002f20                huart4
                0x0000000020002f2c                FuzzyPage
                0x0000000020002f30                ThrottleInfo
                0x0000000020002f34                huart2
                0x0000000020002f40                htim14
                0x0000000020002f68                bFirmwareValid
                0x0000000020002f6c                hdma_adc
                0x0000000020002f9c                Ticks5ms
                0x0000000020002f9e                bFactoryConfigurationValid
                0x0000000020002fa0                hadc
                0x0000000020002fa8                SerialBuffer
                0x00000000200037b4                bLogDefaultProfile
                0x00000000200037b8                htim16
                0x00000000200037e0                DIG_Mode
                0x00000000200037e4                Dummy32
                0x00000000200037e8                MasterIndexFiltering
 COMMON         0x00000000200037f8        0x1 src/initsystem.o
                0x00000000200037f8                SWinfobuff
                0x00000000200037fc                . = ALIGN (0x4)
 *fill*         0x00000000200037f9        0x3 
                0x00000000200037fc                _ebss = .
                0x00000000200037fc                __bss_end__ = _ebss

._user_heap_stack
                0x00000000200037fc      0x404 load address 0x000000000800cd20
                0x0000000020003800                . = ALIGN (0x8)
 *fill*         0x00000000200037fc        0x4 
                [!provide]                        PROVIDE (end = .)
                [!provide]                        PROVIDE (_end = .)
                0x0000000020003800                . = (. + _Min_Heap_Size)
                0x0000000020003c00                . = (. + _Min_Stack_Size)
 *fill*         0x0000000020003800      0x400 
                0x0000000020003c00                . = ALIGN (0x8)

/DISCARD/
 libc.a(*)
 libm.a(*)
 libgcc.a(*)

.ARM.attributes
                0x0000000000000000       0x28
 *(.ARM.attributes)
 .ARM.attributes
                0x0000000000000000       0x1e c:/st/stm32cubeide_1.5.1/stm32cubeide/plugins/com.st.stm32cube.ide.mcu.externaltools.gnu-tools-for-stm32.7-2018-q2-update.win32_1.5.0.202011040924/tools/bin/../lib/gcc/arm-none-eabi/7.3.1/thumb/v6-m/crti.o
 .ARM.attributes
                0x000000000000001e       0x2c c:/st/stm32cubeide_1.5.1/stm32cubeide/plugins/com.st.stm32cube.ide.mcu.externaltools.gnu-tools-for-stm32.7-2018-q2-update.win32_1.5.0.202011040924/tools/bin/../lib/gcc/arm-none-eabi/7.3.1/thumb/v6-m/crtbegin.o
 .ARM.attributes
                0x000000000000004a       0x31 src/accel.o
 .ARM.attributes
                0x000000000000007b       0x31 src/adc.o
 .ARM.attributes
                0x00000000000000ac       0x31 src/analog.o
 .ARM.attributes
                0x00000000000000dd       0x31 src/can.o
 .ARM.attributes
                0x000000000000010e       0x31 src/crc16.o
 .ARM.attributes
                0x000000000000013f       0x31 src/crc8.o
 .ARM.attributes
                0x0000000000000170       0x31 src/default.o
 .ARM.attributes
                0x00000000000001a1       0x31 src/dig.o
 .ARM.attributes
                0x00000000000001d2       0x31 src/dma.o
 .ARM.attributes
                0x0000000000000203       0x31 src/error_handler.o
 .ARM.attributes
                0x0000000000000234       0x31 src/errorcondition.o
 .ARM.attributes
                0x0000000000000265       0x31 src/execution.o
 .ARM.attributes
                0x0000000000000296       0x31 src/freqin.o
 .ARM.attributes
                0x00000000000002c7       0x31 src/freqout.o
 .ARM.attributes
                0x00000000000002f8       0x31 src/fuzzy.o
 .ARM.attributes
                0x0000000000000329       0x31 src/global.o
 .ARM.attributes
                0x000000000000035a       0x31 src/gpio.o
 .ARM.attributes
                0x000000000000038b       0x31 src/hardware.o
 .ARM.attributes
                0x00000000000003bc       0x31 src/i2c.o
 .ARM.attributes
                0x00000000000003ed       0x31 src/indexes.o
 .ARM.attributes
                0x000000000000041e       0x31 src/initsystem.o
 .ARM.attributes
                0x000000000000044f       0x31 src/interrupts.o
 .ARM.attributes
                0x0000000000000480       0x31 src/logevent.o
 .ARM.attributes
                0x00000000000004b1       0x31 src/main.o
 .ARM.attributes
                0x00000000000004e2       0x31 src/math64.o
 .ARM.attributes
                0x0000000000000513       0x31 src/mcp3421.o
 .ARM.attributes
                0x0000000000000544       0x31 src/pwm.o
 .ARM.attributes
                0x0000000000000575       0x31 src/reflash.o
 .ARM.attributes
                0x00000000000005a6       0x31 src/reflash_page.o
 .ARM.attributes
                0x00000000000005d7       0x31 src/serial.o
 .ARM.attributes
                0x0000000000000608       0x31 src/testinput.o
 .ARM.attributes
                0x0000000000000639       0x31 src/throttle.o
 .ARM.attributes
                0x000000000000066a       0x31 src/ticks.o
 .ARM.attributes
                0x000000000000069b       0x31 src/timer.o
 .ARM.attributes
                0x00000000000006cc       0x31 src/usart.o
 .ARM.attributes
                0x00000000000006fd       0x31 src/verify.o
 .ARM.attributes
                0x000000000000072e       0x31 src/watchdog.o
 .ARM.attributes
                0x000000000000075f       0x21 startup/startup_stm32.o
 .ARM.attributes
                0x0000000000000780       0x2c c:/st/stm32cubeide_1.5.1/stm32cubeide/plugins/com.st.stm32cube.ide.mcu.externaltools.gnu-tools-for-stm32.7-2018-q2-update.win32_1.5.0.202011040924/tools/bin/../lib/gcc/arm-none-eabi/7.3.1/../../../../arm-none-eabi/lib/thumb/v6-m\libc_nano.a(lib_a-init.o)
 .ARM.attributes
                0x00000000000007ac       0x2c c:/st/stm32cubeide_1.5.1/stm32cubeide/plugins/com.st.stm32cube.ide.mcu.externaltools.gnu-tools-for-stm32.7-2018-q2-update.win32_1.5.0.202011040924/tools/bin/../lib/gcc/arm-none-eabi/7.3.1/../../../../arm-none-eabi/lib/thumb/v6-m\libc_nano.a(lib_a-memcpy-stub.o)
 .ARM.attributes
                0x00000000000007d8       0x2c c:/st/stm32cubeide_1.5.1/stm32cubeide/plugins/com.st.stm32cube.ide.mcu.externaltools.gnu-tools-for-stm32.7-2018-q2-update.win32_1.5.0.202011040924/tools/bin/../lib/gcc/arm-none-eabi/7.3.1/../../../../arm-none-eabi/lib/thumb/v6-m\libc_nano.a(lib_a-memmove.o)
 .ARM.attributes
                0x0000000000000804       0x2c c:/st/stm32cubeide_1.5.1/stm32cubeide/plugins/com.st.stm32cube.ide.mcu.externaltools.gnu-tools-for-stm32.7-2018-q2-update.win32_1.5.0.202011040924/tools/bin/../lib/gcc/arm-none-eabi/7.3.1/../../../../arm-none-eabi/lib/thumb/v6-m\libc_nano.a(lib_a-memset.o)
 .ARM.attributes
                0x0000000000000830       0x1e c:/st/stm32cubeide_1.5.1/stm32cubeide/plugins/com.st.stm32cube.ide.mcu.externaltools.gnu-tools-for-stm32.7-2018-q2-update.win32_1.5.0.202011040924/tools/bin/../lib/gcc/arm-none-eabi/7.3.1/thumb/v6-m\libgcc.a(_udivsi3.o)
 .ARM.attributes
                0x000000000000084e       0x1e c:/st/stm32cubeide_1.5.1/stm32cubeide/plugins/com.st.stm32cube.ide.mcu.externaltools.gnu-tools-for-stm32.7-2018-q2-update.win32_1.5.0.202011040924/tools/bin/../lib/gcc/arm-none-eabi/7.3.1/thumb/v6-m\libgcc.a(_divsi3.o)
 .ARM.attributes
                0x000000000000086c       0x1e c:/st/stm32cubeide_1.5.1/stm32cubeide/plugins/com.st.stm32cube.ide.mcu.externaltools.gnu-tools-for-stm32.7-2018-q2-update.win32_1.5.0.202011040924/tools/bin/../lib/gcc/arm-none-eabi/7.3.1/thumb/v6-m\libgcc.a(_dvmd_tls.o)
 .ARM.attributes
                0x000000000000088a       0x1e c:/st/stm32cubeide_1.5.1/stm32cubeide/plugins/com.st.stm32cube.ide.mcu.externaltools.gnu-tools-for-stm32.7-2018-q2-update.win32_1.5.0.202011040924/tools/bin/../lib/gcc/arm-none-eabi/7.3.1/thumb/v6-m\libgcc.a(_aeabi_ldivmod.o)
 .ARM.attributes
                0x00000000000008a8       0x2c c:/st/stm32cubeide_1.5.1/stm32cubeide/plugins/com.st.stm32cube.ide.mcu.externaltools.gnu-tools-for-stm32.7-2018-q2-update.win32_1.5.0.202011040924/tools/bin/../lib/gcc/arm-none-eabi/7.3.1/thumb/v6-m\libgcc.a(_muldi3.o)
 .ARM.attributes
                0x00000000000008d4       0x2c c:/st/stm32cubeide_1.5.1/stm32cubeide/plugins/com.st.stm32cube.ide.mcu.externaltools.gnu-tools-for-stm32.7-2018-q2-update.win32_1.5.0.202011040924/tools/bin/../lib/gcc/arm-none-eabi/7.3.1/thumb/v6-m\libgcc.a(bpabi.o)
 .ARM.attributes
                0x0000000000000900       0x2c c:/st/stm32cubeide_1.5.1/stm32cubeide/plugins/com.st.stm32cube.ide.mcu.externaltools.gnu-tools-for-stm32.7-2018-q2-update.win32_1.5.0.202011040924/tools/bin/../lib/gcc/arm-none-eabi/7.3.1/thumb/v6-m\libgcc.a(_divdi3.o)
 .ARM.attributes
                0x000000000000092c       0x1e c:/st/stm32cubeide_1.5.1/stm32cubeide/plugins/com.st.stm32cube.ide.mcu.externaltools.gnu-tools-for-stm32.7-2018-q2-update.win32_1.5.0.202011040924/tools/bin/../lib/gcc/arm-none-eabi/7.3.1/thumb/v6-m\libgcc.a(_clzdi2.o)
 .ARM.attributes
                0x000000000000094a       0x1e c:/st/stm32cubeide_1.5.1/stm32cubeide/plugins/com.st.stm32cube.ide.mcu.externaltools.gnu-tools-for-stm32.7-2018-q2-update.win32_1.5.0.202011040924/tools/bin/../lib/gcc/arm-none-eabi/7.3.1/thumb/v6-m\libgcc.a(_clzsi2.o)
 .ARM.attributes
                0x0000000000000968       0x1e c:/st/stm32cubeide_1.5.1/stm32cubeide/plugins/com.st.stm32cube.ide.mcu.externaltools.gnu-tools-for-stm32.7-2018-q2-update.win32_1.5.0.202011040924/tools/bin/../lib/gcc/arm-none-eabi/7.3.1/thumb/v6-m/crtn.o
OUTPUT(CD_Throttle_Rev12.elf elf32-littlearm)

.debug_info     0x0000000000000000    0x71d76
 .debug_info    0x0000000000000000     0x300c src/accel.o
 .debug_info    0x000000000000300c     0x3122 src/adc.o
 .debug_info    0x000000000000612e     0x30fa src/analog.o
 .debug_info    0x0000000000009228     0x3669 src/can.o
 .debug_info    0x000000000000c891     0x304c src/crc16.o
 .debug_info    0x000000000000f8dd     0x3008 src/crc8.o
 .debug_info    0x00000000000128e5     0x304b src/default.o
 .debug_info    0x0000000000015930     0x3282 src/dig.o
 .debug_info    0x0000000000018bb2     0x2fff src/dma.o
 .debug_info    0x000000000001bbb1     0x2fd0 src/error_handler.o
 .debug_info    0x000000000001eb81     0x2fcb src/errorcondition.o
 .debug_info    0x0000000000021b4c     0x3041 src/execution.o
 .debug_info    0x0000000000024b8d     0x2fe4 src/freqin.o
 .debug_info    0x0000000000027b71     0x3014 src/freqout.o
 .debug_info    0x000000000002ab85     0x34ba src/fuzzy.o
 .debug_info    0x000000000002e03f     0x331b src/global.o
 .debug_info    0x000000000003135a     0x324c src/gpio.o
 .debug_info    0x00000000000345a6     0x3370 src/hardware.o
 .debug_info    0x0000000000037916     0x309a src/i2c.o
 .debug_info    0x000000000003a9b0     0x30b9 src/indexes.o
 .debug_info    0x000000000003da69     0x33fa src/initsystem.o
 .debug_info    0x0000000000040e63     0x3091 src/interrupts.o
 .debug_info    0x0000000000043ef4     0x307d src/logevent.o
 .debug_info    0x0000000000046f71     0x2fa6 src/main.o
 .debug_info    0x0000000000049f17     0x303c src/math64.o
 .debug_info    0x000000000004cf53     0x3035 src/mcp3421.o
 .debug_info    0x000000000004ff88     0x30b0 src/pwm.o
 .debug_info    0x0000000000053038     0x3320 src/reflash.o
 .debug_info    0x0000000000056358     0x31dd src/reflash_page.o
 .debug_info    0x0000000000059535     0x323c src/serial.o
 .debug_info    0x000000000005c771     0x2faf src/testinput.o
 .debug_info    0x000000000005f720     0x3149 src/throttle.o
 .debug_info    0x0000000000062869     0x2fdc src/ticks.o
 .debug_info    0x0000000000065845     0x321a src/timer.o
 .debug_info    0x0000000000068a5f     0x31dc src/usart.o
 .debug_info    0x000000000006bc3b     0x30be src/verify.o
 .debug_info    0x000000000006ecf9     0x305b src/watchdog.o
 .debug_info    0x0000000000071d54       0x22 startup/startup_stm32.o

.debug_abbrev   0x0000000000000000     0x637a
 .debug_abbrev  0x0000000000000000      0x279 src/accel.o
 .debug_abbrev  0x0000000000000279      0x288 src/adc.o
 .debug_abbrev  0x0000000000000501      0x2ba src/analog.o
 .debug_abbrev  0x00000000000007bb      0x37c src/can.o
 .debug_abbrev  0x0000000000000b37      0x2bb src/crc16.o
 .debug_abbrev  0x0000000000000df2      0x27f src/crc8.o
 .debug_abbrev  0x0000000000001071      0x288 src/default.o
 .debug_abbrev  0x00000000000012f9      0x2ef src/dig.o
 .debug_abbrev  0x00000000000015e8      0x297 src/dma.o
 .debug_abbrev  0x000000000000187f      0x26e src/error_handler.o
 .debug_abbrev  0x0000000000001aed      0x26e src/errorcondition.o
 .debug_abbrev  0x0000000000001d5b      0x2b1 src/execution.o
 .debug_abbrev  0x000000000000200c      0x286 src/freqin.o
 .debug_abbrev  0x0000000000002292      0x288 src/freqout.o
 .debug_abbrev  0x000000000000251a      0x336 src/fuzzy.o
 .debug_abbrev  0x0000000000002850      0x252 src/global.o
 .debug_abbrev  0x0000000000002aa2      0x2ff src/gpio.o
 .debug_abbrev  0x0000000000002da1      0x2da src/hardware.o
 .debug_abbrev  0x000000000000307b      0x279 src/i2c.o
 .debug_abbrev  0x00000000000032f4      0x29e src/indexes.o
 .debug_abbrev  0x0000000000003592      0x2c0 src/initsystem.o
 .debug_abbrev  0x0000000000003852      0x280 src/interrupts.o
 .debug_abbrev  0x0000000000003ad2      0x297 src/logevent.o
 .debug_abbrev  0x0000000000003d69      0x252 src/main.o
 .debug_abbrev  0x0000000000003fbb      0x270 src/math64.o
 .debug_abbrev  0x000000000000422b      0x268 src/mcp3421.o
 .debug_abbrev  0x0000000000004493      0x29e src/pwm.o
 .debug_abbrev  0x0000000000004731      0x32c src/reflash.o
 .debug_abbrev  0x0000000000004a5d      0x29e src/reflash_page.o
 .debug_abbrev  0x0000000000004cfb      0x363 src/serial.o
 .debug_abbrev  0x000000000000505e      0x25f src/testinput.o
 .debug_abbrev  0x00000000000052bd      0x326 src/throttle.o
 .debug_abbrev  0x00000000000055e3      0x26e src/ticks.o
 .debug_abbrev  0x0000000000005851      0x30a src/timer.o
 .debug_abbrev  0x0000000000005b5b      0x2e1 src/usart.o
 .debug_abbrev  0x0000000000005e3c      0x2b3 src/verify.o
 .debug_abbrev  0x00000000000060ef      0x279 src/watchdog.o
 .debug_abbrev  0x0000000000006368       0x12 startup/startup_stm32.o

.debug_aranges  0x0000000000000000      0x850
 .debug_aranges
                0x0000000000000000       0x28 src/accel.o
 .debug_aranges
                0x0000000000000028       0x28 src/adc.o
 .debug_aranges
                0x0000000000000050       0x30 src/analog.o
 .debug_aranges
                0x0000000000000080       0x98 src/can.o
 .debug_aranges
                0x0000000000000118       0x28 src/crc16.o
 .debug_aranges
                0x0000000000000140       0x20 src/crc8.o
 .debug_aranges
                0x0000000000000160       0x28 src/default.o
 .debug_aranges
                0x0000000000000188       0x50 src/dig.o
 .debug_aranges
                0x00000000000001d8       0x28 src/dma.o
 .debug_aranges
                0x0000000000000200       0x20 src/error_handler.o
 .debug_aranges
                0x0000000000000220       0x20 src/errorcondition.o
 .debug_aranges
                0x0000000000000240       0x38 src/execution.o
 .debug_aranges
                0x0000000000000278       0x20 src/freqin.o
 .debug_aranges
                0x0000000000000298       0x28 src/freqout.o
 .debug_aranges
                0x00000000000002c0       0x68 src/fuzzy.o
 .debug_aranges
                0x0000000000000328       0x18 src/global.o
 .debug_aranges
                0x0000000000000340       0x48 src/gpio.o
 .debug_aranges
                0x0000000000000388       0x50 src/hardware.o
 .debug_aranges
                0x00000000000003d8       0x28 src/i2c.o
 .debug_aranges
                0x0000000000000400       0x30 src/indexes.o
 .debug_aranges
                0x0000000000000430       0x28 src/initsystem.o
 .debug_aranges
                0x0000000000000458       0x90 src/interrupts.o
 .debug_aranges
                0x00000000000004e8       0x38 src/logevent.o
 .debug_aranges
                0x0000000000000520       0x20 src/main.o
 .debug_aranges
                0x0000000000000540       0x20 src/math64.o
 .debug_aranges
                0x0000000000000560       0x28 src/mcp3421.o
 .debug_aranges
                0x0000000000000588       0x38 src/pwm.o
 .debug_aranges
                0x00000000000005c0       0x50 src/reflash.o
 .debug_aranges
                0x0000000000000610       0x30 src/reflash_page.o
 .debug_aranges
                0x0000000000000640       0x58 src/serial.o
 .debug_aranges
                0x0000000000000698       0x20 src/testinput.o
 .debug_aranges
                0x00000000000006b8       0x48 src/throttle.o
 .debug_aranges
                0x0000000000000700       0x20 src/ticks.o
 .debug_aranges
                0x0000000000000720       0x60 src/timer.o
 .debug_aranges
                0x0000000000000780       0x50 src/usart.o
 .debug_aranges
                0x00000000000007d0       0x30 src/verify.o
 .debug_aranges
                0x0000000000000800       0x28 src/watchdog.o
 .debug_aranges
                0x0000000000000828       0x28 startup/startup_stm32.o

.debug_ranges   0x0000000000000000      0x5f0
 .debug_ranges  0x0000000000000000       0x18 src/accel.o
 .debug_ranges  0x0000000000000018       0x18 src/adc.o
 .debug_ranges  0x0000000000000030       0x20 src/analog.o
 .debug_ranges  0x0000000000000050       0x88 src/can.o
 .debug_ranges  0x00000000000000d8       0x18 src/crc16.o
 .debug_ranges  0x00000000000000f0       0x10 src/crc8.o
 .debug_ranges  0x0000000000000100       0x18 src/default.o
 .debug_ranges  0x0000000000000118       0x40 src/dig.o
 .debug_ranges  0x0000000000000158       0x18 src/dma.o
 .debug_ranges  0x0000000000000170       0x10 src/error_handler.o
 .debug_ranges  0x0000000000000180       0x10 src/errorcondition.o
 .debug_ranges  0x0000000000000190       0x28 src/execution.o
 .debug_ranges  0x00000000000001b8       0x10 src/freqin.o
 .debug_ranges  0x00000000000001c8       0x18 src/freqout.o
 .debug_ranges  0x00000000000001e0       0x58 src/fuzzy.o
 .debug_ranges  0x0000000000000238       0x38 src/gpio.o
 .debug_ranges  0x0000000000000270       0x40 src/hardware.o
 .debug_ranges  0x00000000000002b0       0x18 src/i2c.o
 .debug_ranges  0x00000000000002c8       0x20 src/indexes.o
 .debug_ranges  0x00000000000002e8       0x18 src/initsystem.o
 .debug_ranges  0x0000000000000300       0x80 src/interrupts.o
 .debug_ranges  0x0000000000000380       0x28 src/logevent.o
 .debug_ranges  0x00000000000003a8       0x10 src/main.o
 .debug_ranges  0x00000000000003b8       0x10 src/math64.o
 .debug_ranges  0x00000000000003c8       0x18 src/mcp3421.o
 .debug_ranges  0x00000000000003e0       0x28 src/pwm.o
 .debug_ranges  0x0000000000000408       0x40 src/reflash.o
 .debug_ranges  0x0000000000000448       0x20 src/reflash_page.o
 .debug_ranges  0x0000000000000468       0x48 src/serial.o
 .debug_ranges  0x00000000000004b0       0x10 src/testinput.o
 .debug_ranges  0x00000000000004c0       0x38 src/throttle.o
 .debug_ranges  0x00000000000004f8       0x10 src/ticks.o
 .debug_ranges  0x0000000000000508       0x50 src/timer.o
 .debug_ranges  0x0000000000000558       0x40 src/usart.o
 .debug_ranges  0x0000000000000598       0x20 src/verify.o
 .debug_ranges  0x00000000000005b8       0x18 src/watchdog.o
 .debug_ranges  0x00000000000005d0       0x20 startup/startup_stm32.o

.debug_macro    0x0000000000000000    0x125b7
 .debug_macro   0x0000000000000000      0x1cc src/accel.o
 .debug_macro   0x00000000000001cc      0xa48 src/accel.o
 .debug_macro   0x0000000000000c14       0x1c src/accel.o
 .debug_macro   0x0000000000000c30       0x22 src/accel.o
 .debug_macro   0x0000000000000c52       0x40 src/accel.o
 .debug_macro   0x0000000000000c92       0x18 src/accel.o
 .debug_macro   0x0000000000000caa       0x94 src/accel.o
 .debug_macro   0x0000000000000d3e       0x3c src/accel.o
 .debug_macro   0x0000000000000d7a       0xef src/accel.o
 .debug_macro   0x0000000000000e69       0x3a src/accel.o
 .debug_macro   0x0000000000000ea3       0x57 src/accel.o
 .debug_macro   0x0000000000000efa       0x6a src/accel.o
 .debug_macro   0x0000000000000f64      0x1df src/accel.o
 .debug_macro   0x0000000000001143       0x82 src/accel.o
 .debug_macro   0x00000000000011c5      0x460 src/accel.o
 .debug_macro   0x0000000000001625      0x104 src/accel.o
 .debug_macro   0x0000000000001729      0x330 src/accel.o
 .debug_macro   0x0000000000001a59       0x25 src/accel.o
 .debug_macro   0x0000000000001a7e      0x118 src/accel.o
 .debug_macro   0x0000000000001b96       0x52 src/accel.o
 .debug_macro   0x0000000000001be8       0x1f src/accel.o
 .debug_macro   0x0000000000001c07       0x43 src/accel.o
 .debug_macro   0x0000000000001c4a       0x20 src/accel.o
 .debug_macro   0x0000000000001c6a      0x1a3 src/accel.o
 .debug_macro   0x0000000000001e0d       0x10 src/accel.o
 .debug_macro   0x0000000000001e1d       0x35 src/accel.o
 .debug_macro   0x0000000000001e52       0x20 src/accel.o
 .debug_macro   0x0000000000001e72       0x16 src/accel.o
 .debug_macro   0x0000000000001e88       0x16 src/accel.o
 .debug_macro   0x0000000000001e9e       0x29 src/accel.o
 .debug_macro   0x0000000000001ec7     0xbce1 src/accel.o
 .debug_macro   0x000000000000dba8      0x1e1 src/accel.o
 .debug_macro   0x000000000000dd89      0x6ac src/accel.o
 .debug_macro   0x000000000000e435      0x1d8 src/adc.o
 .debug_macro   0x000000000000e60d      0x1de src/analog.o
 .debug_macro   0x000000000000e7eb      0x1d2 src/can.o
 .debug_macro   0x000000000000e9bd      0x1cc src/crc16.o
 .debug_macro   0x000000000000eb89      0x1cc src/crc8.o
 .debug_macro   0x000000000000ed55      0x1cc src/default.o
 .debug_macro   0x000000000000ef21      0x1cc src/dig.o
 .debug_macro   0x000000000000f0ed      0x1cc src/dma.o
 .debug_macro   0x000000000000f2b9      0x1cc src/error_handler.o
 .debug_macro   0x000000000000f485      0x1cc src/errorcondition.o
 .debug_macro   0x000000000000f651      0x1cc src/execution.o
 .debug_macro   0x000000000000f81d      0x1cc src/freqin.o
 .debug_macro   0x000000000000f9e9      0x1cc src/freqout.o
 .debug_macro   0x000000000000fbb5      0x1d8 src/fuzzy.o
 .debug_macro   0x000000000000fd8d      0x1cc src/global.o
 .debug_macro   0x000000000000ff59      0x1cc src/gpio.o
 .debug_macro   0x0000000000010125      0x1cc src/hardware.o
 .debug_macro   0x00000000000102f1      0x1cc src/i2c.o
 .debug_macro   0x00000000000104bd      0x1d2 src/indexes.o
 .debug_macro   0x000000000001068f      0x1cc src/initsystem.o
 .debug_macro   0x000000000001085b      0x1cc src/interrupts.o
 .debug_macro   0x0000000000010a27      0x1cc src/logevent.o
 .debug_macro   0x0000000000010bf3      0x1cc src/main.o
 .debug_macro   0x0000000000010dbf      0x1e4 src/math64.o
 .debug_macro   0x0000000000010fa3      0x1cc src/mcp3421.o
 .debug_macro   0x000000000001116f      0x1cc src/pwm.o
 .debug_macro   0x000000000001133b      0x1d8 src/reflash.o
 .debug_macro   0x0000000000011513      0x1e4 src/reflash_page.o
 .debug_macro   0x00000000000116f7      0x1cc src/serial.o
 .debug_macro   0x00000000000118c3      0x1cc src/testinput.o
 .debug_macro   0x0000000000011a8f      0x1cc src/throttle.o
 .debug_macro   0x0000000000011c5b      0x1cc src/ticks.o
 .debug_macro   0x0000000000011e27      0x1cc src/timer.o
 .debug_macro   0x0000000000011ff3      0x1cc src/usart.o
 .debug_macro   0x00000000000121bf      0x22c src/verify.o
 .debug_macro   0x00000000000123eb      0x1cc src/watchdog.o

.debug_line     0x0000000000000000    0x1051d
 .debug_line    0x0000000000000000      0x6f3 src/accel.o
 .debug_line    0x00000000000006f3      0x66d src/adc.o
 .debug_line    0x0000000000000d60      0x6a7 src/analog.o
 .debug_line    0x0000000000001407      0x977 src/can.o
 .debug_line    0x0000000000001d7e      0x64f src/crc16.o
 .debug_line    0x00000000000023cd      0x639 src/crc8.o
 .debug_line    0x0000000000002a06      0x748 src/default.o
 .debug_line    0x000000000000314e      0x7ab src/dig.o
 .debug_line    0x00000000000038f9      0x65f src/dma.o
 .debug_line    0x0000000000003f58      0x63a src/error_handler.o
 .debug_line    0x0000000000004592      0x695 src/errorcondition.o
 .debug_line    0x0000000000004c27      0x698 src/execution.o
 .debug_line    0x00000000000052bf      0x646 src/freqin.o
 .debug_line    0x0000000000005905      0x675 src/freqout.o
 .debug_line    0x0000000000005f7a      0x892 src/fuzzy.o
 .debug_line    0x000000000000680c      0x616 src/global.o
 .debug_line    0x0000000000006e22      0x6f6 src/gpio.o
 .debug_line    0x0000000000007518      0x6a5 src/hardware.o
 .debug_line    0x0000000000007bbd      0x72b src/i2c.o
 .debug_line    0x00000000000082e8      0x71c src/indexes.o
 .debug_line    0x0000000000008a04      0x740 src/initsystem.o
 .debug_line    0x0000000000009144      0x72a src/interrupts.o
 .debug_line    0x000000000000986e      0x6ed src/logevent.o
 .debug_line    0x0000000000009f5b      0x64d src/main.o
 .debug_line    0x000000000000a5a8      0x668 src/math64.o
 .debug_line    0x000000000000ac10      0x6ca src/mcp3421.o
 .debug_line    0x000000000000b2da      0x6a3 src/pwm.o
 .debug_line    0x000000000000b97d      0x76d src/reflash.o
 .debug_line    0x000000000000c0ea      0x6a5 src/reflash_page.o
 .debug_line    0x000000000000c78f      0xad1 src/serial.o
 .debug_line    0x000000000000d260      0x63a src/testinput.o
 .debug_line    0x000000000000d89a      0x851 src/throttle.o
 .debug_line    0x000000000000e0eb      0x643 src/ticks.o
 .debug_line    0x000000000000e72e      0x77f src/timer.o
 .debug_line    0x000000000000eead      0x6fd src/usart.o
 .debug_line    0x000000000000f5aa      0x888 src/verify.o
 .debug_line    0x000000000000fe32      0x669 src/watchdog.o
 .debug_line    0x000000000001049b       0x82 startup/startup_stm32.o

.debug_str      0x0000000000000000    0x4ab98
 .debug_str     0x0000000000000000    0x48ec2 src/accel.o
                                      0x49591 (size before relaxing)
 .debug_str     0x0000000000048ec2      0x25f src/adc.o
                                      0x49791 (size before relaxing)
 .debug_str     0x0000000000049121      0x1d3 src/analog.o
                                      0x49715 (size before relaxing)
 .debug_str     0x00000000000492f4      0x393 src/can.o
                                      0x49ab3 (size before relaxing)
 .debug_str     0x0000000000049687       0x41 src/crc16.o
                                      0x49573 (size before relaxing)
 .debug_str     0x00000000000496c8       0x24 src/crc8.o
                                      0x49560 (size before relaxing)
 .debug_str     0x00000000000496ec       0x5e src/default.o
                                      0x4959a (size before relaxing)
 .debug_str     0x000000000004974a       0xfb src/dig.o
                                      0x49810 (size before relaxing)
 .debug_str     0x0000000000049845       0x41 src/dma.o
                                      0x49573 (size before relaxing)
 .debug_str     0x0000000000049886       0x46 src/error_handler.o
                                      0x49578 (size before relaxing)
 .debug_str     0x00000000000498cc       0x40 src/errorcondition.o
                                      0x49572 (size before relaxing)
 .debug_str     0x000000000004990c       0x6c src/execution.o
                                      0x495c6 (size before relaxing)
 .debug_str     0x0000000000049978       0x36 src/freqin.o
                                      0x49568 (size before relaxing)
 .debug_str     0x00000000000499ae       0x5f src/freqout.o
                                      0x495b9 (size before relaxing)
 .debug_str     0x0000000000049a0d      0x192 src/fuzzy.o
                                      0x496d3 (size before relaxing)
 .debug_str     0x0000000000049b9f       0x10 src/global.o
                                      0x4954b (size before relaxing)
 .debug_str     0x0000000000049baf       0xff src/gpio.o
                                      0x49671 (size before relaxing)
 .debug_str     0x0000000000049cae      0x14a src/hardware.o
                                      0x4986a (size before relaxing)
 .debug_str     0x0000000000049df8       0x65 src/i2c.o
                                      0x495bb (size before relaxing)
 .debug_str     0x0000000000049e5d       0xb5 src/indexes.o
                                      0x49639 (size before relaxing)
 .debug_str     0x0000000000049f12      0x119 src/initsystem.o
                                      0x49887 (size before relaxing)
 .debug_str     0x000000000004a02b      0x131 src/interrupts.o
                                      0x49663 (size before relaxing)
 .debug_str     0x000000000004a15c       0x63 src/logevent.o
                                      0x495b2 (size before relaxing)
 .debug_str     0x000000000004a1bf       0x13 src/main.o
                                      0x49545 (size before relaxing)
 .debug_str     0x000000000004a1d2       0xa8 src/math64.o
                                      0x4961a (size before relaxing)
 .debug_str     0x000000000004a27a       0x39 src/mcp3421.o
                                      0x4959b (size before relaxing)
 .debug_str     0x000000000004a2b3       0x46 src/pwm.o
                                      0x4960c (size before relaxing)
 .debug_str     0x000000000004a2f9      0x10d src/reflash.o
                                      0x49679 (size before relaxing)
 .debug_str     0x000000000004a406       0x5b src/reflash_page.o
                                      0x49680 (size before relaxing)
 .debug_str     0x000000000004a461      0x10e src/serial.o
                                      0x496a3 (size before relaxing)
 .debug_str     0x000000000004a56f       0x24 src/testinput.o
                                      0x49556 (size before relaxing)
 .debug_str     0x000000000004a593       0xba src/throttle.o
                                      0x4962d (size before relaxing)
 .debug_str     0x000000000004a64d       0x44 src/ticks.o
                                      0x49576 (size before relaxing)
 .debug_str     0x000000000004a691      0x145 src/timer.o
                                      0x496d4 (size before relaxing)
 .debug_str     0x000000000004a7d6       0xc4 src/usart.o
                                      0x49800 (size before relaxing)
 .debug_str     0x000000000004a89a      0x275 src/verify.o
                                      0x497bc (size before relaxing)
 .debug_str     0x000000000004ab0f       0x60 src/watchdog.o
                                      0x495aa (size before relaxing)
 .debug_str     0x000000000004ab6f       0x29 startup/startup_stm32.o
                                         0x6f (size before relaxing)

.comment        0x0000000000000000       0x7b
 .comment       0x0000000000000000       0x7b src/accel.o
                                         0x7c (size before relaxing)
 .comment       0x000000000000007b       0x7c src/adc.o
 .comment       0x000000000000007b       0x7c src/analog.o
 .comment       0x000000000000007b       0x7c src/can.o
 .comment       0x000000000000007b       0x7c src/crc16.o
 .comment       0x000000000000007b       0x7c src/crc8.o
 .comment       0x000000000000007b       0x7c src/default.o
 .comment       0x000000000000007b       0x7c src/dig.o
 .comment       0x000000000000007b       0x7c src/dma.o
 .comment       0x000000000000007b       0x7c src/error_handler.o
 .comment       0x000000000000007b       0x7c src/errorcondition.o
 .comment       0x000000000000007b       0x7c src/execution.o
 .comment       0x000000000000007b       0x7c src/freqin.o
 .comment       0x000000000000007b       0x7c src/freqout.o
 .comment       0x000000000000007b       0x7c src/fuzzy.o
 .comment       0x000000000000007b       0x7c src/global.o
 .comment       0x000000000000007b       0x7c src/gpio.o
 .comment       0x000000000000007b       0x7c src/hardware.o
 .comment       0x000000000000007b       0x7c src/i2c.o
 .comment       0x000000000000007b       0x7c src/indexes.o
 .comment       0x000000000000007b       0x7c src/initsystem.o
 .comment       0x000000000000007b       0x7c src/interrupts.o
 .comment       0x000000000000007b       0x7c src/logevent.o
 .comment       0x000000000000007b       0x7c src/main.o
 .comment       0x000000000000007b       0x7c src/math64.o
 .comment       0x000000000000007b       0x7c src/mcp3421.o
 .comment       0x000000000000007b       0x7c src/pwm.o
 .comment       0x000000000000007b       0x7c src/reflash.o
 .comment       0x000000000000007b       0x7c src/reflash_page.o
 .comment       0x000000000000007b       0x7c src/serial.o
 .comment       0x000000000000007b       0x7c src/testinput.o
 .comment       0x000000000000007b       0x7c src/throttle.o
 .comment       0x000000000000007b       0x7c src/ticks.o
 .comment       0x000000000000007b       0x7c src/timer.o
 .comment       0x000000000000007b       0x7c src/usart.o
 .comment       0x000000000000007b       0x7c src/verify.o
 .comment       0x000000000000007b       0x7c src/watchdog.o

.debug_frame    0x0000000000000000     0x161c
 .debug_frame   0x0000000000000000       0x48 src/accel.o
 .debug_frame   0x0000000000000048       0x4c src/adc.o
 .debug_frame   0x0000000000000094       0x74 src/analog.o
 .debug_frame   0x0000000000000108      0x20c src/can.o
 .debug_frame   0x0000000000000314       0x50 src/crc16.o
 .debug_frame   0x0000000000000364       0x30 src/crc8.o
 .debug_frame   0x0000000000000394       0x4c src/default.o
 .debug_frame   0x00000000000003e0       0xf4 src/dig.o
 .debug_frame   0x00000000000004d4       0x50 src/dma.o
 .debug_frame   0x0000000000000524       0x30 src/error_handler.o
 .debug_frame   0x0000000000000554       0x30 src/errorcondition.o
 .debug_frame   0x0000000000000584       0x8c src/execution.o
 .debug_frame   0x0000000000000610       0x34 src/freqin.o
 .debug_frame   0x0000000000000644       0x50 src/freqout.o
 .debug_frame   0x0000000000000694      0x154 src/fuzzy.o
 .debug_frame   0x00000000000007e8       0xd0 src/gpio.o
 .debug_frame   0x00000000000008b8       0xe4 src/hardware.o
 .debug_frame   0x000000000000099c       0x50 src/i2c.o
 .debug_frame   0x00000000000009ec       0x74 src/indexes.o
 .debug_frame   0x0000000000000a60       0x50 src/initsystem.o
 .debug_frame   0x0000000000000ab0      0x1b4 src/interrupts.o
 .debug_frame   0x0000000000000c64       0x88 src/logevent.o
 .debug_frame   0x0000000000000cec       0x2c src/main.o
 .debug_frame   0x0000000000000d18       0x34 src/math64.o
 .debug_frame   0x0000000000000d4c       0x4c src/mcp3421.o
 .debug_frame   0x0000000000000d98       0x90 src/pwm.o
 .debug_frame   0x0000000000000e28       0xf0 src/reflash.o
 .debug_frame   0x0000000000000f18       0x6c src/reflash_page.o
 .debug_frame   0x0000000000000f84      0x118 src/serial.o
 .debug_frame   0x000000000000109c       0x30 src/testinput.o
 .debug_frame   0x00000000000010cc       0xcc src/throttle.o
 .debug_frame   0x0000000000001198       0x30 src/ticks.o
 .debug_frame   0x00000000000011c8      0x12c src/timer.o
 .debug_frame   0x00000000000012f4       0xf0 src/usart.o
 .debug_frame   0x00000000000013e4       0x70 src/verify.o
 .debug_frame   0x0000000000001454       0x4c src/watchdog.o
 .debug_frame   0x00000000000014a0       0x2c c:/st/stm32cubeide_1.5.1/stm32cubeide/plugins/com.st.stm32cube.ide.mcu.externaltools.gnu-tools-for-stm32.7-2018-q2-update.win32_1.5.0.202011040924/tools/bin/../lib/gcc/arm-none-eabi/7.3.1/../../../../arm-none-eabi/lib/thumb/v6-m\libc_nano.a(lib_a-init.o)
 .debug_frame   0x00000000000014cc       0x28 c:/st/stm32cubeide_1.5.1/stm32cubeide/plugins/com.st.stm32cube.ide.mcu.externaltools.gnu-tools-for-stm32.7-2018-q2-update.win32_1.5.0.202011040924/tools/bin/../lib/gcc/arm-none-eabi/7.3.1/../../../../arm-none-eabi/lib/thumb/v6-m\libc_nano.a(lib_a-memcpy-stub.o)
 .debug_frame   0x00000000000014f4       0x28 c:/st/stm32cubeide_1.5.1/stm32cubeide/plugins/com.st.stm32cube.ide.mcu.externaltools.gnu-tools-for-stm32.7-2018-q2-update.win32_1.5.0.202011040924/tools/bin/../lib/gcc/arm-none-eabi/7.3.1/../../../../arm-none-eabi/lib/thumb/v6-m\libc_nano.a(lib_a-memmove.o)
 .debug_frame   0x000000000000151c       0x20 c:/st/stm32cubeide_1.5.1/stm32cubeide/plugins/com.st.stm32cube.ide.mcu.externaltools.gnu-tools-for-stm32.7-2018-q2-update.win32_1.5.0.202011040924/tools/bin/../lib/gcc/arm-none-eabi/7.3.1/../../../../arm-none-eabi/lib/thumb/v6-m\libc_nano.a(lib_a-memset.o)
 .debug_frame   0x000000000000153c       0x20 c:/st/stm32cubeide_1.5.1/stm32cubeide/plugins/com.st.stm32cube.ide.mcu.externaltools.gnu-tools-for-stm32.7-2018-q2-update.win32_1.5.0.202011040924/tools/bin/../lib/gcc/arm-none-eabi/7.3.1/thumb/v6-m\libgcc.a(_udivsi3.o)
 .debug_frame   0x000000000000155c       0x20 c:/st/stm32cubeide_1.5.1/stm32cubeide/plugins/com.st.stm32cube.ide.mcu.externaltools.gnu-tools-for-stm32.7-2018-q2-update.win32_1.5.0.202011040924/tools/bin/../lib/gcc/arm-none-eabi/7.3.1/thumb/v6-m\libgcc.a(_divsi3.o)
 .debug_frame   0x000000000000157c       0x34 c:/st/stm32cubeide_1.5.1/stm32cubeide/plugins/com.st.stm32cube.ide.mcu.externaltools.gnu-tools-for-stm32.7-2018-q2-update.win32_1.5.0.202011040924/tools/bin/../lib/gcc/arm-none-eabi/7.3.1/thumb/v6-m\libgcc.a(_muldi3.o)
 .debug_frame   0x00000000000015b0       0x30 c:/st/stm32cubeide_1.5.1/stm32cubeide/plugins/com.st.stm32cube.ide.mcu.externaltools.gnu-tools-for-stm32.7-2018-q2-update.win32_1.5.0.202011040924/tools/bin/../lib/gcc/arm-none-eabi/7.3.1/thumb/v6-m\libgcc.a(bpabi.o)
 .debug_frame   0x00000000000015e0       0x3c c:/st/stm32cubeide_1.5.1/stm32cubeide/plugins/com.st.stm32cube.ide.mcu.externaltools.gnu-tools-for-stm32.7-2018-q2-update.win32_1.5.0.202011040924/tools/bin/../lib/gcc/arm-none-eabi/7.3.1/thumb/v6-m\libgcc.a(_divdi3.o)
