stm32f0xx_hal_uart.c:290:19:HAL_UART_Init	16	static
stm32f0xx_hal_uart.c:369:19:HAL_HalfDuplex_Init	16	static
stm32f0xx_hal_uart.c:454:19:HAL_MultiProcessor_Init	24	static
stm32f0xx_hal_uart.c:534:19:HAL_UART_DeInit	16	static
stm32f0xx_hal_uart.c:572:13:HAL_UART_MspInit	16	static
stm32f0xx_hal_uart.c:587:13:HAL_UART_MspDeInit	16	static
stm32f0xx_hal_uart.c:690:19:HAL_UART_Transmit	40	static
stm32f0xx_hal_uart.c:774:19:HAL_UART_Receive	48	static
stm32f0xx_hal_uart.c:860:19:HAL_UART_Transmit_IT	24	static
stm32f0xx_hal_uart.c:916:19:HAL_UART_Receive_IT	24	static
stm32f0xx_hal_uart.c:978:19:HAL_UART_Transmit_DMA	24	static
stm32f0xx_hal_uart.c:1053:19:HAL_UART_Receive_DMA	24	static
stm32f0xx_hal_uart.c:1124:19:HAL_UART_DMAPause	16	static
stm32f0xx_hal_uart.c:1157:19:HAL_UART_DMAResume	16	static
stm32f0xx_hal_uart.c:1191:19:HAL_UART_DMAStop	16	static
stm32f0xx_hal_uart.c:1245:19:HAL_UART_Abort	16	static
stm32f0xx_hal_uart.c:1312:19:HAL_UART_AbortTransmit	16	static
stm32f0xx_hal_uart.c:1354:19:HAL_UART_AbortReceive	16	static
stm32f0xx_hal_uart.c:1402:19:HAL_UART_Abort_IT	24	static
stm32f0xx_hal_uart.c:1527:19:HAL_UART_AbortTransmit_IT	16	static
stm32f0xx_hal_uart.c:1592:19:HAL_UART_AbortReceive_IT	16	static
stm32f0xx_hal_uart.c:1655:6:HAL_UART_IRQHandler	24	static
stm32f0xx_hal_uart.c:1692:13:HAL_UART_TxCpltCallback	16	static
stm32f0xx_hal_uart.c:1707:13:HAL_UART_TxHalfCpltCallback	16	static
stm32f0xx_hal_uart.c:1722:13:HAL_UART_RxCpltCallback	16	static
stm32f0xx_hal_uart.c:1737:13:HAL_UART_RxHalfCpltCallback	16	static
stm32f0xx_hal_uart.c:1752:13:HAL_UART_ErrorCallback	16	static
stm32f0xx_hal_uart.c:1767:13:HAL_UART_AbortCpltCallback	16	static
stm32f0xx_hal_uart.c:1782:13:HAL_UART_AbortTransmitCpltCallback	16	static
stm32f0xx_hal_uart.c:1797:13:HAL_UART_AbortReceiveCpltCallback	16	static
stm32f0xx_hal_uart.c:1835:19:HAL_MultiProcessor_EnableMuteMode	16	static
stm32f0xx_hal_uart.c:1856:19:HAL_MultiProcessor_DisableMuteMode	16	static
stm32f0xx_hal_uart.c:1877:6:HAL_MultiProcessor_EnterMuteMode	16	static
stm32f0xx_hal_uart.c:1887:19:HAL_HalfDuplex_EnableTransmitter	16	static
stm32f0xx_hal_uart.c:1911:19:HAL_HalfDuplex_EnableReceiver	16	static
stm32f0xx_hal_uart.c:1955:23:HAL_UART_GetState	24	static
stm32f0xx_hal_uart.c:1970:10:HAL_UART_GetError	16	static
stm32f0xx_hal_uart.c:1991:19:UART_SetConfig	40	static
stm32f0xx_hal_uart.c:2096:6:UART_AdvFeatureConfig	16	static
stm32f0xx_hal_uart.c:2170:19:UART_CheckIdleState	32	static
stm32f0xx_hal_uart.c:2231:19:UART_WaitOnFlagUntilTimeout	24	static
stm32f0xx_hal_uart.c:2263:13:UART_EndTxTransfer	16	static
stm32f0xx_hal_uart.c:2278:13:UART_EndRxTransfer	16	static
stm32f0xx_hal_uart.c:2294:13:UART_DMATransmitCplt	24	static
stm32f0xx_hal_uart.c:2323:13:UART_DMATxHalfCplt	24	static
stm32f0xx_hal_uart.c:2335:13:UART_DMAReceiveCplt	24	static
stm32f0xx_hal_uart.c:2364:13:UART_DMARxHalfCplt	24	static
stm32f0xx_hal_uart.c:2376:13:UART_DMAError	24	static
stm32f0xx_hal_uart.c:2409:13:UART_DMATxAbortCallback	24	static
stm32f0xx_hal_uart.c:2451:13:UART_DMARxAbortCallback	24	static
stm32f0xx_hal_uart.c:2493:13:UART_DMATxOnlyAbortCallback	24	static
stm32f0xx_hal_uart.c:2514:13:UART_DMARxOnlyAbortCallback	24	static
stm32f0xx_hal_uart.c:2537:19:UART_Transmit_IT	24	static
stm32f0xx_hal_uart.c:2583:19:UART_EndTransmit_IT	16	static
stm32f0xx_hal_uart.c:2603:19:UART_Receive_IT	32	static
