stm32f0xx_it.c:44:6:NMI_Handler	8	static
stm32f0xx_it.c:47:6:HardFault_Handler	8	static
stm32f0xx_it.c:52:6:SVC_Handler	8	static
stm32f0xx_it.c:55:6:PendSV_Handler	8	static
stm32f0xx_it.c:58:6:EXTI2_3_IRQHandler	8	static
stm32f0xx_it.c:63:6:EXTI4_15_IRQHandler	8	static
stm32f0xx_it.c:71:6:SysTick_Handler	8	static
stm32f0xx_it.c:77:6:USART1_IRQHandler	8	static
stm32f0xx_it.c:81:6:USART2_IRQHandler	8	static
stm32f0xx_it.c:85:6:USART3_4_IRQHandler	8	static
stm32f0xx_it.c:89:6:DMA1_Channel2_3_IRQHandler	8	static
stm32f0xx_it.c:94:6:DMA1_Channel4_5_6_7_IRQHandler	8	static
stm32f0xx_it.c:100:6:I2C1_IRQHandler	8	static
