subsystems.c:23:6:MX_CAN_Init	8	static
subsystems.c:50:6:HAL_CAN_MspInit	48	static
subsystems.c:81:6:MX_CRC_Init	8	static
subsystems.c:100:6:HAL_CRC_MspInit	24	static
subsystems.c:113:6:HAL_CRC_MspDeInit	16	static
subsystems.c:127:6:MX_DMA_Init	16	static
subsystems.c:175:6:MX_GPIO_Init	56	static
subsystems.c:297:6:MX_I2C1_Init	8	static
subsystems.c:326:6:HAL_I2C_MspInit	56	static
subsystems.c:380:6:HAL_I2C_MspDeInit	16	static
subsystems.c:408:6:HAL_TIM_MspPostInit	40	static
subsystems.c:482:6:MX_USART1_UART_Init	8	static
subsystems.c:505:6:MX_USART2_UART_Init	8	static
subsystems.c:528:6:MX_USART4_UART_Init	8	static
subsystems.c:552:6:HAL_UART_MspInit	56	static
subsystems.c:678:6:MX_TIM6_Init	16	static
subsystems.c:700:6:MX_TIM7_Init	16	static
subsystems.c:722:6:HAL_TIM_Base_MspInit	24	static
subsystems.c:740:6:HAL_TIM_Base_MspDeInit	16	static
