Archive member included to satisfy reference by file (symbol)

c:/st/stm32cubeide_1.5.1/stm32cubeide/plugins/com.st.stm32cube.ide.mcu.externaltools.gnu-tools-for-stm32.7-2018-q2-update.win32_1.5.0.202011040924/tools/bin/../lib/gcc/arm-none-eabi/7.3.1/../../../../arm-none-eabi/lib/thumb/v6-m\libc_nano.a(lib_a-exit.o)
                              c:/st/stm32cubeide_1.5.1/stm32cubeide/plugins/com.st.stm32cube.ide.mcu.externaltools.gnu-tools-for-stm32.7-2018-q2-update.win32_1.5.0.202011040924/tools/bin/../lib/gcc/arm-none-eabi/7.3.1/../../../../arm-none-eabi/lib/thumb/v6-m/crt0.o (exit)
c:/st/stm32cubeide_1.5.1/stm32cubeide/plugins/com.st.stm32cube.ide.mcu.externaltools.gnu-tools-for-stm32.7-2018-q2-update.win32_1.5.0.202011040924/tools/bin/../lib/gcc/arm-none-eabi/7.3.1/../../../../arm-none-eabi/lib/thumb/v6-m\libc_nano.a(lib_a-impure.o)
                              c:/st/stm32cubeide_1.5.1/stm32cubeide/plugins/com.st.stm32cube.ide.mcu.externaltools.gnu-tools-for-stm32.7-2018-q2-update.win32_1.5.0.202011040924/tools/bin/../lib/gcc/arm-none-eabi/7.3.1/../../../../arm-none-eabi/lib/thumb/v6-m\libc_nano.a(lib_a-exit.o) (_global_impure_ptr)
c:/st/stm32cubeide_1.5.1/stm32cubeide/plugins/com.st.stm32cube.ide.mcu.externaltools.gnu-tools-for-stm32.7-2018-q2-update.win32_1.5.0.202011040924/tools/bin/../lib/gcc/arm-none-eabi/7.3.1/../../../../arm-none-eabi/lib/thumb/v6-m\libc_nano.a(lib_a-init.o)
                              c:/st/stm32cubeide_1.5.1/stm32cubeide/plugins/com.st.stm32cube.ide.mcu.externaltools.gnu-tools-for-stm32.7-2018-q2-update.win32_1.5.0.202011040924/tools/bin/../lib/gcc/arm-none-eabi/7.3.1/../../../../arm-none-eabi/lib/thumb/v6-m/crt0.o (__libc_init_array)
c:/st/stm32cubeide_1.5.1/stm32cubeide/plugins/com.st.stm32cube.ide.mcu.externaltools.gnu-tools-for-stm32.7-2018-q2-update.win32_1.5.0.202011040924/tools/bin/../lib/gcc/arm-none-eabi/7.3.1/../../../../arm-none-eabi/lib/thumb/v6-m\libc_nano.a(lib_a-memcmp.o)
                              src/initsystem.o (memcmp)
c:/st/stm32cubeide_1.5.1/stm32cubeide/plugins/com.st.stm32cube.ide.mcu.externaltools.gnu-tools-for-stm32.7-2018-q2-update.win32_1.5.0.202011040924/tools/bin/../lib/gcc/arm-none-eabi/7.3.1/../../../../arm-none-eabi/lib/thumb/v6-m\libc_nano.a(lib_a-memmove.o)
                              src/serial.o (memmove)
c:/st/stm32cubeide_1.5.1/stm32cubeide/plugins/com.st.stm32cube.ide.mcu.externaltools.gnu-tools-for-stm32.7-2018-q2-update.win32_1.5.0.202011040924/tools/bin/../lib/gcc/arm-none-eabi/7.3.1/../../../../arm-none-eabi/lib/thumb/v6-m\libc_nano.a(lib_a-memset.o)
                              c:/st/stm32cubeide_1.5.1/stm32cubeide/plugins/com.st.stm32cube.ide.mcu.externaltools.gnu-tools-for-stm32.7-2018-q2-update.win32_1.5.0.202011040924/tools/bin/../lib/gcc/arm-none-eabi/7.3.1/../../../../arm-none-eabi/lib/thumb/v6-m/crt0.o (memset)
c:/st/stm32cubeide_1.5.1/stm32cubeide/plugins/com.st.stm32cube.ide.mcu.externaltools.gnu-tools-for-stm32.7-2018-q2-update.win32_1.5.0.202011040924/tools/bin/../lib/gcc/arm-none-eabi/7.3.1/../../../../arm-none-eabi/lib/thumb/v6-m\libc_nano.a(lib_a-strlen.o)
                              src/mysprintf.o (strlen)
c:/st/stm32cubeide_1.5.1/stm32cubeide/plugins/com.st.stm32cube.ide.mcu.externaltools.gnu-tools-for-stm32.7-2018-q2-update.win32_1.5.0.202011040924/tools/bin/../lib/gcc/arm-none-eabi/7.3.1/thumb/v6-m\libgcc.a(_udivsi3.o)
                              HAL_Driver/Src/stm32f0xx_hal.o (__aeabi_uidiv)
c:/st/stm32cubeide_1.5.1/stm32cubeide/plugins/com.st.stm32cube.ide.mcu.externaltools.gnu-tools-for-stm32.7-2018-q2-update.win32_1.5.0.202011040924/tools/bin/../lib/gcc/arm-none-eabi/7.3.1/thumb/v6-m\libgcc.a(_divsi3.o)
                              src/dig.o (__aeabi_idiv)
c:/st/stm32cubeide_1.5.1/stm32cubeide/plugins/com.st.stm32cube.ide.mcu.externaltools.gnu-tools-for-stm32.7-2018-q2-update.win32_1.5.0.202011040924/tools/bin/../lib/gcc/arm-none-eabi/7.3.1/thumb/v6-m\libgcc.a(_dvmd_tls.o)
                              c:/st/stm32cubeide_1.5.1/stm32cubeide/plugins/com.st.stm32cube.ide.mcu.externaltools.gnu-tools-for-stm32.7-2018-q2-update.win32_1.5.0.202011040924/tools/bin/../lib/gcc/arm-none-eabi/7.3.1/thumb/v6-m\libgcc.a(_udivsi3.o) (__aeabi_idiv0)
c:/st/stm32cubeide_1.5.1/stm32cubeide/plugins/com.st.stm32cube.ide.mcu.externaltools.gnu-tools-for-stm32.7-2018-q2-update.win32_1.5.0.202011040924/tools/bin/../lib/gcc/arm-none-eabi/7.3.1/thumb/v6-m\libgcc.a(_aeabi_ldivmod.o)
                              src/dig.o (__aeabi_ldivmod)
c:/st/stm32cubeide_1.5.1/stm32cubeide/plugins/com.st.stm32cube.ide.mcu.externaltools.gnu-tools-for-stm32.7-2018-q2-update.win32_1.5.0.202011040924/tools/bin/../lib/gcc/arm-none-eabi/7.3.1/thumb/v6-m\libgcc.a(_aeabi_uldivmod.o)
                              src/mysprintf.o (__aeabi_uldivmod)
[...]
Memory Configuration

Name             Origin             Length             Attributes
RAM              0x0000000020000000 0x0000000000004000 xrw
ROM              0x0000000008000000 0x000000000001b800 xr
REFLASH_ROM      0x000000000801b800 0x0000000000000800 xr
*default*        0x0000000000000000 0xffffffffffffffff

Linker script and memory map

LOAD c:/st/stm32cubeide_1.5.1/stm32cubeide/plugins/com.st.stm32cube.ide.mcu.externaltools.gnu-tools-for-stm32.7-2018-q2-update.win32_1.5.0.202011040924/tools/bin/../lib/gcc/arm-none-eabi/7.3.1/thumb/v6-m/crti.o
LOAD c:/st/stm32cubeide_1.5.1/stm32cubeide/plugins/com.st.stm32cube.ide.mcu.externaltools.gnu-tools-for-stm32.7-2018-q2-update.win32_1.5.0.202011040924/tools/bin/../lib/gcc/arm-none-eabi/7.3.1/thumb/v6-m/crtbegin.o
LOAD c:/st/stm32cubeide_1.5.1/stm32cubeide/plugins/com.st.stm32cube.ide.mcu.externaltools.gnu-tools-for-stm32.7-2018-q2-update.win32_1.5.0.202011040924/tools/bin/../lib/gcc/arm-none-eabi/7.3.1/../../../../arm-none-eabi/lib/thumb/v6-m/crt0.o
LOAD HAL_Driver/Src/stm32f0xx_hal.o
LOAD HAL_Driver/Src/stm32f0xx_hal_can.o
LOAD HAL_Driver/Src/stm32f0xx_hal_cortex.o
LOAD HAL_Driver/Src/stm32f0xx_hal_crc.o
LOAD HAL_Driver/Src/stm32f0xx_hal_crc_ex.o
LOAD HAL_Driver/Src/stm32f0xx_hal_dma.o
LOAD HAL_Driver/Src/stm32f0xx_hal_flash.o
LOAD HAL_Driver/Src/stm32f0xx_hal_flash_ex.o
LOAD HAL_Driver/Src/stm32f0xx_hal_gpio.o
LOAD HAL_Driver/Src/stm32f0xx_hal_i2c.o
LOAD HAL_Driver/Src/stm32f0xx_hal_i2c_ex.o
LOAD HAL_Driver/Src/stm32f0xx_hal_iwdg.o
LOAD HAL_Driver/Src/stm32f0xx_hal_pwr.o
LOAD HAL_Driver/Src/stm32f0xx_hal_pwr_ex.o
LOAD HAL_Driver/Src/stm32f0xx_hal_rcc.o
LOAD HAL_Driver/Src/stm32f0xx_hal_rcc_ex.o
LOAD HAL_Driver/Src/stm32f0xx_hal_tim.o
LOAD HAL_Driver/Src/stm32f0xx_hal_tim_ex.o
LOAD HAL_Driver/Src/stm32f0xx_hal_uart.o
LOAD HAL_Driver/Src/stm32f0xx_hal_uart_ex.o
LOAD src/crc16.o
LOAD src/dig.o
LOAD src/error_handler.o
LOAD src/fpgacomm.o
LOAD src/freqin.o
LOAD src/global.o
LOAD src/i2c.o
LOAD src/initsystem.o
LOAD src/main.o
LOAD src/math64.o
LOAD src/mysprintf.o
LOAD src/nau7802.o
LOAD src/reflash.o
LOAD src/reflash_page.o
LOAD src/serial.o
LOAD src/stm32f0xx_hal_msp.o
LOAD src/stm32f0xx_it.o
LOAD src/subsystems.o
LOAD src/system_clock_config.o
LOAD src/system_stm32f0xx.o
LOAD src/ticks.o
LOAD startup/startup_stm32.o
START GROUP
LOAD c:/st/stm32cubeide_1.5.1/stm32cubeide/plugins/com.st.stm32cube.ide.mcu.externaltools.gnu-tools-for-stm32.7-2018-q2-update.win32_1.5.0.202011040924/tools/bin/../lib/gcc/arm-none-eabi/7.3.1/../../../../arm-none-eabi/lib/thumb/v6-m\libstdc++_nano.a
LOAD c:/st/stm32cubeide_1.5.1/stm32cubeide/plugins/com.st.stm32cube.ide.mcu.externaltools.gnu-tools-for-stm32.7-2018-q2-update.win32_1.5.0.202011040924/tools/bin/../lib/gcc/arm-none-eabi/7.3.1/../../../../arm-none-eabi/lib/thumb/v6-m\libsupc++_nano.a
END GROUP
LOAD c:/st/stm32cubeide_1.5.1/stm32cubeide/plugins/com.st.stm32cube.ide.mcu.externaltools.gnu-tools-for-stm32.7-2018-q2-update.win32_1.5.0.202011040924/tools/bin/../lib/gcc/arm-none-eabi/7.3.1/../../../../arm-none-eabi/lib/thumb/v6-m\libstdc++_nano.a
LOAD c:/st/stm32cubeide_1.5.1/stm32cubeide/plugins/com.st.stm32cube.ide.mcu.externaltools.gnu-tools-for-stm32.7-2018-q2-update.win32_1.5.0.202011040924/tools/bin/../lib/gcc/arm-none-eabi/7.3.1/../../../../arm-none-eabi/lib/thumb/v6-m\libm.a
LOAD c:/st/stm32cubeide_1.5.1/stm32cubeide/plugins/com.st.stm32cube.ide.mcu.externaltools.gnu-tools-for-stm32.7-2018-q2-update.win32_1.5.0.202011040924/tools/bin/../lib/gcc/arm-none-eabi/7.3.1/../../../../arm-none-eabi/lib/thumb/v6-m\libc_nano.a
START GROUP
LOAD c:/st/stm32cubeide_1.5.1/stm32cubeide/plugins/com.st.stm32cube.ide.mcu.externaltools.gnu-tools-for-stm32.7-2018-q2-update.win32_1.5.0.202011040924/tools/bin/../lib/gcc/arm-none-eabi/7.3.1/thumb/v6-m\libgcc.a
LOAD c:/st/stm32cubeide_1.5.1/stm32cubeide/plugins/com.st.stm32cube.ide.mcu.externaltools.gnu-tools-for-stm32.7-2018-q2-update.win32_1.5.0.202011040924/tools/bin/../lib/gcc/arm-none-eabi/7.3.1/../../../../arm-none-eabi/lib/thumb/v6-m\libc_nano.a
END GROUP
START GROUP
LOAD c:/st/stm32cubeide_1.5.1/stm32cubeide/plugins/com.st.stm32cube.ide.mcu.externaltools.gnu-tools-for-stm32.7-2018-q2-update.win32_1.5.0.202011040924/tools/bin/../lib/gcc/arm-none-eabi/7.3.1/thumb/v6-m\libgcc.a
LOAD c:/st/stm32cubeide_1.5.1/stm32cubeide/plugins/com.st.stm32cube.ide.mcu.externaltools.gnu-tools-for-stm32.7-2018-q2-update.win32_1.5.0.202011040924/tools/bin/../lib/gcc/arm-none-eabi/7.3.1/../../../../arm-none-eabi/lib/thumb/v6-m\libc_nano.a
END GROUP
LOAD c:/st/stm32cubeide_1.5.1/stm32cubeide/plugins/com.st.stm32cube.ide.mcu.externaltools.gnu-tools-for-stm32.7-2018-q2-update.win32_1.5.0.202011040924/tools/bin/../lib/gcc/arm-none-eabi/7.3.1/thumb/v6-m/crtend.o
LOAD c:/st/stm32cubeide_1.5.1/stm32cubeide/plugins/com.st.stm32cube.ide.mcu.externaltools.gnu-tools-for-stm32.7-2018-q2-update.win32_1.5.0.202011040924/tools/bin/../lib/gcc/arm-none-eabi/7.3.1/thumb/v6-m/crtn.o
                0x0000000020004000                _estack = 0x20004000
                0x0000000000000000                _Min_Heap_Size = 0x0
                0x0000000000000400                _Min_Stack_Size = 0x400

.isr_vector     0x0000000008000000      0x188
                0x0000000008000000                . = ALIGN (0x4)
 *(.isr_vector)
 .isr_vector    0x0000000008000000      0x188 startup/startup_stm32.o
                0x0000000008000000                g_pfnVectors
                0x0000000008000188                . = ALIGN (0x4)

.text           0x0000000008000188     0x9898
                0x0000000008000188                . = ALIGN (0x4)
 *(.text)
 .text          0x0000000008000188       0x48 c:/st/stm32cubeide_1.5.1/stm32cubeide/plugins/com.st.stm32cube.ide.mcu.externaltools.gnu-tools-for-stm32.7-2018-q2-update.win32_1.5.0.202011040924/tools/bin/../lib/gcc/arm-none-eabi/7.3.1/thumb/v6-m/crtbegin.o
 .text          0x00000000080001d0      0x114 c:/st/stm32cubeide_1.5.1/stm32cubeide/plugins/com.st.stm32cube.ide.mcu.externaltools.gnu-tools-for-stm32.7-2018-q2-update.win32_1.5.0.202011040924/tools/bin/../lib/gcc/arm-none-eabi/7.3.1/thumb/v6-m\libgcc.a(_udivsi3.o)
                0x00000000080001d0                __aeabi_uidiv
                0x00000000080001d0                __udivsi3
                0x00000000080002dc                __aeabi_uidivmod
 .text          0x00000000080002e4      0x1d4 c:/st/stm32cubeide_1.5.1/stm32cubeide/plugins/com.st.stm32cube.ide.mcu.externaltools.gnu-tools-for-stm32.7-2018-q2-update.win32_1.5.0.202011040924/tools/bin/../lib/gcc/arm-none-eabi/7.3.1/thumb/v6-m\libgcc.a(_divsi3.o)
                0x00000000080002e4                __divsi3
                0x00000000080002e4                __aeabi_idiv
                0x00000000080004b0                __aeabi_idivmod
 .text          0x00000000080004b8        0x4 c:/st/stm32cubeide_1.5.1/stm32cubeide/plugins/com.st.stm32cube.ide.mcu.externaltools.gnu-tools-for-stm32.7-2018-q2-update.win32_1.5.0.202011040924/tools/bin/../lib/gcc/arm-none-eabi/7.3.1/thumb/v6-m\libgcc.a(_dvmd_tls.o)
                0x00000000080004b8                __aeabi_idiv0
                0x00000000080004b8                __aeabi_ldiv0
 .text          0x00000000080004bc       0x48 c:/st/stm32cubeide_1.5.1/stm32cubeide/plugins/com.st.stm32cube.ide.mcu.externaltools.gnu-tools-for-stm32.7-2018-q2-update.win32_1.5.0.202011040924/tools/bin/../lib/gcc/arm-none-eabi/7.3.1/thumb/v6-m\libgcc.a(_aeabi_ldivmod.o)
                0x00000000080004bc                __aeabi_ldivmod
 .text          0x0000000008000504       0x54 c:/st/stm32cubeide_1.5.1/stm32cubeide/plugins/com.st.stm32cube.ide.mcu.externaltools.gnu-tools-for-stm32.7-2018-q2-update.win32_1.5.0.202011040924/tools/bin/../lib/gcc/arm-none-eabi/7.3.1/thumb/v6-m\libgcc.a(_muldi3.o)
                0x0000000008000504                __muldi3
                0x0000000008000504                __aeabi_lmul
 .text          0x0000000008000558       0x38 c:/st/stm32cubeide_1.5.1/stm32cubeide/plugins/com.st.stm32cube.ide.mcu.externaltools.gnu-tools-for-stm32.7-2018-q2-update.win32_1.5.0.202011040924/tools/bin/../lib/gcc/arm-none-eabi/7.3.1/thumb/v6-m\libgcc.a(bpabi.o)
                0x0000000008000558                __gnu_ldivmod_helper
 .text          0x0000000008000590       0x18 c:/st/stm32cubeide_1.5.1/stm32cubeide/plugins/com.st.stm32cube.ide.mcu.externaltools.gnu-tools-for-stm32.7-2018-q2-update.win32_1.5.0.202011040924/tools/bin/../lib/gcc/arm-none-eabi/7.3.1/thumb/v6-m\libgcc.a(_clzdi2.o)
                0x0000000008000590                __clzdi2
 .text          0x00000000080005a8      0x1b0 c:/st/stm32cubeide_1.5.1/stm32cubeide/plugins/com.st.stm32cube.ide.mcu.externaltools.gnu-tools-for-stm32.7-2018-q2-update.win32_1.5.0.202011040924/tools/bin/../lib/gcc/arm-none-eabi/7.3.1/thumb/v6-m\libgcc.a(_divdi3.o)
                0x00000000080005a8                __divdi3
 .text          0x0000000008000758       0x3c c:/st/stm32cubeide_1.5.1/stm32cubeide/plugins/com.st.stm32cube.ide.mcu.externaltools.gnu-tools-for-stm32.7-2018-q2-update.win32_1.5.0.202011040924/tools/bin/../lib/gcc/arm-none-eabi/7.3.1/thumb/v6-m\libgcc.a(_clzsi2.o)
                0x0000000008000758                __clzsi2
 *(.text*)
 .text.HAL_Init
                0x0000000008000794       0x28 HAL_Driver/Src/stm32f0xx_hal.o
                0x0000000008000794                HAL_Init
 .text.HAL_InitTick
                0x00000000080007bc       0x38 HAL_Driver/Src/stm32f0xx_hal.o
                0x00000000080007bc                HAL_InitTick
 .text.HAL_IncTick
                0x00000000080007f4       0x18 HAL_Driver/Src/stm32f0xx_hal.o
                0x00000000080007f4                HAL_IncTick
 .text.HAL_GetTick
                0x000000000800080c       0x14 HAL_Driver/Src/stm32f0xx_hal.o
                0x000000000800080c                HAL_GetTick
 .text.HAL_Delay
                0x0000000008000820       0x3a HAL_Driver/Src/stm32f0xx_hal.o
                0x0000000008000820                HAL_Delay
 .text.HAL_CAN_Init
                0x000000000800085a      0x1fc HAL_Driver/Src/stm32f0xx_hal_can.o
                0x000000000800085a                HAL_CAN_Init
 *fill*         0x0000000008000a56        0x2 
 .text.NVIC_EnableIRQ
                0x0000000008000a58       0x2c HAL_Driver/Src/stm32f0xx_hal_cortex.o
 .text.NVIC_DisableIRQ
                0x0000000008000a84       0x30 HAL_Driver/Src/stm32f0xx_hal_cortex.o
 .text.NVIC_SetPriority
                0x0000000008000ab4       0xdc HAL_Driver/Src/stm32f0xx_hal_cortex.o
 .text.SysTick_Config
                0x0000000008000b90       0x48 HAL_Driver/Src/stm32f0xx_hal_cortex.o
 .text.HAL_NVIC_SetPriority
                0x0000000008000bd8       0x2a HAL_Driver/Src/stm32f0xx_hal_cortex.o
                0x0000000008000bd8                HAL_NVIC_SetPriority
 .text.HAL_NVIC_EnableIRQ
                0x0000000008000c02       0x20 HAL_Driver/Src/stm32f0xx_hal_cortex.o
                0x0000000008000c02                HAL_NVIC_EnableIRQ
 .text.HAL_NVIC_DisableIRQ
                0x0000000008000c22       0x20 HAL_Driver/Src/stm32f0xx_hal_cortex.o
                0x0000000008000c22                HAL_NVIC_DisableIRQ
 .text.HAL_SYSTICK_Config
                0x0000000008000c42       0x1a HAL_Driver/Src/stm32f0xx_hal_cortex.o
                0x0000000008000c42                HAL_SYSTICK_Config
 .text.HAL_SYSTICK_CLKSourceConfig
                0x0000000008000c5c       0x34 HAL_Driver/Src/stm32f0xx_hal_cortex.o
                0x0000000008000c5c                HAL_SYSTICK_CLKSourceConfig
 .text.HAL_SYSTICK_IRQHandler
                0x0000000008000c90        0xe HAL_Driver/Src/stm32f0xx_hal_cortex.o
                0x0000000008000c90                HAL_SYSTICK_IRQHandler
 .text.HAL_SYSTICK_Callback
                0x0000000008000c9e        0xa HAL_Driver/Src/stm32f0xx_hal_cortex.o
                0x0000000008000c9e                HAL_SYSTICK_Callback
 .text.HAL_CRC_Init
                0x0000000008000ca8       0x9e HAL_Driver/Src/stm32f0xx_hal_crc.o
                0x0000000008000ca8                HAL_CRC_Init
 *fill*         0x0000000008000d46        0x2 
 .text.HAL_CRCEx_Init
                0x0000000008000d48       0x50 HAL_Driver/Src/stm32f0xx_hal_crc_ex.o
                0x0000000008000d48                HAL_CRCEx_Init
 .text.HAL_CRCEx_Polynomial_Set
                0x0000000008000d98       0x96 HAL_Driver/Src/stm32f0xx_hal_crc_ex.o
                0x0000000008000d98                HAL_CRCEx_Polynomial_Set
 *fill*         0x0000000008000e2e        0x2 
 .text.HAL_DMA_Init
                0x0000000008000e30       0xa8 HAL_Driver/Src/stm32f0xx_hal_dma.o
                0x0000000008000e30                HAL_DMA_Init
 .text.HAL_DMA_Start_IT
                0x0000000008000ed8       0xcc HAL_Driver/Src/stm32f0xx_hal_dma.o
                0x0000000008000ed8                HAL_DMA_Start_IT
 .text.HAL_DMA_Abort_IT
                0x0000000008000fa4       0x8c HAL_Driver/Src/stm32f0xx_hal_dma.o
                0x0000000008000fa4                HAL_DMA_Abort_IT
 .text.HAL_DMA_IRQHandler
                0x0000000008001030      0x144 HAL_Driver/Src/stm32f0xx_hal_dma.o
                0x0000000008001030                HAL_DMA_IRQHandler
 .text.DMA_SetConfig
                0x0000000008001174       0x58 HAL_Driver/Src/stm32f0xx_hal_dma.o
 .text.DMA_CalcBaseAndBitshift
                0x00000000080011cc       0x38 HAL_Driver/Src/stm32f0xx_hal_dma.o
 .text.HAL_GPIO_Init
                0x0000000008001204      0x2f8 HAL_Driver/Src/stm32f0xx_hal_gpio.o
                0x0000000008001204                HAL_GPIO_Init
 .text.HAL_GPIO_ReadPin
                0x00000000080014fc       0x3a HAL_Driver/Src/stm32f0xx_hal_gpio.o
                0x00000000080014fc                HAL_GPIO_ReadPin
 .text.HAL_GPIO_WritePin
                0x0000000008001536       0x3a HAL_Driver/Src/stm32f0xx_hal_gpio.o
                0x0000000008001536                HAL_GPIO_WritePin
 .text.HAL_GPIO_TogglePin
                0x0000000008001570       0x24 HAL_Driver/Src/stm32f0xx_hal_gpio.o
                0x0000000008001570                HAL_GPIO_TogglePin
 .text.HAL_GPIO_EXTI_IRQHandler
                0x0000000008001594       0x38 HAL_Driver/Src/stm32f0xx_hal_gpio.o
                0x0000000008001594                HAL_GPIO_EXTI_IRQHandler
 .text.HAL_I2C_Init
                0x00000000080015cc      0x12c HAL_Driver/Src/stm32f0xx_hal_i2c.o
                0x00000000080015cc                HAL_I2C_Init
 .text.HAL_I2C_Mem_Write
                0x00000000080016f8      0x280 HAL_Driver/Src/stm32f0xx_hal_i2c.o
                0x00000000080016f8                HAL_I2C_Mem_Write
 .text.HAL_I2C_Mem_Read
                0x0000000008001978      0x280 HAL_Driver/Src/stm32f0xx_hal_i2c.o
                0x0000000008001978                HAL_I2C_Mem_Read
 .text.HAL_I2C_EV_IRQHandler
                0x0000000008001bf8       0x34 HAL_Driver/Src/stm32f0xx_hal_i2c.o
                0x0000000008001bf8                HAL_I2C_EV_IRQHandler
 .text.HAL_I2C_ER_IRQHandler
                0x0000000008001c2c       0xb0 HAL_Driver/Src/stm32f0xx_hal_i2c.o
                0x0000000008001c2c                HAL_I2C_ER_IRQHandler
 .text.HAL_I2C_SlaveTxCpltCallback
                0x0000000008001cdc       0x10 HAL_Driver/Src/stm32f0xx_hal_i2c.o
                0x0000000008001cdc                HAL_I2C_SlaveTxCpltCallback
 .text.HAL_I2C_SlaveRxCpltCallback
                0x0000000008001cec       0x10 HAL_Driver/Src/stm32f0xx_hal_i2c.o
                0x0000000008001cec                HAL_I2C_SlaveRxCpltCallback
 .text.HAL_I2C_AddrCallback
                0x0000000008001cfc       0x20 HAL_Driver/Src/stm32f0xx_hal_i2c.o
                0x0000000008001cfc                HAL_I2C_AddrCallback
 .text.HAL_I2C_ListenCpltCallback
                0x0000000008001d1c       0x10 HAL_Driver/Src/stm32f0xx_hal_i2c.o
                0x0000000008001d1c                HAL_I2C_ListenCpltCallback
 .text.HAL_I2C_ErrorCallback
                0x0000000008001d2c       0x10 HAL_Driver/Src/stm32f0xx_hal_i2c.o
                0x0000000008001d2c                HAL_I2C_ErrorCallback
 .text.HAL_I2C_AbortCpltCallback
                0x0000000008001d3c       0x10 HAL_Driver/Src/stm32f0xx_hal_i2c.o
                0x0000000008001d3c                HAL_I2C_AbortCpltCallback
 .text.I2C_Slave_ISR_IT
                0x0000000008001d4c      0x1e0 HAL_Driver/Src/stm32f0xx_hal_i2c.o
 .text.I2C_RequestMemoryWrite
                0x0000000008001f2c       0xdc HAL_Driver/Src/stm32f0xx_hal_i2c.o
 .text.I2C_RequestMemoryRead
                0x0000000008002008       0xd8 HAL_Driver/Src/stm32f0xx_hal_i2c.o
 .text.I2C_ITAddrCplt
                0x00000000080020e0      0x16a HAL_Driver/Src/stm32f0xx_hal_i2c.o
 .text.I2C_ITSlaveSequentialCplt
                0x000000000800224a       0x82 HAL_Driver/Src/stm32f0xx_hal_i2c.o
 .text.I2C_ITSlaveCplt
                0x00000000080022cc      0x1b8 HAL_Driver/Src/stm32f0xx_hal_i2c.o
 .text.I2C_ITListenCplt
                0x0000000008002484       0xa4 HAL_Driver/Src/stm32f0xx_hal_i2c.o
 .text.I2C_ITError
                0x0000000008002528      0x190 HAL_Driver/Src/stm32f0xx_hal_i2c.o
 .text.I2C_Flush_TXDR
                0x00000000080026b8       0x44 HAL_Driver/Src/stm32f0xx_hal_i2c.o
 .text.I2C_DMAAbort
                0x00000000080026fc       0x5e HAL_Driver/Src/stm32f0xx_hal_i2c.o
 .text.I2C_WaitOnFlagUntilTimeout
                0x000000000800275a       0x72 HAL_Driver/Src/stm32f0xx_hal_i2c.o
 .text.I2C_WaitOnTXISFlagUntilTimeout
                0x00000000080027cc       0x7e HAL_Driver/Src/stm32f0xx_hal_i2c.o
 .text.I2C_WaitOnSTOPFlagUntilTimeout
                0x000000000800284a       0x78 HAL_Driver/Src/stm32f0xx_hal_i2c.o
 *fill*         0x00000000080028c2        0x2 
 .text.I2C_IsAcknowledgeFailed
                0x00000000080028c4       0xbc HAL_Driver/Src/stm32f0xx_hal_i2c.o
 .text.I2C_TransferConfig
                0x0000000008002980       0x6c HAL_Driver/Src/stm32f0xx_hal_i2c.o
 .text.I2C_Disable_IRQ
                0x00000000080029ec       0xd4 HAL_Driver/Src/stm32f0xx_hal_i2c.o
 .text.HAL_I2CEx_ConfigAnalogFilter
                0x0000000008002ac0       0x98 HAL_Driver/Src/stm32f0xx_hal_i2c_ex.o
                0x0000000008002ac0                HAL_I2CEx_ConfigAnalogFilter
 .text.HAL_I2CEx_ConfigDigitalFilter
                0x0000000008002b58       0x9c HAL_Driver/Src/stm32f0xx_hal_i2c_ex.o
                0x0000000008002b58                HAL_I2CEx_ConfigDigitalFilter
 .text.HAL_RCC_OscConfig
                0x0000000008002bf4      0x6c0 HAL_Driver/Src/stm32f0xx_hal_rcc.o
                0x0000000008002bf4                HAL_RCC_OscConfig
 .text.HAL_RCC_ClockConfig
                0x00000000080032b4      0x214 HAL_Driver/Src/stm32f0xx_hal_rcc.o
                0x00000000080032b4                HAL_RCC_ClockConfig
 .text.HAL_RCC_GetSysClockFreq
                0x00000000080034c8       0xfc HAL_Driver/Src/stm32f0xx_hal_rcc.o
                0x00000000080034c8                HAL_RCC_GetSysClockFreq
 .text.HAL_RCC_GetHCLKFreq
                0x00000000080035c4       0x14 HAL_Driver/Src/stm32f0xx_hal_rcc.o
                0x00000000080035c4                HAL_RCC_GetHCLKFreq
 .text.HAL_RCC_GetPCLK1Freq
                0x00000000080035d8       0x2c HAL_Driver/Src/stm32f0xx_hal_rcc.o
                0x00000000080035d8                HAL_RCC_GetPCLK1Freq
 .text.HAL_RCCEx_PeriphCLKConfig
                0x0000000008003604      0x200 HAL_Driver/Src/stm32f0xx_hal_rcc_ex.o
                0x0000000008003604                HAL_RCCEx_PeriphCLKConfig
 .text.HAL_TIM_Base_Init
                0x0000000008003804       0x58 HAL_Driver/Src/stm32f0xx_hal_tim.o
                0x0000000008003804                HAL_TIM_Base_Init
 .text.HAL_TIM_Base_Start
                0x000000000800385c       0x32 HAL_Driver/Src/stm32f0xx_hal_tim.o
                0x000000000800385c                HAL_TIM_Base_Start
 *fill*         0x000000000800388e        0x2 
 .text.HAL_TIM_PWM_Start
                0x0000000008003890       0x88 HAL_Driver/Src/stm32f0xx_hal_tim.o
                0x0000000008003890                HAL_TIM_PWM_Start
 .text.HAL_TIM_PWM_ConfigChannel
                0x0000000008003918      0x170 HAL_Driver/Src/stm32f0xx_hal_tim.o
                0x0000000008003918                HAL_TIM_PWM_ConfigChannel
 .text.TIM_Base_SetConfig
                0x0000000008003a88      0x104 HAL_Driver/Src/stm32f0xx_hal_tim.o
                0x0000000008003a88                TIM_Base_SetConfig
 .text.TIM_OC1_SetConfig
                0x0000000008003b8c      0x11c HAL_Driver/Src/stm32f0xx_hal_tim.o
 .text.TIM_OC2_SetConfig
                0x0000000008003ca8      0x114 HAL_Driver/Src/stm32f0xx_hal_tim.o
                0x0000000008003ca8                TIM_OC2_SetConfig
 .text.TIM_OC3_SetConfig
                0x0000000008003dbc      0x118 HAL_Driver/Src/stm32f0xx_hal_tim.o
 .text.TIM_OC4_SetConfig
                0x0000000008003ed4       0xe0 HAL_Driver/Src/stm32f0xx_hal_tim.o
 .text.TIM_CCxChannelCmd
                0x0000000008003fb4       0x42 HAL_Driver/Src/stm32f0xx_hal_tim.o
                0x0000000008003fb4                TIM_CCxChannelCmd
 .text.HAL_TIMEx_MasterConfigSynchronization
                0x0000000008003ff6       0x86 HAL_Driver/Src/stm32f0xx_hal_tim_ex.o
                0x0000000008003ff6                HAL_TIMEx_MasterConfigSynchronization
 .text.HAL_UART_Init
                0x000000000800407c       0xb0 HAL_Driver/Src/stm32f0xx_hal_uart.o
                0x000000000800407c                HAL_UART_Init
 .text.HAL_UART_Transmit_IT
                0x000000000800412c       0xb0 HAL_Driver/Src/stm32f0xx_hal_uart.o
                0x000000000800412c                HAL_UART_Transmit_IT
 .text.HAL_UART_Receive_IT
                0x00000000080041dc      0x13c HAL_Driver/Src/stm32f0xx_hal_uart.o
                0x00000000080041dc                HAL_UART_Receive_IT
 .text.HAL_UART_Transmit_DMA
                0x0000000008004318      0x100 HAL_Driver/Src/stm32f0xx_hal_uart.o
                0x0000000008004318                HAL_UART_Transmit_DMA
 .text.HAL_UART_IRQHandler
                0x0000000008004418       0x74 HAL_Driver/Src/stm32f0xx_hal_uart.o
                0x0000000008004418                HAL_UART_IRQHandler
 .text.HAL_UART_TxHalfCpltCallback
                0x000000000800448c       0x10 HAL_Driver/Src/stm32f0xx_hal_uart.o
                0x000000000800448c                HAL_UART_TxHalfCpltCallback
 .text.HAL_UART_ErrorCallback
                0x000000000800449c       0x10 HAL_Driver/Src/stm32f0xx_hal_uart.o
                0x000000000800449c                HAL_UART_ErrorCallback
 .text.UART_SetConfig
                0x00000000080044ac      0x378 HAL_Driver/Src/stm32f0xx_hal_uart.o
                0x00000000080044ac                UART_SetConfig
 .text.UART_AdvFeatureConfig
                0x0000000008004824      0x168 HAL_Driver/Src/stm32f0xx_hal_uart.o
                0x0000000008004824                UART_AdvFeatureConfig
 .text.UART_CheckIdleState
                0x000000000800498c       0xb0 HAL_Driver/Src/stm32f0xx_hal_uart.o
                0x000000000800498c                UART_CheckIdleState
 .text.UART_WaitOnFlagUntilTimeout
                0x0000000008004a3c       0x98 HAL_Driver/Src/stm32f0xx_hal_uart.o
                0x0000000008004a3c                UART_WaitOnFlagUntilTimeout
 .text.UART_EndTxTransfer
                0x0000000008004ad4       0x28 HAL_Driver/Src/stm32f0xx_hal_uart.o
 .text.UART_EndRxTransfer
                0x0000000008004afc       0x3c HAL_Driver/Src/stm32f0xx_hal_uart.o
 .text.UART_DMATransmitCplt
                0x0000000008004b38       0x54 HAL_Driver/Src/stm32f0xx_hal_uart.o
 .text.UART_DMATxHalfCplt
                0x0000000008004b8c       0x1e HAL_Driver/Src/stm32f0xx_hal_uart.o
 .text.UART_DMAError
                0x0000000008004baa       0x7a HAL_Driver/Src/stm32f0xx_hal_uart.o
 .text.UART_Transmit_IT
                0x0000000008004c24       0xae HAL_Driver/Src/stm32f0xx_hal_uart.o
                0x0000000008004c24                UART_Transmit_IT
 .text.UART_EndTransmit_IT
                0x0000000008004cd2       0x32 HAL_Driver/Src/stm32f0xx_hal_uart.o
                0x0000000008004cd2                UART_EndTransmit_IT
 .text.UART_Receive_IT
                0x0000000008004d04       0xf8 HAL_Driver/Src/stm32f0xx_hal_uart.o
                0x0000000008004d04                UART_Receive_IT
 .text.CalcCrc  0x0000000008004dfc       0x58 src/crc16.o
                0x0000000008004dfc                CalcCrc
 .text.CalcCrcArray
                0x0000000008004e54       0x68 src/crc16.o
                0x0000000008004e54                CalcCrcArray
 .text.DIG_Init
                0x0000000008004ebc      0xf0c src/dig.o
                0x0000000008004ebc                DIG_Init
 .text.DIG_SetPin
                0x0000000008005dc8       0x64 src/dig.o
                0x0000000008005dc8                DIG_SetPin
 .text.DIG_ResetPin
                0x0000000008005e2c       0x64 src/dig.o
                0x0000000008005e2c                DIG_ResetPin
 .text.DIG_ReadPin
                0x0000000008005e90       0x44 src/dig.o
                0x0000000008005e90                DIG_ReadPin
 .text.InitializeDigitalIO
                0x0000000008005ed4       0x66 src/dig.o
                0x0000000008005ed4                InitializeDigitalIO
 *fill*         0x0000000008005f3a        0x2 
 .text.Error_Handler
                0x0000000008005f3c       0x20 src/error_handler.o
                0x0000000008005f3c                Error_Handler
 .text.ClearDUTData
                0x0000000008005f5c       0x8c src/fpgacomm.o
                0x0000000008005f5c                ClearDUTData
 .text.ProcessFPGACommunications
                0x0000000008005fe8      0x894 src/fpgacomm.o
                0x0000000008005fe8                ProcessFPGACommunications
 .text.HAL_GPIO_EXTI_Callback
                0x000000000800687c      0x2f8 src/freqin.o
                0x000000000800687c                HAL_GPIO_EXTI_Callback
 .text.CalculuateFrequencyInput
                0x0000000008006b74      0x194 src/freqin.o
                0x0000000008006b74                CalculuateFrequencyInput
 .text.ProcessI2C1
                0x0000000008006d08        0xa src/i2c.o
                0x0000000008006d08                ProcessI2C1
 *fill*         0x0000000008006d12        0x2 
 .text.InitializeSystem
                0x0000000008006d14      0x17c src/initsystem.o
                0x0000000008006d14                InitializeSystem
 .text.main     0x0000000008006e90      0x204 src/main.o
                0x0000000008006e90                main
 .text.MultDivideWithRounding64
                0x0000000008007094      0x16c src/math64.o
                0x0000000008007094                MultDivideWithRounding64
 .text.InitializeNAU7802
                0x0000000008007200      0x100 src/nau7802.o
                0x0000000008007200                InitializeNAU7802
 .text.ProcessAdc
                0x0000000008007300      0x388 src/nau7802.o
                0x0000000008007300                ProcessAdc
 .text.WaitForLastOperation
                0x0000000008007688       0x30 src/reflash_page.o
 .text.Flash_Program
                0x00000000080076b8       0x94 src/reflash_page.o
 .text.ReflashTuningParameters
                0x000000000800774c       0xb8 src/reflash_page.o
                0x000000000800774c                ReflashTuningParameters
 .text.ProcessSerialData
                0x0000000008007804      0x3a4 src/serial.o
                0x0000000008007804                ProcessSerialData
 .text.HAL_UART_TxCpltCallback
                0x0000000008007ba8       0xb0 src/serial.o
                0x0000000008007ba8                HAL_UART_TxCpltCallback
 .text.HAL_UART_RxCpltCallback
                0x0000000008007c58       0xd4 src/serial.o
                0x0000000008007c58                HAL_UART_RxCpltCallback
 .text.SerialSend
                0x0000000008007d2c      0x1ac src/serial.o
                0x0000000008007d2c                SerialSend
 .text.ProcessSerialMessage
                0x0000000008007ed8      0x7e4 src/serial.o
                0x0000000008007ed8                ProcessSerialMessage
 .text.HAL_MspInit
                0x00000000080086bc       0x54 src/stm32f0xx_hal_msp.o
                0x00000000080086bc                HAL_MspInit
 .text.NMI_Handler
                0x0000000008008710        0xa src/stm32f0xx_it.o
                0x0000000008008710                NMI_Handler
 .text.HardFault_Handler
                0x000000000800871a        0x6 src/stm32f0xx_it.o
                0x000000000800871a                HardFault_Handler
 .text.SVC_Handler
                0x0000000008008720        0xa src/stm32f0xx_it.o
                0x0000000008008720                SVC_Handler
 .text.PendSV_Handler
                0x000000000800872a        0xa src/stm32f0xx_it.o
                0x000000000800872a                PendSV_Handler
 .text.EXTI2_3_IRQHandler
                0x0000000008008734       0x10 src/stm32f0xx_it.o
                0x0000000008008734                EXTI2_3_IRQHandler
 .text.EXTI4_15_IRQHandler
                0x0000000008008744       0x2e src/stm32f0xx_it.o
                0x0000000008008744                EXTI4_15_IRQHandler
 .text.SysTick_Handler
                0x0000000008008772       0x12 src/stm32f0xx_it.o
                0x0000000008008772                SysTick_Handler
 .text.USART1_IRQHandler
                0x0000000008008784       0x18 src/stm32f0xx_it.o
                0x0000000008008784                USART1_IRQHandler
 .text.USART2_IRQHandler
                0x000000000800879c       0x18 src/stm32f0xx_it.o
                0x000000000800879c                USART2_IRQHandler
 .text.USART3_4_IRQHandler
                0x00000000080087b4       0x18 src/stm32f0xx_it.o
                0x00000000080087b4                USART3_4_IRQHandler
 .text.DMA1_Channel2_3_IRQHandler
                0x00000000080087cc       0x18 src/stm32f0xx_it.o
                0x00000000080087cc                DMA1_Channel2_3_IRQHandler
 .text.DMA1_Channel4_5_6_7_IRQHandler
                0x00000000080087e4       0x24 src/stm32f0xx_it.o
                0x00000000080087e4                DMA1_Channel4_5_6_7_IRQHandler
 .text.I2C1_IRQHandler
                0x0000000008008808       0x30 src/stm32f0xx_it.o
                0x0000000008008808                I2C1_IRQHandler
 .text.MX_CAN_Init
                0x0000000008008838       0x6c src/subsystems.o
                0x0000000008008838                MX_CAN_Init
 .text.HAL_CAN_MspInit
                0x00000000080088a4       0xb0 src/subsystems.o
                0x00000000080088a4                HAL_CAN_MspInit
 .text.MX_CRC_Init
                0x0000000008008954       0x48 src/subsystems.o
                0x0000000008008954                MX_CRC_Init
 .text.HAL_CRC_MspInit
                0x000000000800899c       0x3c src/subsystems.o
                0x000000000800899c                HAL_CRC_MspInit
 .text.MX_DMA_Init
                0x00000000080089d8       0xe0 src/subsystems.o
                0x00000000080089d8                MX_DMA_Init
 .text.MX_GPIO_Init
                0x0000000008008ab8      0x394 src/subsystems.o
                0x0000000008008ab8                MX_GPIO_Init
 .text.MX_I2C1_Init
                0x0000000008008e4c       0x80 src/subsystems.o
                0x0000000008008e4c                MX_I2C1_Init
 .text.HAL_I2C_MspInit
                0x0000000008008ecc      0x140 src/subsystems.o
                0x0000000008008ecc                HAL_I2C_MspInit
 .text.HAL_TIM_MspPostInit
                0x000000000800900c      0x184 src/subsystems.o
                0x000000000800900c                HAL_TIM_MspPostInit
 .text.MX_USART1_UART_Init
                0x0000000008009190       0x60 src/subsystems.o
                0x0000000008009190                MX_USART1_UART_Init
 .text.MX_USART2_UART_Init
                0x00000000080091f0       0x60 src/subsystems.o
                0x00000000080091f0                MX_USART2_UART_Init
 .text.MX_USART4_UART_Init
                0x0000000008009250       0x60 src/subsystems.o
                0x0000000008009250                MX_USART4_UART_Init
 .text.HAL_UART_MspInit
                0x00000000080092b0      0x2a8 src/subsystems.o
                0x00000000080092b0                HAL_UART_MspInit
 .text.MX_TIM6_Init
                0x0000000008009558       0x78 src/subsystems.o
                0x0000000008009558                MX_TIM6_Init
 .text.MX_TIM7_Init
                0x00000000080095d0       0x78 src/subsystems.o
                0x00000000080095d0                MX_TIM7_Init
 .text.HAL_TIM_Base_MspInit
                0x0000000008009648       0x64 src/subsystems.o
                0x0000000008009648                HAL_TIM_Base_MspInit
 .text.SystemClock_Config
                0x00000000080096ac       0xdc src/system_clock_config.o
                0x00000000080096ac                SystemClock_Config
 .text.SystemInit
                0x0000000008009788       0x88 src/system_stm32f0xx.o
                0x0000000008009788                SystemInit
 .text.ProcessTickCounters
                0x0000000008009810      0x110 src/ticks.o
                0x0000000008009810                ProcessTickCounters
 .text.Reset_Handler
                0x0000000008009920       0x48 startup/startup_stm32.o
                0x0000000008009920                Reset_Handler
 .text.Default_Handler
                0x0000000008009968        0x2 startup/startup_stm32.o
                0x0000000008009968                DebugMon_Handler
                0x0000000008009968                TIM1_CC_IRQHandler
                0x0000000008009968                TSC_IRQHandler
                0x0000000008009968                ADC1_COMP_IRQHandler
                0x0000000008009968                RCC_CRS_IRQHandler
                0x0000000008009968                UsageFault_Handler
                0x0000000008009968                SPI1_IRQHandler
                0x0000000008009968                TIM6_DAC_IRQHandler
                0x0000000008009968                I2C2_IRQHandler
                0x0000000008009968                TIM17_IRQHandler
                0x0000000008009968                CEC_CAN_IRQHandler
                0x0000000008009968                RTC_IRQHandler
                0x0000000008009968                PVD_VDDIO2_IRQHandler
                0x0000000008009968                TIM16_IRQHandler
                0x0000000008009968                TIM3_IRQHandler
                0x0000000008009968                DMA1_Channel1_IRQHandler
                0x0000000008009968                Default_Handler
                0x0000000008009968                TIM14_IRQHandler
                0x0000000008009968                TIM7_IRQHandler
                0x0000000008009968                TIM15_IRQHandler
                0x0000000008009968                EXTI0_1_IRQHandler
                0x0000000008009968                USB_IRQHandler
                0x0000000008009968                SPI2_IRQHandler
                0x0000000008009968                MemManage_Handler
                0x0000000008009968                WWDG_IRQHandler
                0x0000000008009968                TIM2_IRQHandler
                0x0000000008009968                FLASH_IRQHandler
                0x0000000008009968                BusFault_Handler
                0x0000000008009968                TIM1_BRK_UP_TRG_COM_IRQHandler
 *fill*         0x000000000800996a        0x2 
 .text.__libc_init_array
                0x000000000800996c       0x48 c:/st/stm32cubeide_1.5.1/stm32cubeide/plugins/com.st.stm32cube.ide.mcu.externaltools.gnu-tools-for-stm32.7-2018-q2-update.win32_1.5.0.202011040924/tools/bin/../lib/gcc/arm-none-eabi/7.3.1/../../../../arm-none-eabi/lib/thumb/v6-m\libc_nano.a(lib_a-init.o)
                0x000000000800996c                __libc_init_array
 .text.memcmp   0x00000000080099b4       0x1e c:/st/stm32cubeide_1.5.1/stm32cubeide/plugins/com.st.stm32cube.ide.mcu.externaltools.gnu-tools-for-stm32.7-2018-q2-update.win32_1.5.0.202011040924/tools/bin/../lib/gcc/arm-none-eabi/7.3.1/../../../../arm-none-eabi/lib/thumb/v6-m\libc_nano.a(lib_a-memcmp.o)
                0x00000000080099b4                memcmp
 .text.memmove  0x00000000080099d2       0x26 c:/st/stm32cubeide_1.5.1/stm32cubeide/plugins/com.st.stm32cube.ide.mcu.externaltools.gnu-tools-for-stm32.7-2018-q2-update.win32_1.5.0.202011040924/tools/bin/../lib/gcc/arm-none-eabi/7.3.1/../../../../arm-none-eabi/lib/thumb/v6-m\libc_nano.a(lib_a-memmove.o)
                0x00000000080099d2                memmove
 .text.memset   0x00000000080099f8       0x10 c:/st/stm32cubeide_1.5.1/stm32cubeide/plugins/com.st.stm32cube.ide.mcu.externaltools.gnu-tools-for-stm32.7-2018-q2-update.win32_1.5.0.202011040924/tools/bin/../lib/gcc/arm-none-eabi/7.3.1/../../../../arm-none-eabi/lib/thumb/v6-m\libc_nano.a(lib_a-memset.o)
                0x00000000080099f8                memset
 *(.glue_7)
 .glue_7        0x0000000008009a08        0x0 linker stubs
 *(.glue_7t)
 .glue_7t       0x0000000008009a08        0x0 linker stubs
 *(.eh_frame)
 .eh_frame      0x0000000008009a08        0x0 c:/st/stm32cubeide_1.5.1/stm32cubeide/plugins/com.st.stm32cube.ide.mcu.externaltools.gnu-tools-for-stm32.7-2018-q2-update.win32_1.5.0.202011040924/tools/bin/../lib/gcc/arm-none-eabi/7.3.1/thumb/v6-m/crtbegin.o
 *(.init)
 .init          0x0000000008009a08        0x4 c:/st/stm32cubeide_1.5.1/stm32cubeide/plugins/com.st.stm32cube.ide.mcu.externaltools.gnu-tools-for-stm32.7-2018-q2-update.win32_1.5.0.202011040924/tools/bin/../lib/gcc/arm-none-eabi/7.3.1/thumb/v6-m/crti.o
                0x0000000008009a08                _init
 .init          0x0000000008009a0c        0x8 c:/st/stm32cubeide_1.5.1/stm32cubeide/plugins/com.st.stm32cube.ide.mcu.externaltools.gnu-tools-for-stm32.7-2018-q2-update.win32_1.5.0.202011040924/tools/bin/../lib/gcc/arm-none-eabi/7.3.1/thumb/v6-m/crtn.o
 *(.fini)
 .fini          0x0000000008009a14        0x4 c:/st/stm32cubeide_1.5.1/stm32cubeide/plugins/com.st.stm32cube.ide.mcu.externaltools.gnu-tools-for-stm32.7-2018-q2-update.win32_1.5.0.202011040924/tools/bin/../lib/gcc/arm-none-eabi/7.3.1/thumb/v6-m/crti.o
                0x0000000008009a14                _fini
 .fini          0x0000000008009a18        0x8 c:/st/stm32cubeide_1.5.1/stm32cubeide/plugins/com.st.stm32cube.ide.mcu.externaltools.gnu-tools-for-stm32.7-2018-q2-update.win32_1.5.0.202011040924/tools/bin/../lib/gcc/arm-none-eabi/7.3.1/thumb/v6-m/crtn.o
                0x0000000008009a20                . = ALIGN (0x4)
                0x0000000008009a20                _etext = .

.vfp11_veneer   0x0000000008009a20        0x0
 .vfp11_veneer  0x0000000008009a20        0x0 linker stubs

.v4_bx          0x0000000008009a20        0x0
 .v4_bx         0x0000000008009a20        0x0 linker stubs

.iplt           0x0000000008009a20        0x0
 .iplt          0x0000000008009a20        0x0 c:/st/stm32cubeide_1.5.1/stm32cubeide/plugins/com.st.stm32cube.ide.mcu.externaltools.gnu-tools-for-stm32.7-2018-q2-update.win32_1.5.0.202011040924/tools/bin/../lib/gcc/arm-none-eabi/7.3.1/thumb/v6-m/crtbegin.o

.rodata         0x0000000008009a20      0x3e0
                0x0000000008009a20                . = ALIGN (0x4)
 *(.rodata)
 .rodata        0x0000000008009a20       0x20 HAL_Driver/Src/stm32f0xx_hal_rcc.o
 *(.rodata*)
 .rodata.CrcTable
                0x0000000008009a40      0x200 src/crc16.o
                0x0000000008009a40                CrcTable
 .rodata.DIG_Init
                0x0000000008009c40       0x84 src/dig.o
 .rodata.ProcessFPGACommunications
                0x0000000008009cc4       0x30 src/fpgacomm.o
 .rodata.ProcessSerialData
                0x0000000008009cf4       0xf4 src/serial.o
 .rodata.AHBPrescTable
                0x0000000008009de8       0x10 src/system_stm32f0xx.o
                0x0000000008009de8                AHBPrescTable
 .rodata.APBPrescTable
                0x0000000008009df8        0x8 src/system_stm32f0xx.o
                0x0000000008009df8                APBPrescTable
                0x0000000008009e00                . = ALIGN (0x4)

.ARM.extab      0x0000000008009e00        0x0
                0x0000000008009e00                . = ALIGN (0x4)
 *(.ARM.extab* .gnu.linkonce.armextab.*)
                0x0000000008009e00                . = ALIGN (0x4)

.ARM            0x0000000008009e00        0x8
                0x0000000008009e00                . = ALIGN (0x4)
                0x0000000008009e00                __exidx_start = .
 *(.ARM.exidx*)
 .ARM.exidx     0x0000000008009e00        0x8 c:/st/stm32cubeide_1.5.1/stm32cubeide/plugins/com.st.stm32cube.ide.mcu.externaltools.gnu-tools-for-stm32.7-2018-q2-update.win32_1.5.0.202011040924/tools/bin/../lib/gcc/arm-none-eabi/7.3.1/thumb/v6-m\libgcc.a(_divdi3.o)
                0x0000000008009e08                __exidx_end = .
                0x0000000008009e08                . = ALIGN (0x4)

.preinit_array  0x0000000008009e08        0x0
                0x0000000008009e08                . = ALIGN (0x4)
                0x0000000008009e08                PROVIDE (__preinit_array_start = .)
 *(.preinit_array*)
                0x0000000008009e08                PROVIDE (__preinit_array_end = .)
                0x0000000008009e08                . = ALIGN (0x4)

.init_array     0x0000000008009e08        0x4
                0x0000000008009e08                . = ALIGN (0x4)
                0x0000000008009e08                PROVIDE (__init_array_start = .)
 *(SORT_BY_NAME(.init_array.*))
 *(.init_array*)
 .init_array    0x0000000008009e08        0x4 c:/st/stm32cubeide_1.5.1/stm32cubeide/plugins/com.st.stm32cube.ide.mcu.externaltools.gnu-tools-for-stm32.7-2018-q2-update.win32_1.5.0.202011040924/tools/bin/../lib/gcc/arm-none-eabi/7.3.1/thumb/v6-m/crtbegin.o
                0x0000000008009e0c                PROVIDE (__init_array_end = .)
                0x0000000008009e0c                . = ALIGN (0x4)

.fini_array     0x0000000008009e0c        0x4
                0x0000000008009e0c                . = ALIGN (0x4)
                [!provide]                        PROVIDE (__fini_array_start = .)
 *(SORT_BY_NAME(.fini_array.*))
 *(.fini_array*)
 .fini_array    0x0000000008009e0c        0x4 c:/st/stm32cubeide_1.5.1/stm32cubeide/plugins/com.st.stm32cube.ide.mcu.externaltools.gnu-tools-for-stm32.7-2018-q2-update.win32_1.5.0.202011040924/tools/bin/../lib/gcc/arm-none-eabi/7.3.1/thumb/v6-m/crtbegin.o
                [!provide]                        PROVIDE (__fini_array_end = .)
                0x0000000008009e10                . = ALIGN (0x4)

.reflash_text   0x000000000801b800      0x648
                0x000000000801b800                . = ALIGN (0x4)
 *(.reflash_text)
 .reflash_text  0x000000000801b800      0x648 src/reflash.o
                0x000000000801b800                WaitForLastOperation
                0x000000000801b884                CalculateCrcArray
                0x000000000801b8d8                ReflashSerialSend
                0x000000000801ba34                GetSerialMessage
                0x000000000801bbcc                reflash
                0x000000000801bd60                Flash_Program
 *(.reflash_text*)
                0x000000000801be48                . = ALIGN (0x4)
                0x0000000008009e10                _sidata = LOADADDR (.data)

.rel.dyn        0x000000000801be48        0x0
 .rel.iplt      0x000000000801be48        0x0 c:/st/stm32cubeide_1.5.1/stm32cubeide/plugins/com.st.stm32cube.ide.mcu.externaltools.gnu-tools-for-stm32.7-2018-q2-update.win32_1.5.0.202011040924/tools/bin/../lib/gcc/arm-none-eabi/7.3.1/thumb/v6-m/crtbegin.o

.data           0x0000000020000000        0x4 load address 0x0000000008009e10
                0x0000000020000000                . = ALIGN (0x4)
                0x0000000020000000                _sdata = .
 *(.data)
 *(.data*)
 .data.SystemCoreClock
                0x0000000020000000        0x4 src/system_stm32f0xx.o
                0x0000000020000000                SystemCoreClock
                0x0000000020000004                . = ALIGN (0x4)
                0x0000000020000004                _edata = .

.igot.plt       0x0000000020000004        0x0 load address 0x0000000008009e14
 .igot.plt      0x0000000020000004        0x0 c:/st/stm32cubeide_1.5.1/stm32cubeide/plugins/com.st.stm32cube.ide.mcu.externaltools.gnu-tools-for-stm32.7-2018-q2-update.win32_1.5.0.202011040924/tools/bin/../lib/gcc/arm-none-eabi/7.3.1/thumb/v6-m/crtbegin.o
                0x0000000020000004                . = ALIGN (0x4)

.bss            0x0000000020000004     0x2930 load address 0x0000000008009e14
                0x0000000020000004                _sbss = .
                0x0000000020000004                __bss_start__ = _sbss
 *(.bss)
 .bss           0x0000000020000004       0x1c c:/st/stm32cubeide_1.5.1/stm32cubeide/plugins/com.st.stm32cube.ide.mcu.externaltools.gnu-tools-for-stm32.7-2018-q2-update.win32_1.5.0.202011040924/tools/bin/../lib/gcc/arm-none-eabi/7.3.1/thumb/v6-m/crtbegin.o
 *(.bss*)
 .bss.TestBuffer
                0x0000000020000020        0xa src/fpgacomm.o
 .bss.EEPROM_Address
                0x000000002000002a        0x2 src/fpgacomm.o
 .bss.CommCounter.8290
                0x000000002000002c        0x1 src/fpgacomm.o
 .bss.AddressDelay.8288
                0x000000002000002d        0x1 src/fpgacomm.o
 .bss.State.8285
                0x000000002000002e        0x1 src/fpgacomm.o
 .bss.WaitDelay.8287
                0x000000002000002f        0x1 src/fpgacomm.o
 .bss.AddressIndex.8292
                0x0000000020000030        0x2 src/fpgacomm.o
 .bss.ManualDelay.8289
                0x0000000020000032        0x1 src/fpgacomm.o
 *fill*         0x0000000020000033        0x1 
 .bss.AddressPtr.8291
                0x0000000020000034        0x4 src/fpgacomm.o
 .bss.EndAddressIndex.8293
                0x0000000020000038        0x2 src/fpgacomm.o
 *fill*         0x000000002000003a        0x2 
 .bss.NewConfigData.8294
                0x000000002000003c        0xc src/fpgacomm.o
 .bss.UpdateDelayCounter.8286
                0x0000000020000048        0x1 src/fpgacomm.o
 *fill*         0x0000000020000049        0x3 
 .bss.OldCapturePeriodCounter
                0x000000002000004c        0xc src/freqin.o
 .bss.NAU7802Buffer
                0x0000000020000058       0x20 src/nau7802.o
 .bss.MuxCh     0x0000000020000078        0x4 src/nau7802.o
 .bss.State.8285
                0x000000002000007c        0x1 src/nau7802.o
 .bss.OldPowerEnable.8287
                0x000000002000007d        0x1 src/nau7802.o
 .bss.PowerCounter.8288
                0x000000002000007e        0x1 src/nau7802.o
 .bss.MuxDelay.8286
                0x000000002000007f        0x1 src/nau7802.o
 .bss.OvercurrentDelay.8289
                0x0000000020000080        0x1 src/nau7802.o
 *fill*         0x0000000020000081        0x3 
 .bss.OldEnable.8316
                0x0000000020000084        0x4 src/serial.o
 .bss.OldConfig.8312
                0x0000000020000088       0x18 src/serial.o
 .bss.OldFreq.8313
                0x00000000200000a0       0x18 src/serial.o
 .bss.OldDuty.8314
                0x00000000200000b8       0x18 src/serial.o
 .bss.OldLevel.8315
                0x00000000200000d0       0x18 src/serial.o
 .bss.OldTicks.8280
                0x00000000200000e8        0x4 src/ticks.o
 *(COMMON)
 COMMON         0x00000000200000ec        0x4 HAL_Driver/Src/stm32f0xx_hal.o
                0x00000000200000ec                uwTick
 COMMON         0x00000000200000f0     0x2840 src/global.o
                0x00000000200000f0                bProfileRefresh
                0x00000000200000f4                SerialVerifyData
                0x00000000200000fc                SerialBuffer1
                0x0000000020000930                Dummy
                0x0000000020000934                hdma_memtomem_dma1_channel3
                0x0000000020000978                SerialBuffer4
                0x00000000200011ac                AccelTicks
                0x00000000200011b0                hdma_i2c1_tx
                0x00000000200011f4                SysPars
                0x000000002000127c                hi2c1
                0x00000000200012c8                htim15
                0x0000000020001308                hcrc
                0x000000002000132c                hdma_usart4_tx
                0x0000000020001370                htim17
                0x00000000200013b0                SerialUsart1
                0x00000000200013d0                SerialUsart2
                0x00000000200013f0                hcan
                0x0000000020001418                bRVUpdate
                0x000000002000141c                SerialUsart4
                0x000000002000143c                I2C1Control
                0x0000000020001450                htim3
                0x0000000020001490                I2C_Mode
                0x0000000020001494                SerialBuffer2
                0x0000000020001cc8                bConfigUpdateConfig
                0x0000000020001cc9                CDRxBufferOut
                0x0000000020001ccc                FactoryConfiguration
                0x0000000020001cd0                hdma_usart1_tx
                0x0000000020001d14                hdma_usart2_tx
                0x0000000020001d58                SysVars
                0x0000000020001e1c                huart1
                0x0000000020001e8c                Ticks1000ms
                0x0000000020001e8e                bFlashConfigurationValid
                0x0000000020001e90                Ticks1ms
                0x0000000020001e92                bConfigRefresh
                0x0000000020001e94                htim6
                0x0000000020001ed4                htim1
                0x0000000020001f14                DIG_HandleStruct
                0x00000000200020c4                FlashConfiguration
                0x00000000200020c8                hdma_memtomem_dma1_channel1
                0x000000002000210c                EEPROMData
                0x000000002000252c                CDTxBuffer
                0x000000002000262c                huart4
                0x000000002000269c                htim2
                0x00000000200026dc                CDTxBufferOut
                0x00000000200026dd                SendMessageToCD
                0x00000000200026e0                huart2
                0x0000000020002750                SendMessageToPC
                0x0000000020002751                CDRxBufferIn
                0x0000000020002752                bSerialVerify
                0x0000000020002753                bConfigUpdateProfile
                0x0000000020002754                CDTxBufferIn
                0x0000000020002756                Ticks5ms
                0x0000000020002758                bFactoryConfigurationValid
                0x000000002000275c                htim16
                0x000000002000279c                htim7
                0x00000000200027dc                CDRxBuffer
                0x00000000200028dc                Dummy32
                0x00000000200028e0                SysVarsCC
 COMMON         0x0000000020002930        0x4 src/reflash.o
                0x0000000020002930                MaxTimeout
                0x0000000020002934                . = ALIGN (0x4)
                0x0000000020002934                _ebss = .
                0x0000000020002934                __bss_end__ = _ebss

._user_heap_stack
                0x0000000020002934      0x404 load address 0x0000000008009e14
                0x0000000020002938                . = ALIGN (0x8)
 *fill*         0x0000000020002934        0x4 
                [!provide]                        PROVIDE (end = .)
                [!provide]                        PROVIDE (_end = .)
                0x0000000020002938                . = (. + _Min_Heap_Size)
                0x0000000020002d38                . = (. + _Min_Stack_Size)
 *fill*         0x0000000020002938      0x400 
                0x0000000020002d38                . = ALIGN (0x8)

/DISCARD/
 libc.a(*)
 libm.a(*)
 libgcc.a(*)

.ARM.attributes
                0x0000000000000000       0x28
 *(.ARM.attributes)
 .ARM.attributes
                0x0000000000000000       0x1e c:/st/stm32cubeide_1.5.1/stm32cubeide/plugins/com.st.stm32cube.ide.mcu.externaltools.gnu-tools-for-stm32.7-2018-q2-update.win32_1.5.0.202011040924/tools/bin/../lib/gcc/arm-none-eabi/7.3.1/thumb/v6-m/crti.o
 .ARM.attributes
                0x000000000000001e       0x2c c:/st/stm32cubeide_1.5.1/stm32cubeide/plugins/com.st.stm32cube.ide.mcu.externaltools.gnu-tools-for-stm32.7-2018-q2-update.win32_1.5.0.202011040924/tools/bin/../lib/gcc/arm-none-eabi/7.3.1/thumb/v6-m/crtbegin.o
 .ARM.attributes
                0x000000000000004a       0x31 HAL_Driver/Src/stm32f0xx_hal.o
 .ARM.attributes
                0x000000000000007b       0x31 HAL_Driver/Src/stm32f0xx_hal_can.o
 .ARM.attributes
                0x00000000000000ac       0x31 HAL_Driver/Src/stm32f0xx_hal_cortex.o
 .ARM.attributes
                0x00000000000000dd       0x31 HAL_Driver/Src/stm32f0xx_hal_crc.o
 .ARM.attributes
                0x000000000000010e       0x31 HAL_Driver/Src/stm32f0xx_hal_crc_ex.o
 .ARM.attributes
                0x000000000000013f       0x31 HAL_Driver/Src/stm32f0xx_hal_dma.o
 .ARM.attributes
                0x0000000000000170       0x31 HAL_Driver/Src/stm32f0xx_hal_gpio.o
 .ARM.attributes
                0x00000000000001a1       0x31 HAL_Driver/Src/stm32f0xx_hal_i2c.o
 .ARM.attributes
                0x00000000000001d2       0x31 HAL_Driver/Src/stm32f0xx_hal_i2c_ex.o
 .ARM.attributes
                0x0000000000000203       0x31 HAL_Driver/Src/stm32f0xx_hal_rcc.o
 .ARM.attributes
                0x0000000000000234       0x31 HAL_Driver/Src/stm32f0xx_hal_rcc_ex.o
 .ARM.attributes
                0x0000000000000265       0x31 HAL_Driver/Src/stm32f0xx_hal_tim.o
 .ARM.attributes
                0x0000000000000296       0x31 HAL_Driver/Src/stm32f0xx_hal_tim_ex.o
 .ARM.attributes
                0x00000000000002c7       0x31 HAL_Driver/Src/stm32f0xx_hal_uart.o
 .ARM.attributes
                0x00000000000002f8       0x31 src/crc16.o
 .ARM.attributes
                0x0000000000000329       0x31 src/dig.o
 .ARM.attributes
                0x000000000000035a       0x31 src/error_handler.o
 .ARM.attributes
                0x000000000000038b       0x31 src/fpgacomm.o
 .ARM.attributes
                0x00000000000003bc       0x31 src/freqin.o
 .ARM.attributes
                0x00000000000003ed       0x31 src/global.o
 .ARM.attributes
                0x000000000000041e       0x31 src/i2c.o
 .ARM.attributes
                0x000000000000044f       0x31 src/initsystem.o
 .ARM.attributes
                0x0000000000000480       0x31 src/main.o
 .ARM.attributes
                0x00000000000004b1       0x31 src/math64.o
 .ARM.attributes
                0x00000000000004e2       0x31 src/nau7802.o
 .ARM.attributes
                0x0000000000000513       0x31 src/reflash.o
 .ARM.attributes
                0x0000000000000544       0x31 src/reflash_page.o
 .ARM.attributes
                0x0000000000000575       0x31 src/serial.o
 .ARM.attributes
                0x00000000000005a6       0x31 src/stm32f0xx_hal_msp.o
 .ARM.attributes
                0x00000000000005d7       0x31 src/stm32f0xx_it.o
 .ARM.attributes
                0x0000000000000608       0x31 src/subsystems.o
 .ARM.attributes
                0x0000000000000639       0x31 src/system_clock_config.o
 .ARM.attributes
                0x000000000000066a       0x31 src/system_stm32f0xx.o
 .ARM.attributes
                0x000000000000069b       0x31 src/ticks.o
 .ARM.attributes
                0x00000000000006cc       0x21 startup/startup_stm32.o
 .ARM.attributes
                0x00000000000006ed       0x2c c:/st/stm32cubeide_1.5.1/stm32cubeide/plugins/com.st.stm32cube.ide.mcu.externaltools.gnu-tools-for-stm32.7-2018-q2-update.win32_1.5.0.202011040924/tools/bin/../lib/gcc/arm-none-eabi/7.3.1/../../../../arm-none-eabi/lib/thumb/v6-m\libc_nano.a(lib_a-init.o)
 .ARM.attributes
                0x0000000000000719       0x2c c:/st/stm32cubeide_1.5.1/stm32cubeide/plugins/com.st.stm32cube.ide.mcu.externaltools.gnu-tools-for-stm32.7-2018-q2-update.win32_1.5.0.202011040924/tools/bin/../lib/gcc/arm-none-eabi/7.3.1/../../../../arm-none-eabi/lib/thumb/v6-m\libc_nano.a(lib_a-memcmp.o)
 .ARM.attributes
                0x0000000000000745       0x2c c:/st/stm32cubeide_1.5.1/stm32cubeide/plugins/com.st.stm32cube.ide.mcu.externaltools.gnu-tools-for-stm32.7-2018-q2-update.win32_1.5.0.202011040924/tools/bin/../lib/gcc/arm-none-eabi/7.3.1/../../../../arm-none-eabi/lib/thumb/v6-m\libc_nano.a(lib_a-memmove.o)
 .ARM.attributes
                0x0000000000000771       0x2c c:/st/stm32cubeide_1.5.1/stm32cubeide/plugins/com.st.stm32cube.ide.mcu.externaltools.gnu-tools-for-stm32.7-2018-q2-update.win32_1.5.0.202011040924/tools/bin/../lib/gcc/arm-none-eabi/7.3.1/../../../../arm-none-eabi/lib/thumb/v6-m\libc_nano.a(lib_a-memset.o)
 .ARM.attributes
                0x000000000000079d       0x1e c:/st/stm32cubeide_1.5.1/stm32cubeide/plugins/com.st.stm32cube.ide.mcu.externaltools.gnu-tools-for-stm32.7-2018-q2-update.win32_1.5.0.202011040924/tools/bin/../lib/gcc/arm-none-eabi/7.3.1/thumb/v6-m\libgcc.a(_udivsi3.o)
 .ARM.attributes
                0x00000000000007bb       0x1e c:/st/stm32cubeide_1.5.1/stm32cubeide/plugins/com.st.stm32cube.ide.mcu.externaltools.gnu-tools-for-stm32.7-2018-q2-update.win32_1.5.0.202011040924/tools/bin/../lib/gcc/arm-none-eabi/7.3.1/thumb/v6-m\libgcc.a(_divsi3.o)
 .ARM.attributes
                0x00000000000007d9       0x1e c:/st/stm32cubeide_1.5.1/stm32cubeide/plugins/com.st.stm32cube.ide.mcu.externaltools.gnu-tools-for-stm32.7-2018-q2-update.win32_1.5.0.202011040924/tools/bin/../lib/gcc/arm-none-eabi/7.3.1/thumb/v6-m\libgcc.a(_dvmd_tls.o)
 .ARM.attributes
                0x00000000000007f7       0x1e c:/st/stm32cubeide_1.5.1/stm32cubeide/plugins/com.st.stm32cube.ide.mcu.externaltools.gnu-tools-for-stm32.7-2018-q2-update.win32_1.5.0.202011040924/tools/bin/../lib/gcc/arm-none-eabi/7.3.1/thumb/v6-m\libgcc.a(_aeabi_ldivmod.o)
 .ARM.attributes
                0x0000000000000815       0x2c c:/st/stm32cubeide_1.5.1/stm32cubeide/plugins/com.st.stm32cube.ide.mcu.externaltools.gnu-tools-for-stm32.7-2018-q2-update.win32_1.5.0.202011040924/tools/bin/../lib/gcc/arm-none-eabi/7.3.1/thumb/v6-m\libgcc.a(_muldi3.o)
 .ARM.attributes
                0x0000000000000841       0x2c c:/st/stm32cubeide_1.5.1/stm32cubeide/plugins/com.st.stm32cube.ide.mcu.externaltools.gnu-tools-for-stm32.7-2018-q2-update.win32_1.5.0.202011040924/tools/bin/../lib/gcc/arm-none-eabi/7.3.1/thumb/v6-m\libgcc.a(bpabi.o)
 .ARM.attributes
                0x000000000000086d       0x1e c:/st/stm32cubeide_1.5.1/stm32cubeide/plugins/com.st.stm32cube.ide.mcu.externaltools.gnu-tools-for-stm32.7-2018-q2-update.win32_1.5.0.202011040924/tools/bin/../lib/gcc/arm-none-eabi/7.3.1/thumb/v6-m\libgcc.a(_clzdi2.o)
 .ARM.attributes
                0x000000000000088b       0x2c c:/st/stm32cubeide_1.5.1/stm32cubeide/plugins/com.st.stm32cube.ide.mcu.externaltools.gnu-tools-for-stm32.7-2018-q2-update.win32_1.5.0.202011040924/tools/bin/../lib/gcc/arm-none-eabi/7.3.1/thumb/v6-m\libgcc.a(_divdi3.o)
 .ARM.attributes
                0x00000000000008b7       0x1e c:/st/stm32cubeide_1.5.1/stm32cubeide/plugins/com.st.stm32cube.ide.mcu.externaltools.gnu-tools-for-stm32.7-2018-q2-update.win32_1.5.0.202011040924/tools/bin/../lib/gcc/arm-none-eabi/7.3.1/thumb/v6-m\libgcc.a(_clzsi2.o)
 .ARM.attributes
                0x00000000000008d5       0x1e c:/st/stm32cubeide_1.5.1/stm32cubeide/plugins/com.st.stm32cube.ide.mcu.externaltools.gnu-tools-for-stm32.7-2018-q2-update.win32_1.5.0.202011040924/tools/bin/../lib/gcc/arm-none-eabi/7.3.1/thumb/v6-m/crtn.o
OUTPUT(ProgrammerCC_CDRev02.elf elf32-littlearm)

.debug_info     0x0000000000000000    0x52532
 .debug_info    0x0000000000000000     0x276a HAL_Driver/Src/stm32f0xx_hal.o
 .debug_info    0x000000000000276a     0x2cbe HAL_Driver/Src/stm32f0xx_hal_can.o
 .debug_info    0x0000000000005428     0x28b6 HAL_Driver/Src/stm32f0xx_hal_cortex.o
 .debug_info    0x0000000000007cde     0x24f8 HAL_Driver/Src/stm32f0xx_hal_crc.o
 .debug_info    0x000000000000a1d6     0x239a HAL_Driver/Src/stm32f0xx_hal_crc_ex.o
 .debug_info    0x000000000000c570     0x26cd HAL_Driver/Src/stm32f0xx_hal_dma.o
 .debug_info    0x000000000000ec3d     0x2700 HAL_Driver/Src/stm32f0xx_hal_gpio.o
 .debug_info    0x000000000001133d     0x384f HAL_Driver/Src/stm32f0xx_hal_i2c.o
 .debug_info    0x0000000000014b8c     0x2520 HAL_Driver/Src/stm32f0xx_hal_i2c_ex.o
 .debug_info    0x00000000000170ac     0x285c HAL_Driver/Src/stm32f0xx_hal_rcc.o
 .debug_info    0x0000000000019908     0x27ab HAL_Driver/Src/stm32f0xx_hal_rcc_ex.o
 .debug_info    0x000000000001c0b3     0x3f71 HAL_Driver/Src/stm32f0xx_hal_tim.o
 .debug_info    0x0000000000020024     0x2d1d HAL_Driver/Src/stm32f0xx_hal_tim_ex.o
 .debug_info    0x0000000000022d41     0x2f66 HAL_Driver/Src/stm32f0xx_hal_uart.o
 .debug_info    0x0000000000025ca7     0x236d src/crc16.o
 .debug_info    0x0000000000028014     0x283e src/dig.o
 .debug_info    0x000000000002a852     0x2308 src/error_handler.o
 .debug_info    0x000000000002cb5a     0x23f3 src/fpgacomm.o
 .debug_info    0x000000000002ef4d     0x237a src/freqin.o
 .debug_info    0x00000000000312c7     0x25a4 src/global.o
 .debug_info    0x000000000003386b     0x2410 src/i2c.o
 .debug_info    0x0000000000035c7b     0x2313 src/initsystem.o
 .debug_info    0x0000000000037f8e     0x3088 src/main.o
 .debug_info    0x000000000003b016     0x2410 src/math64.o
 .debug_info    0x000000000003d426     0x239c src/nau7802.o
 .debug_info    0x000000000003f7c2     0x277f src/reflash.o
 .debug_info    0x0000000000041f41     0x24f2 src/reflash_page.o
 .debug_info    0x0000000000044433     0x2464 src/serial.o
 .debug_info    0x0000000000046897     0x2493 src/stm32f0xx_hal_msp.o
 .debug_info    0x0000000000048d2a     0x238f src/stm32f0xx_it.o
 .debug_info    0x000000000004b0b9     0x295e src/subsystems.o
 .debug_info    0x000000000004da17     0x25af src/system_clock_config.o
 .debug_info    0x000000000004ffc6      0x242 src/system_stm32f0xx.o
 .debug_info    0x0000000000050208     0x2308 src/ticks.o
 .debug_info    0x0000000000052510       0x22 startup/startup_stm32.o

.debug_abbrev   0x0000000000000000     0x51c2
 .debug_abbrev  0x0000000000000000      0x2ae HAL_Driver/Src/stm32f0xx_hal.o
 .debug_abbrev  0x00000000000002ae      0x29e HAL_Driver/Src/stm32f0xx_hal_can.o
 .debug_abbrev  0x000000000000054c      0x34a HAL_Driver/Src/stm32f0xx_hal_cortex.o
 .debug_abbrev  0x0000000000000896      0x2ab HAL_Driver/Src/stm32f0xx_hal_crc.o
 .debug_abbrev  0x0000000000000b41      0x230 HAL_Driver/Src/stm32f0xx_hal_crc_ex.o
 .debug_abbrev  0x0000000000000d71      0x2ca HAL_Driver/Src/stm32f0xx_hal_dma.o
 .debug_abbrev  0x000000000000103b      0x294 HAL_Driver/Src/stm32f0xx_hal_gpio.o
 .debug_abbrev  0x00000000000012cf      0x2ed HAL_Driver/Src/stm32f0xx_hal_i2c.o
 .debug_abbrev  0x00000000000015bc      0x262 HAL_Driver/Src/stm32f0xx_hal_i2c_ex.o
 .debug_abbrev  0x000000000000181e      0x2c9 HAL_Driver/Src/stm32f0xx_hal_rcc.o
 .debug_abbrev  0x0000000000001ae7      0x29d HAL_Driver/Src/stm32f0xx_hal_rcc_ex.o
 .debug_abbrev  0x0000000000001d84      0x2e4 HAL_Driver/Src/stm32f0xx_hal_tim.o
 .debug_abbrev  0x0000000000002068      0x2c1 HAL_Driver/Src/stm32f0xx_hal_tim_ex.o
 .debug_abbrev  0x0000000000002329      0x2b9 HAL_Driver/Src/stm32f0xx_hal_uart.o
 .debug_abbrev  0x00000000000025e2      0x241 src/crc16.o
 .debug_abbrev  0x0000000000002823      0x294 src/dig.o
 .debug_abbrev  0x0000000000002ab7      0x201 src/error_handler.o
 .debug_abbrev  0x0000000000002cb8      0x21d src/fpgacomm.o
 .debug_abbrev  0x0000000000002ed5      0x22c src/freqin.o
 .debug_abbrev  0x0000000000003101      0x1e7 src/global.o
 .debug_abbrev  0x00000000000032e8      0x226 src/i2c.o
 .debug_abbrev  0x000000000000350e      0x214 src/initsystem.o
 .debug_abbrev  0x0000000000003722      0x2ff src/main.o
 .debug_abbrev  0x0000000000003a21      0x23d src/math64.o
 .debug_abbrev  0x0000000000003c5e      0x20e src/nau7802.o
 .debug_abbrev  0x0000000000003e6c      0x2c5 src/reflash.o
 .debug_abbrev  0x0000000000004131      0x25a src/reflash_page.o
 .debug_abbrev  0x000000000000438b      0x244 src/serial.o
 .debug_abbrev  0x00000000000045cf      0x206 src/stm32f0xx_hal_msp.o
 .debug_abbrev  0x00000000000047d5      0x1fd src/stm32f0xx_it.o
 .debug_abbrev  0x00000000000049d2      0x2be src/subsystems.o
 .debug_abbrev  0x0000000000004c90      0x210 src/system_clock_config.o
 .debug_abbrev  0x0000000000004ea0      0x100 src/system_stm32f0xx.o
 .debug_abbrev  0x0000000000004fa0      0x210 src/ticks.o
 .debug_abbrev  0x00000000000051b0       0x12 startup/startup_stm32.o

.debug_aranges  0x0000000000000000     0x12d8
 .debug_aranges
                0x0000000000000000       0xb8 HAL_Driver/Src/stm32f0xx_hal.o
 .debug_aranges
                0x00000000000000b8      0x138 HAL_Driver/Src/stm32f0xx_hal_can.o
 .debug_aranges
                0x00000000000001f0       0xc0 HAL_Driver/Src/stm32f0xx_hal_cortex.o
 .debug_aranges
                0x00000000000002b0       0x60 HAL_Driver/Src/stm32f0xx_hal_crc.o
 .debug_aranges
                0x0000000000000310       0x38 HAL_Driver/Src/stm32f0xx_hal_crc_ex.o
 .debug_aranges
                0x0000000000000348       0x88 HAL_Driver/Src/stm32f0xx_hal_dma.o
 .debug_aranges
                0x00000000000003d0       0x58 HAL_Driver/Src/stm32f0xx_hal_gpio.o
 .debug_aranges
                0x0000000000000428      0x260 HAL_Driver/Src/stm32f0xx_hal_i2c.o
 .debug_aranges
                0x0000000000000688       0x48 HAL_Driver/Src/stm32f0xx_hal_i2c_ex.o
 .debug_aranges
                0x00000000000006d0       0x80 HAL_Driver/Src/stm32f0xx_hal_rcc.o
 .debug_aranges
                0x0000000000000750       0x78 HAL_Driver/Src/stm32f0xx_hal_rcc_ex.o
 .debug_aranges
                0x00000000000007c8      0x378 HAL_Driver/Src/stm32f0xx_hal_tim.o
 .debug_aranges
                0x0000000000000b40      0x148 HAL_Driver/Src/stm32f0xx_hal_tim_ex.o
 .debug_aranges
                0x0000000000000c88      0x1d0 HAL_Driver/Src/stm32f0xx_hal_uart.o
 .debug_aranges
                0x0000000000000e58       0x28 src/crc16.o
 .debug_aranges
                0x0000000000000e80       0x50 src/dig.o
 .debug_aranges
                0x0000000000000ed0       0x20 src/error_handler.o
 .debug_aranges
                0x0000000000000ef0       0x28 src/fpgacomm.o
 .debug_aranges
                0x0000000000000f18       0x28 src/freqin.o
 .debug_aranges
                0x0000000000000f40       0x18 src/global.o
 .debug_aranges
                0x0000000000000f58       0x58 src/i2c.o
 .debug_aranges
                0x0000000000000fb0       0x20 src/initsystem.o
 .debug_aranges
                0x0000000000000fd0       0x20 src/main.o
 .debug_aranges
                0x0000000000000ff0       0x28 src/math64.o
 .debug_aranges
                0x0000000000001018       0x28 src/nau7802.o
 .debug_aranges
                0x0000000000001040       0x48 src/reflash.o
 .debug_aranges
                0x0000000000001088       0x30 src/reflash_page.o
 .debug_aranges
                0x00000000000010b8       0x40 src/serial.o
 .debug_aranges
                0x00000000000010f8       0x20 src/stm32f0xx_hal_msp.o
 .debug_aranges
                0x0000000000001118       0x80 src/stm32f0xx_it.o
 .debug_aranges
                0x0000000000001198       0xb0 src/subsystems.o
 .debug_aranges
                0x0000000000001248       0x20 src/system_clock_config.o
 .debug_aranges
                0x0000000000001268       0x28 src/system_stm32f0xx.o
 .debug_aranges
                0x0000000000001290       0x20 src/ticks.o
 .debug_aranges
                0x00000000000012b0       0x28 startup/startup_stm32.o

.debug_ranges   0x0000000000000000     0x10a8
 .debug_ranges  0x0000000000000000       0xa8 HAL_Driver/Src/stm32f0xx_hal.o
 .debug_ranges  0x00000000000000a8      0x128 HAL_Driver/Src/stm32f0xx_hal_can.o
 .debug_ranges  0x00000000000001d0       0xb0 HAL_Driver/Src/stm32f0xx_hal_cortex.o
 .debug_ranges  0x0000000000000280       0x50 HAL_Driver/Src/stm32f0xx_hal_crc.o
 .debug_ranges  0x00000000000002d0       0x28 HAL_Driver/Src/stm32f0xx_hal_crc_ex.o
 .debug_ranges  0x00000000000002f8       0x78 HAL_Driver/Src/stm32f0xx_hal_dma.o
 .debug_ranges  0x0000000000000370       0x48 HAL_Driver/Src/stm32f0xx_hal_gpio.o
 .debug_ranges  0x00000000000003b8      0x250 HAL_Driver/Src/stm32f0xx_hal_i2c.o
 .debug_ranges  0x0000000000000608       0x38 HAL_Driver/Src/stm32f0xx_hal_i2c_ex.o
 .debug_ranges  0x0000000000000640       0x70 HAL_Driver/Src/stm32f0xx_hal_rcc.o
 .debug_ranges  0x00000000000006b0       0x68 HAL_Driver/Src/stm32f0xx_hal_rcc_ex.o
 .debug_ranges  0x0000000000000718      0x368 HAL_Driver/Src/stm32f0xx_hal_tim.o
 .debug_ranges  0x0000000000000a80      0x138 HAL_Driver/Src/stm32f0xx_hal_tim_ex.o
 .debug_ranges  0x0000000000000bb8      0x1c0 HAL_Driver/Src/stm32f0xx_hal_uart.o
 .debug_ranges  0x0000000000000d78       0x18 src/crc16.o
 .debug_ranges  0x0000000000000d90       0x40 src/dig.o
 .debug_ranges  0x0000000000000dd0       0x10 src/error_handler.o
 .debug_ranges  0x0000000000000de0       0x18 src/fpgacomm.o
 .debug_ranges  0x0000000000000df8       0x18 src/freqin.o
 .debug_ranges  0x0000000000000e10       0x48 src/i2c.o
 .debug_ranges  0x0000000000000e58       0x10 src/initsystem.o
 .debug_ranges  0x0000000000000e68       0x10 src/main.o
 .debug_ranges  0x0000000000000e78       0x18 src/math64.o
 .debug_ranges  0x0000000000000e90       0x18 src/nau7802.o
 .debug_ranges  0x0000000000000ea8       0x38 src/reflash.o
 .debug_ranges  0x0000000000000ee0       0x20 src/reflash_page.o
 .debug_ranges  0x0000000000000f00       0x30 src/serial.o
 .debug_ranges  0x0000000000000f30       0x10 src/stm32f0xx_hal_msp.o
 .debug_ranges  0x0000000000000f40       0x70 src/stm32f0xx_it.o
 .debug_ranges  0x0000000000000fb0       0xa0 src/subsystems.o
 .debug_ranges  0x0000000000001050       0x10 src/system_clock_config.o
 .debug_ranges  0x0000000000001060       0x18 src/system_stm32f0xx.o
 .debug_ranges  0x0000000000001078       0x10 src/ticks.o
 .debug_ranges  0x0000000000001088       0x20 startup/startup_stm32.o

.debug_macro    0x0000000000000000    0x20a3a
 .debug_macro   0x0000000000000000      0x401 HAL_Driver/Src/stm32f0xx_hal.o
 .debug_macro   0x0000000000000401      0xa36 HAL_Driver/Src/stm32f0xx_hal.o
 .debug_macro   0x0000000000000e37       0x10 HAL_Driver/Src/stm32f0xx_hal.o
 .debug_macro   0x0000000000000e47       0x22 HAL_Driver/Src/stm32f0xx_hal.o
 .debug_macro   0x0000000000000e69       0x40 HAL_Driver/Src/stm32f0xx_hal.o
 .debug_macro   0x0000000000000ea9       0x18 HAL_Driver/Src/stm32f0xx_hal.o
 .debug_macro   0x0000000000000ec1       0x94 HAL_Driver/Src/stm32f0xx_hal.o
 .debug_macro   0x0000000000000f55       0x3c HAL_Driver/Src/stm32f0xx_hal.o
 .debug_macro   0x0000000000000f91       0xef HAL_Driver/Src/stm32f0xx_hal.o
 .debug_macro   0x0000000000001080       0x3a HAL_Driver/Src/stm32f0xx_hal.o
 .debug_macro   0x00000000000010ba       0x57 HAL_Driver/Src/stm32f0xx_hal.o
 .debug_macro   0x0000000000001111       0x6a HAL_Driver/Src/stm32f0xx_hal.o
 .debug_macro   0x000000000000117b      0x1df HAL_Driver/Src/stm32f0xx_hal.o
 .debug_macro   0x000000000000135a       0x82 HAL_Driver/Src/stm32f0xx_hal.o
 .debug_macro   0x00000000000013dc      0x460 HAL_Driver/Src/stm32f0xx_hal.o
 .debug_macro   0x000000000000183c      0x104 HAL_Driver/Src/stm32f0xx_hal.o
 .debug_macro   0x0000000000001940      0x330 HAL_Driver/Src/stm32f0xx_hal.o
 .debug_macro   0x0000000000001c70       0x25 HAL_Driver/Src/stm32f0xx_hal.o
 .debug_macro   0x0000000000001c95      0x118 HAL_Driver/Src/stm32f0xx_hal.o
 .debug_macro   0x0000000000001dad       0x52 HAL_Driver/Src/stm32f0xx_hal.o
 .debug_macro   0x0000000000001dff       0x1f HAL_Driver/Src/stm32f0xx_hal.o
 .debug_macro   0x0000000000001e1e       0x43 HAL_Driver/Src/stm32f0xx_hal.o
 .debug_macro   0x0000000000001e61       0x20 HAL_Driver/Src/stm32f0xx_hal.o
 .debug_macro   0x0000000000001e81      0x1a3 HAL_Driver/Src/stm32f0xx_hal.o
 .debug_macro   0x0000000000002024       0x10 HAL_Driver/Src/stm32f0xx_hal.o
 .debug_macro   0x0000000000002034       0x35 HAL_Driver/Src/stm32f0xx_hal.o
 .debug_macro   0x0000000000002069       0x20 HAL_Driver/Src/stm32f0xx_hal.o
 .debug_macro   0x0000000000002089       0x16 HAL_Driver/Src/stm32f0xx_hal.o
 .debug_macro   0x000000000000209f       0x16 HAL_Driver/Src/stm32f0xx_hal.o
 .debug_macro   0x00000000000020b5       0x29 HAL_Driver/Src/stm32f0xx_hal.o
 .debug_macro   0x00000000000020de       0x58 HAL_Driver/Src/stm32f0xx_hal.o
 .debug_macro   0x0000000000002136       0x2e HAL_Driver/Src/stm32f0xx_hal.o
 .debug_macro   0x0000000000002164       0x22 HAL_Driver/Src/stm32f0xx_hal.o
 .debug_macro   0x0000000000002186       0x3a HAL_Driver/Src/stm32f0xx_hal.o
 .debug_macro   0x00000000000021c0       0x26 HAL_Driver/Src/stm32f0xx_hal.o
 .debug_macro   0x00000000000021e6      0x30d HAL_Driver/Src/stm32f0xx_hal.o
 .debug_macro   0x00000000000024f3     0xfe50 HAL_Driver/Src/stm32f0xx_hal.o
 .debug_macro   0x0000000000012343       0x3c HAL_Driver/Src/stm32f0xx_hal.o
 .debug_macro   0x000000000001237f       0x1c HAL_Driver/Src/stm32f0xx_hal.o
 .debug_macro   0x000000000001239b       0x10 HAL_Driver/Src/stm32f0xx_hal.o
 .debug_macro   0x00000000000123ab       0x1c HAL_Driver/Src/stm32f0xx_hal.o
 .debug_macro   0x00000000000123c7       0x52 HAL_Driver/Src/stm32f0xx_hal.o
 .debug_macro   0x0000000000012419       0x40 HAL_Driver/Src/stm32f0xx_hal.o
 .debug_macro   0x0000000000012459       0x10 HAL_Driver/Src/stm32f0xx_hal.o
 .debug_macro   0x0000000000012469       0x40 HAL_Driver/Src/stm32f0xx_hal.o
 .debug_macro   0x00000000000124a9       0xd7 HAL_Driver/Src/stm32f0xx_hal.o
 .debug_macro   0x0000000000012580       0x1c HAL_Driver/Src/stm32f0xx_hal.o
 .debug_macro   0x000000000001259c       0x3d HAL_Driver/Src/stm32f0xx_hal.o
 .debug_macro   0x00000000000125d9       0x16 HAL_Driver/Src/stm32f0xx_hal.o
 .debug_macro   0x00000000000125ef      0x145 HAL_Driver/Src/stm32f0xx_hal.o
 .debug_macro   0x0000000000012734       0x50 HAL_Driver/Src/stm32f0xx_hal.o
 .debug_macro   0x0000000000012784       0x82 HAL_Driver/Src/stm32f0xx_hal.o
 .debug_macro   0x0000000000012806       0x85 HAL_Driver/Src/stm32f0xx_hal.o
 .debug_macro   0x000000000001288b       0x12 HAL_Driver/Src/stm32f0xx_hal.o
 .debug_macro   0x000000000001289d      0x22c HAL_Driver/Src/stm32f0xx_hal.o
 .debug_macro   0x0000000000012ac9       0x34 HAL_Driver/Src/stm32f0xx_hal.o
 .debug_macro   0x0000000000012afd       0x43 HAL_Driver/Src/stm32f0xx_hal.o
 .debug_macro   0x0000000000012b40      0x408 HAL_Driver/Src/stm32f0xx_hal.o
 .debug_macro   0x0000000000012f48      0x202 HAL_Driver/Src/stm32f0xx_hal.o
 .debug_macro   0x000000000001314a       0x61 HAL_Driver/Src/stm32f0xx_hal.o
 .debug_macro   0x00000000000131ab       0x90 HAL_Driver/Src/stm32f0xx_hal.o
 .debug_macro   0x000000000001323b      0x845 HAL_Driver/Src/stm32f0xx_hal.o
 .debug_macro   0x0000000000013a80       0x4c HAL_Driver/Src/stm32f0xx_hal.o
 .debug_macro   0x0000000000013acc      0x13a HAL_Driver/Src/stm32f0xx_hal.o
 .debug_macro   0x0000000000013c06      0x1a7 HAL_Driver/Src/stm32f0xx_hal.o
 .debug_macro   0x0000000000013dad      0x38a HAL_Driver/Src/stm32f0xx_hal.o
 .debug_macro   0x0000000000014137      0x209 HAL_Driver/Src/stm32f0xx_hal.o
 .debug_macro   0x0000000000014340      0x324 HAL_Driver/Src/stm32f0xx_hal.o
 .debug_macro   0x0000000000014664       0xb6 HAL_Driver/Src/stm32f0xx_hal.o
 .debug_macro   0x000000000001471a      0x957 HAL_Driver/Src/stm32f0xx_hal.o
 .debug_macro   0x0000000000015071      0x5f3 HAL_Driver/Src/stm32f0xx_hal.o
 .debug_macro   0x0000000000015664       0x28 HAL_Driver/Src/stm32f0xx_hal.o
 .debug_macro   0x000000000001568c       0xb6 HAL_Driver/Src/stm32f0xx_hal.o
 .debug_macro   0x0000000000015742      0x217 HAL_Driver/Src/stm32f0xx_hal.o
 .debug_macro   0x0000000000015959       0x87 HAL_Driver/Src/stm32f0xx_hal.o
 .debug_macro   0x00000000000159e0       0x4d HAL_Driver/Src/stm32f0xx_hal.o
 .debug_macro   0x0000000000015a2d      0x16d HAL_Driver/Src/stm32f0xx_hal.o
 .debug_macro   0x0000000000015b9a      0x129 HAL_Driver/Src/stm32f0xx_hal.o
 .debug_macro   0x0000000000015cc3      0x3e5 HAL_Driver/Src/stm32f0xx_hal_can.o
 .debug_macro   0x00000000000160a8      0x3dd HAL_Driver/Src/stm32f0xx_hal_cortex.o
 .debug_macro   0x0000000000016485      0x3dd HAL_Driver/Src/stm32f0xx_hal_crc.o
 .debug_macro   0x0000000000016862      0x3dd HAL_Driver/Src/stm32f0xx_hal_crc_ex.o
 .debug_macro   0x0000000000016c3f      0x3dd HAL_Driver/Src/stm32f0xx_hal_dma.o
 .debug_macro   0x000000000001701c      0x415 HAL_Driver/Src/stm32f0xx_hal_gpio.o
 .debug_macro   0x0000000000017431      0x4a9 HAL_Driver/Src/stm32f0xx_hal_i2c.o
 .debug_macro   0x00000000000178da      0x3dd HAL_Driver/Src/stm32f0xx_hal_i2c_ex.o
 .debug_macro   0x0000000000017cb7      0x3ef HAL_Driver/Src/stm32f0xx_hal_rcc.o
 .debug_macro   0x00000000000180a6      0x3ef HAL_Driver/Src/stm32f0xx_hal_rcc_ex.o
 .debug_macro   0x0000000000018495      0x3dd HAL_Driver/Src/stm32f0xx_hal_tim.o
 .debug_macro   0x0000000000018872      0x3dd HAL_Driver/Src/stm32f0xx_hal_tim_ex.o
 .debug_macro   0x0000000000018c4f      0x3e5 HAL_Driver/Src/stm32f0xx_hal_uart.o
 .debug_macro   0x0000000000019034      0x3e4 src/crc16.o
 .debug_macro   0x0000000000019418      0x951 src/crc16.o
 .debug_macro   0x0000000000019d69       0x88 src/crc16.o
 .debug_macro   0x0000000000019df1      0x3e4 src/dig.o
 .debug_macro   0x000000000001a1d5      0x3f7 src/error_handler.o
 .debug_macro   0x000000000001a5cc      0x1e1 src/error_handler.o
 .debug_macro   0x000000000001a7ad      0x3e4 src/fpgacomm.o
 .debug_macro   0x000000000001ab91      0x3e4 src/freqin.o
 .debug_macro   0x000000000001af75      0x3e4 src/global.o
 .debug_macro   0x000000000001b359      0x3e4 src/i2c.o
 .debug_macro   0x000000000001b73d      0x3e4 src/initsystem.o
 .debug_macro   0x000000000001bb21      0x472 src/main.o
 .debug_macro   0x000000000001bf93      0xb0e src/main.o
 .debug_macro   0x000000000001caa1       0x3a src/main.o
 .debug_macro   0x000000000001cadb       0x1c src/main.o
 .debug_macro   0x000000000001caf7      0x10b src/main.o
 .debug_macro   0x000000000001cc02      0x353 src/main.o
 .debug_macro   0x000000000001cf55       0xee src/main.o
 .debug_macro   0x000000000001d043       0x43 src/main.o
 .debug_macro   0x000000000001d086       0x35 src/main.o
 .debug_macro   0x000000000001d0bb      0x168 src/main.o
 .debug_macro   0x000000000001d223       0x10 src/main.o
 .debug_macro   0x000000000001d233      0x3ed src/main.o
 .debug_macro   0x000000000001d620       0x10 src/main.o
 .debug_macro   0x000000000001d630       0x1c src/main.o
 .debug_macro   0x000000000001d64c       0xde src/main.o
 .debug_macro   0x000000000001d72a      0x30d src/main.o
 .debug_macro   0x000000000001da37      0x137 src/main.o
 .debug_macro   0x000000000001db6e       0x18 src/main.o
 .debug_macro   0x000000000001db86      0x1da src/main.o
 .debug_macro   0x000000000001dd60      0x3cd src/main.o
 .debug_macro   0x000000000001e12d      0x3f7 src/math64.o
 .debug_macro   0x000000000001e524      0x3e4 src/nau7802.o
 .debug_macro   0x000000000001e908      0x3ea src/reflash.o
 .debug_macro   0x000000000001ecf2      0x3f6 src/reflash_page.o
 .debug_macro   0x000000000001f0e8      0x3e4 src/serial.o
 .debug_macro   0x000000000001f4cc      0x3dd src/stm32f0xx_hal_msp.o
 .debug_macro   0x000000000001f8a9      0x3ee src/stm32f0xx_it.o
 .debug_macro   0x000000000001fc97      0x3e4 src/subsystems.o
 .debug_macro   0x000000000002007b      0x3f7 src/system_clock_config.o
 .debug_macro   0x0000000000020472       0xd1 src/system_stm32f0xx.o
 .debug_macro   0x0000000000020543       0x8e src/system_stm32f0xx.o
 .debug_macro   0x00000000000205d1       0x51 src/system_stm32f0xx.o
 .debug_macro   0x0000000000020622       0x34 src/system_stm32f0xx.o
 .debug_macro   0x0000000000020656      0x3e4 src/ticks.o

.debug_line     0x0000000000000000    0x1b66c
 .debug_line    0x0000000000000000      0xbf2 HAL_Driver/Src/stm32f0xx_hal.o
 .debug_line    0x0000000000000bf2      0xf13 HAL_Driver/Src/stm32f0xx_hal_can.o
 .debug_line    0x0000000000001b05      0xc44 HAL_Driver/Src/stm32f0xx_hal_cortex.o
 .debug_line    0x0000000000002749      0xbe1 HAL_Driver/Src/stm32f0xx_hal_crc.o
 .debug_line    0x000000000000332a      0xafb HAL_Driver/Src/stm32f0xx_hal_crc_ex.o
 .debug_line    0x0000000000003e25      0xc8e HAL_Driver/Src/stm32f0xx_hal_dma.o
 .debug_line    0x0000000000004ab3      0xc0d HAL_Driver/Src/stm32f0xx_hal_gpio.o
 .debug_line    0x00000000000056c0     0x1b2d HAL_Driver/Src/stm32f0xx_hal_i2c.o
 .debug_line    0x00000000000071ed      0xbc3 HAL_Driver/Src/stm32f0xx_hal_i2c_ex.o
 .debug_line    0x0000000000007db0      0xd05 HAL_Driver/Src/stm32f0xx_hal_rcc.o
 .debug_line    0x0000000000008ab5      0xccd HAL_Driver/Src/stm32f0xx_hal_rcc_ex.o
 .debug_line    0x0000000000009782     0x1d51 HAL_Driver/Src/stm32f0xx_hal_tim.o
 .debug_line    0x000000000000b4d3     0x10da HAL_Driver/Src/stm32f0xx_hal_tim_ex.o
 .debug_line    0x000000000000c5ad     0x13bd HAL_Driver/Src/stm32f0xx_hal_uart.o
 .debug_line    0x000000000000d96a      0xa9a src/crc16.o
 .debug_line    0x000000000000e404      0xbfc src/dig.o
 .debug_line    0x000000000000f000      0xa92 src/error_handler.o
 .debug_line    0x000000000000fa92      0xbb3 src/fpgacomm.o
 .debug_line    0x0000000000010645      0xad9 src/freqin.o
 .debug_line    0x000000000001111e      0xa63 src/global.o
 .debug_line    0x0000000000011b81      0xaee src/i2c.o
 .debug_line    0x000000000001266f      0xaae src/initsystem.o
 .debug_line    0x000000000001311d      0xe7e src/main.o
 .debug_line    0x0000000000013f9b      0xad8 src/math64.o
 .debug_line    0x0000000000014a73      0xaec src/nau7802.o
 .debug_line    0x000000000001555f      0xbad src/reflash.o
 .debug_line    0x000000000001610c      0xaf3 src/reflash_page.o
 .debug_line    0x0000000000016bff      0xcac src/serial.o
 .debug_line    0x00000000000178ab      0xa82 src/stm32f0xx_hal_msp.o
 .debug_line    0x000000000001832d      0xb67 src/stm32f0xx_it.o
 .debug_line    0x0000000000018e94      0xd59 src/subsystems.o
 .debug_line    0x0000000000019bed      0xaa4 src/system_clock_config.o
 .debug_line    0x000000000001a691      0x4ce src/system_stm32f0xx.o
 .debug_line    0x000000000001ab5f      0xa94 src/ticks.o
 .debug_line    0x000000000001b5f3       0x79 startup/startup_stm32.o

.debug_str      0x0000000000000000    0x87119
 .debug_str     0x0000000000000000    0x7fe34 HAL_Driver/Src/stm32f0xx_hal.o
                                      0x80697 (size before relaxing)
 .debug_str     0x000000000007fe34      0x57e HAL_Driver/Src/stm32f0xx_hal_can.o
                                      0x806c1 (size before relaxing)
 .debug_str     0x00000000000803b2      0x1d2 HAL_Driver/Src/stm32f0xx_hal_cortex.o
                                      0x80575 (size before relaxing)
 .debug_str     0x0000000000080584       0xd0 HAL_Driver/Src/stm32f0xx_hal_crc.o
                                      0x801dc (size before relaxing)
 .debug_str     0x0000000000080654       0x7f HAL_Driver/Src/stm32f0xx_hal_crc_ex.o
                                      0x801c1 (size before relaxing)
 .debug_str     0x00000000000806d3      0x236 HAL_Driver/Src/stm32f0xx_hal_dma.o
                                      0x8036b (size before relaxing)
 .debug_str     0x0000000000080909      0x237 HAL_Driver/Src/stm32f0xx_hal_gpio.o
                                      0x803c6 (size before relaxing)
 .debug_str     0x0000000000080b40      0xd5b HAL_Driver/Src/stm32f0xx_hal_i2c.o
                                      0x80ea1 (size before relaxing)
 .debug_str     0x000000000008189b       0xe1 HAL_Driver/Src/stm32f0xx_hal_i2c_ex.o
                                      0x80282 (size before relaxing)
 .debug_str     0x000000000008197c      0x333 HAL_Driver/Src/stm32f0xx_hal_rcc.o
                                      0x8050e (size before relaxing)
 .debug_str     0x0000000000081caf      0x385 HAL_Driver/Src/stm32f0xx_hal_rcc_ex.o
                                      0x80557 (size before relaxing)
 .debug_str     0x0000000000082034      0xd3c HAL_Driver/Src/stm32f0xx_hal_tim.o
                                      0x80e97 (size before relaxing)
 .debug_str     0x0000000000082d70      0x531 HAL_Driver/Src/stm32f0xx_hal_tim_ex.o
                                      0x807ac (size before relaxing)
 .debug_str     0x00000000000832a1      0x636 HAL_Driver/Src/stm32f0xx_hal_uart.o
                                      0x80802 (size before relaxing)
 .debug_str     0x00000000000838d7       0x3d src/crc16.o
                                      0x80149 (size before relaxing)
 .debug_str     0x0000000000083914       0xa9 src/dig.o
                                      0x80489 (size before relaxing)
 .debug_str     0x00000000000839bd      0x892 src/error_handler.o
                                      0x809fb (size before relaxing)
 .debug_str     0x000000000008424f       0xa1 src/fpgacomm.o
                                      0x801d0 (size before relaxing)
 .debug_str     0x00000000000842f0       0x6b src/freqin.o
                                      0x80192 (size before relaxing)
 .debug_str     0x000000000008435b       0x23 src/global.o
                                      0x8012a (size before relaxing)
 .debug_str     0x000000000008437e       0x49 src/i2c.o
                                      0x801c9 (size before relaxing)
 .debug_str     0x00000000000843c7       0x4d src/initsystem.o
                                      0x80154 (size before relaxing)
 .debug_str     0x0000000000084414     0x2782 src/main.o
                                      0x82eea (size before relaxing)
 .debug_str     0x0000000000086b96       0x6a src/math64.o
                                      0x80a93 (size before relaxing)
 .debug_str     0x0000000000086c00       0x83 src/nau7802.o
                                      0x801b4 (size before relaxing)
 .debug_str     0x0000000000086c83      0x102 src/reflash.o
                                      0x802db (size before relaxing)
 .debug_str     0x0000000000086d85       0x42 src/reflash_page.o
                                      0x80242 (size before relaxing)
 .debug_str     0x0000000000086dc7       0x8c src/serial.o
                                      0x80202 (size before relaxing)
 .debug_str     0x0000000000086e53       0x1b src/stm32f0xx_hal_msp.o
                                      0x8036b (size before relaxing)
 .debug_str     0x0000000000086e6e       0xcc src/stm32f0xx_it.o
                                      0x80221 (size before relaxing)
 .debug_str     0x0000000000086f3a       0xfe src/subsystems.o
                                      0x80594 (size before relaxing)
 .debug_str     0x0000000000087038       0x30 src/system_clock_config.o
                                      0x80dbd (size before relaxing)
 .debug_str     0x0000000000087068       0x3b src/system_stm32f0xx.o
                                      0x58fa9 (size before relaxing)
 .debug_str     0x00000000000870a3       0x4d src/ticks.o
                                      0x80154 (size before relaxing)
 .debug_str     0x00000000000870f0       0x29 startup/startup_stm32.o
                                         0x72 (size before relaxing)

.comment        0x0000000000000000       0x7b
 .comment       0x0000000000000000       0x7b HAL_Driver/Src/stm32f0xx_hal.o
                                         0x7c (size before relaxing)
 .comment       0x000000000000007b       0x7c HAL_Driver/Src/stm32f0xx_hal_can.o
 .comment       0x000000000000007b       0x7c HAL_Driver/Src/stm32f0xx_hal_cortex.o
 .comment       0x000000000000007b       0x7c HAL_Driver/Src/stm32f0xx_hal_crc.o
 .comment       0x000000000000007b       0x7c HAL_Driver/Src/stm32f0xx_hal_crc_ex.o
 .comment       0x000000000000007b       0x7c HAL_Driver/Src/stm32f0xx_hal_dma.o
 .comment       0x000000000000007b       0x7c HAL_Driver/Src/stm32f0xx_hal_gpio.o
 .comment       0x000000000000007b       0x7c HAL_Driver/Src/stm32f0xx_hal_i2c.o
 .comment       0x000000000000007b       0x7c HAL_Driver/Src/stm32f0xx_hal_i2c_ex.o
 .comment       0x000000000000007b       0x7c HAL_Driver/Src/stm32f0xx_hal_rcc.o
 .comment       0x000000000000007b       0x7c HAL_Driver/Src/stm32f0xx_hal_rcc_ex.o
 .comment       0x000000000000007b       0x7c HAL_Driver/Src/stm32f0xx_hal_tim.o
 .comment       0x000000000000007b       0x7c HAL_Driver/Src/stm32f0xx_hal_tim_ex.o
 .comment       0x000000000000007b       0x7c HAL_Driver/Src/stm32f0xx_hal_uart.o
 .comment       0x000000000000007b       0x7c src/crc16.o
 .comment       0x000000000000007b       0x7c src/dig.o
 .comment       0x000000000000007b       0x7c src/error_handler.o
 .comment       0x000000000000007b       0x7c src/fpgacomm.o
 .comment       0x000000000000007b       0x7c src/freqin.o
 .comment       0x000000000000007b       0x7c src/global.o
 .comment       0x000000000000007b       0x7c src/i2c.o
 .comment       0x000000000000007b       0x7c src/initsystem.o
 .comment       0x000000000000007b       0x7c src/main.o
 .comment       0x000000000000007b       0x7c src/math64.o
 .comment       0x000000000000007b       0x7c src/nau7802.o
 .comment       0x000000000000007b       0x7c src/reflash.o
 .comment       0x000000000000007b       0x7c src/reflash_page.o
 .comment       0x000000000000007b       0x7c src/serial.o
 .comment       0x000000000000007b       0x7c src/stm32f0xx_hal_msp.o
 .comment       0x000000000000007b       0x7c src/stm32f0xx_it.o
 .comment       0x000000000000007b       0x7c src/subsystems.o
 .comment       0x000000000000007b       0x7c src/system_clock_config.o
 .comment       0x000000000000007b       0x7c src/system_stm32f0xx.o
 .comment       0x000000000000007b       0x7c src/ticks.o

.debug_frame    0x0000000000000000     0x40d8
 .debug_frame   0x0000000000000000      0x248 HAL_Driver/Src/stm32f0xx_hal.o
 .debug_frame   0x0000000000000248      0x490 HAL_Driver/Src/stm32f0xx_hal_can.o
 .debug_frame   0x00000000000006d8      0x2a0 HAL_Driver/Src/stm32f0xx_hal_cortex.o
 .debug_frame   0x0000000000000978      0x130 HAL_Driver/Src/stm32f0xx_hal_crc.o
 .debug_frame   0x0000000000000aa8       0x90 HAL_Driver/Src/stm32f0xx_hal_crc_ex.o
 .debug_frame   0x0000000000000b38      0x1d0 HAL_Driver/Src/stm32f0xx_hal_dma.o
 .debug_frame   0x0000000000000d08      0x110 HAL_Driver/Src/stm32f0xx_hal_gpio.o
 .debug_frame   0x0000000000000e18      0x938 HAL_Driver/Src/stm32f0xx_hal_i2c.o
 .debug_frame   0x0000000000001750       0xd0 HAL_Driver/Src/stm32f0xx_hal_i2c_ex.o
 .debug_frame   0x0000000000001820      0x194 HAL_Driver/Src/stm32f0xx_hal_rcc.o
 .debug_frame   0x00000000000019b4      0x180 HAL_Driver/Src/stm32f0xx_hal_rcc_ex.o
 .debug_frame   0x0000000000001b34      0xd94 HAL_Driver/Src/stm32f0xx_hal_tim.o
 .debug_frame   0x00000000000028c8      0x4d0 HAL_Driver/Src/stm32f0xx_hal_tim_ex.o
 .debug_frame   0x0000000000002d98      0x6f0 HAL_Driver/Src/stm32f0xx_hal_uart.o
 .debug_frame   0x0000000000003488       0x50 src/crc16.o
 .debug_frame   0x00000000000034d8       0xf8 src/dig.o
 .debug_frame   0x00000000000035d0       0x2c src/error_handler.o
 .debug_frame   0x00000000000035fc       0x4c src/fpgacomm.o
 .debug_frame   0x0000000000003648       0x54 src/freqin.o
 .debug_frame   0x000000000000369c      0x108 src/i2c.o
 .debug_frame   0x00000000000037a4       0x30 src/initsystem.o
 .debug_frame   0x00000000000037d4       0x30 src/main.o
 .debug_frame   0x0000000000003804       0x58 src/math64.o
 .debug_frame   0x000000000000385c       0x50 src/nau7802.o
 .debug_frame   0x00000000000038ac       0xd8 src/reflash.o
 .debug_frame   0x0000000000003984       0x6c src/reflash_page.o
 .debug_frame   0x00000000000039f0       0xb4 src/serial.o
 .debug_frame   0x0000000000003aa4       0x30 src/stm32f0xx_hal_msp.o
 .debug_frame   0x0000000000003ad4      0x17c src/stm32f0xx_it.o
 .debug_frame   0x0000000000003c50      0x258 src/subsystems.o
 .debug_frame   0x0000000000003ea8       0x30 src/system_clock_config.o
 .debug_frame   0x0000000000003ed8       0x4c src/system_stm32f0xx.o
 .debug_frame   0x0000000000003f24       0x34 src/ticks.o
 .debug_frame   0x0000000000003f58       0x2c c:/st/stm32cubeide_1.5.1/stm32cubeide/plugins/com.st.stm32cube.ide.mcu.externaltools.gnu-tools-for-stm32.7-2018-q2-update.win32_1.5.0.202011040924/tools/bin/../lib/gcc/arm-none-eabi/7.3.1/../../../../arm-none-eabi/lib/thumb/v6-m\libc_nano.a(lib_a-init.o)
 .debug_frame   0x0000000000003f84       0x2c c:/st/stm32cubeide_1.5.1/stm32cubeide/plugins/com.st.stm32cube.ide.mcu.externaltools.gnu-tools-for-stm32.7-2018-q2-update.win32_1.5.0.202011040924/tools/bin/../lib/gcc/arm-none-eabi/7.3.1/../../../../arm-none-eabi/lib/thumb/v6-m\libc_nano.a(lib_a-memcmp.o)
 .debug_frame   0x0000000000003fb0       0x28 c:/st/stm32cubeide_1.5.1/stm32cubeide/plugins/com.st.stm32cube.ide.mcu.externaltools.gnu-tools-for-stm32.7-2018-q2-update.win32_1.5.0.202011040924/tools/bin/../lib/gcc/arm-none-eabi/7.3.1/../../../../arm-none-eabi/lib/thumb/v6-m\libc_nano.a(lib_a-memmove.o)
 .debug_frame   0x0000000000003fd8       0x20 c:/st/stm32cubeide_1.5.1/stm32cubeide/plugins/com.st.stm32cube.ide.mcu.externaltools.gnu-tools-for-stm32.7-2018-q2-update.win32_1.5.0.202011040924/tools/bin/../lib/gcc/arm-none-eabi/7.3.1/../../../../arm-none-eabi/lib/thumb/v6-m\libc_nano.a(lib_a-memset.o)
 .debug_frame   0x0000000000003ff8       0x20 c:/st/stm32cubeide_1.5.1/stm32cubeide/plugins/com.st.stm32cube.ide.mcu.externaltools.gnu-tools-for-stm32.7-2018-q2-update.win32_1.5.0.202011040924/tools/bin/../lib/gcc/arm-none-eabi/7.3.1/thumb/v6-m\libgcc.a(_udivsi3.o)
 .debug_frame   0x0000000000004018       0x20 c:/st/stm32cubeide_1.5.1/stm32cubeide/plugins/com.st.stm32cube.ide.mcu.externaltools.gnu-tools-for-stm32.7-2018-q2-update.win32_1.5.0.202011040924/tools/bin/../lib/gcc/arm-none-eabi/7.3.1/thumb/v6-m\libgcc.a(_divsi3.o)
 .debug_frame   0x0000000000004038       0x34 c:/st/stm32cubeide_1.5.1/stm32cubeide/plugins/com.st.stm32cube.ide.mcu.externaltools.gnu-tools-for-stm32.7-2018-q2-update.win32_1.5.0.202011040924/tools/bin/../lib/gcc/arm-none-eabi/7.3.1/thumb/v6-m\libgcc.a(_muldi3.o)